Archive member included to satisfy reference by file (symbol)

d:/stm32cubemx/gcc-arm-none-eabi-10.3-2021.10-win32/gcc-arm-none-eabi-10.3-2021.10/bin/../lib/gcc/arm-none-eabi/10.3.1/thumb/v7e-m/nofp\libgcc.a(_arm_muldf3.o)
                              CMakeFiles/M2006_Motor_Control.elf.dir/Core/Src/m2006_motor.c.obj (__aeabi_dmul)
d:/stm32cubemx/gcc-arm-none-eabi-10.3-2021.10-win32/gcc-arm-none-eabi-10.3-2021.10/bin/../lib/gcc/arm-none-eabi/10.3.1/thumb/v7e-m/nofp\libgcc.a(_arm_mulsf3.o)
                              CMakeFiles/M2006_Motor_Control.elf.dir/Core/Src/m2006_motor.c.obj (__aeabi_fmul)
d:/stm32cubemx/gcc-arm-none-eabi-10.3-2021.10-win32/gcc-arm-none-eabi-10.3-2021.10/bin/../lib/gcc/arm-none-eabi/10.3.1/thumb/v7e-m/nofp\libgcc.a(_arm_addsubdf3.o)
                              CMakeFiles/M2006_Motor_Control.elf.dir/Core/Src/m2006_motor.c.obj (__aeabi_f2d)
d:/stm32cubemx/gcc-arm-none-eabi-10.3-2021.10-win32/gcc-arm-none-eabi-10.3-2021.10/bin/../lib/gcc/arm-none-eabi/10.3.1/thumb/v7e-m/nofp\libgcc.a(_arm_muldivdf3.o)
                              CMakeFiles/M2006_Motor_Control.elf.dir/Core/Src/m2006_motor.c.obj (__aeabi_ddiv)
d:/stm32cubemx/gcc-arm-none-eabi-10.3-2021.10-win32/gcc-arm-none-eabi-10.3-2021.10/bin/../lib/gcc/arm-none-eabi/10.3.1/thumb/v7e-m/nofp\libgcc.a(_arm_truncdfsf2.o)
                              CMakeFiles/M2006_Motor_Control.elf.dir/Core/Src/m2006_motor.c.obj (__aeabi_d2f)
d:/stm32cubemx/gcc-arm-none-eabi-10.3-2021.10-win32/gcc-arm-none-eabi-10.3-2021.10/bin/../lib/gcc/arm-none-eabi/10.3.1/thumb/v7e-m/nofp\libgcc.a(_arm_addsubsf3.o)
                              CMakeFiles/M2006_Motor_Control.elf.dir/Core/Src/m2006_motor.c.obj (__aeabi_fsub)
d:/stm32cubemx/gcc-arm-none-eabi-10.3-2021.10-win32/gcc-arm-none-eabi-10.3-2021.10/bin/../lib/gcc/arm-none-eabi/10.3.1/thumb/v7e-m/nofp\libgcc.a(_arm_muldivsf3.o)
                              CMakeFiles/M2006_Motor_Control.elf.dir/Core/Src/m2006_motor.c.obj (__aeabi_fdiv)
d:/stm32cubemx/gcc-arm-none-eabi-10.3-2021.10-win32/gcc-arm-none-eabi-10.3-2021.10/bin/../lib/gcc/arm-none-eabi/10.3.1/thumb/v7e-m/nofp\libgcc.a(_arm_cmpsf2.o)
                              CMakeFiles/M2006_Motor_Control.elf.dir/Core/Src/m2006_motor.c.obj (__aeabi_fcmplt)
d:/stm32cubemx/gcc-arm-none-eabi-10.3-2021.10-win32/gcc-arm-none-eabi-10.3-2021.10/bin/../lib/gcc/arm-none-eabi/10.3.1/thumb/v7e-m/nofp\libgcc.a(_arm_fixsfsi.o)
                              CMakeFiles/M2006_Motor_Control.elf.dir/Core/Src/m2006_motor.c.obj (__aeabi_f2iz)
d:/stm32cubemx/gcc-arm-none-eabi-10.3-2021.10-win32/gcc-arm-none-eabi-10.3-2021.10/bin/../lib/gcc/arm-none-eabi/10.3.1/thumb/v7e-m/nofp\libgcc.a(_arm_fixunssfsi.o)
                              CMakeFiles/M2006_Motor_Control.elf.dir/Core/Src/vofa_protocol.c.obj (__aeabi_f2uiz)
d:/stm32cubemx/gcc-arm-none-eabi-10.3-2021.10-win32/gcc-arm-none-eabi-10.3-2021.10/bin/../lib/gcc/arm-none-eabi/10.3.1/thumb/v7e-m/nofp\libgcc.a(_aeabi_uldivmod.o)
                              CMakeFiles/M2006_Motor_Control.elf.dir/Drivers/STM32G4xx_HAL_Driver/Src/stm32g4xx_hal_uart.c.obj (__aeabi_uldivmod)
d:/stm32cubemx/gcc-arm-none-eabi-10.3-2021.10-win32/gcc-arm-none-eabi-10.3-2021.10/bin/../lib/gcc/arm-none-eabi/10.3.1/thumb/v7e-m/nofp\libgcc.a(_udivmoddi4.o)
                              d:/stm32cubemx/gcc-arm-none-eabi-10.3-2021.10-win32/gcc-arm-none-eabi-10.3-2021.10/bin/../lib/gcc/arm-none-eabi/10.3.1/thumb/v7e-m/nofp\libgcc.a(_aeabi_uldivmod.o) (__udivmoddi4)
d:/stm32cubemx/gcc-arm-none-eabi-10.3-2021.10-win32/gcc-arm-none-eabi-10.3-2021.10/bin/../lib/gcc/arm-none-eabi/10.3.1/thumb/v7e-m/nofp\libgcc.a(_dvmd_tls.o)
                              d:/stm32cubemx/gcc-arm-none-eabi-10.3-2021.10-win32/gcc-arm-none-eabi-10.3-2021.10/bin/../lib/gcc/arm-none-eabi/10.3.1/thumb/v7e-m/nofp\libgcc.a(_aeabi_uldivmod.o) (__aeabi_ldiv0)
d:/stm32cubemx/gcc-arm-none-eabi-10.3-2021.10-win32/gcc-arm-none-eabi-10.3-2021.10/bin/../lib/gcc/arm-none-eabi/10.3.1/../../../../arm-none-eabi/lib/thumb/v7e-m/nofp\libg.a(lib_a-errno.o)
                              CMakeFiles/M2006_Motor_Control.elf.dir/Core/Src/syscalls.c.obj (__errno)
d:/stm32cubemx/gcc-arm-none-eabi-10.3-2021.10-win32/gcc-arm-none-eabi-10.3-2021.10/bin/../lib/gcc/arm-none-eabi/10.3.1/../../../../arm-none-eabi/lib/thumb/v7e-m/nofp\libg.a(lib_a-exit.o)
                              d:/stm32cubemx/gcc-arm-none-eabi-10.3-2021.10-win32/gcc-arm-none-eabi-10.3-2021.10/bin/../lib/gcc/arm-none-eabi/10.3.1/../../../../arm-none-eabi/lib/thumb/v7e-m/nofp/crt0.o (exit)
d:/stm32cubemx/gcc-arm-none-eabi-10.3-2021.10-win32/gcc-arm-none-eabi-10.3-2021.10/bin/../lib/gcc/arm-none-eabi/10.3.1/../../../../arm-none-eabi/lib/thumb/v7e-m/nofp\libg.a(lib_a-impure.o)
                              d:/stm32cubemx/gcc-arm-none-eabi-10.3-2021.10-win32/gcc-arm-none-eabi-10.3-2021.10/bin/../lib/gcc/arm-none-eabi/10.3.1/../../../../arm-none-eabi/lib/thumb/v7e-m/nofp\libg.a(lib_a-exit.o) (_global_impure_ptr)
[...]
Memory Configuration

Name             Origin             Length             Attributes
RAM              0x20000000         0x00020000         xrw
FLASH            0x08000000         0x00080000         xr
*default*        0x00000000         0xffffffff

Linker script and memory map

LOAD d:/stm32cubemx/gcc-arm-none-eabi-10.3-2021.10-win32/gcc-arm-none-eabi-10.3-2021.10/bin/../lib/gcc/arm-none-eabi/10.3.1/thumb/v7e-m/nofp/crti.o
LOAD d:/stm32cubemx/gcc-arm-none-eabi-10.3-2021.10-win32/gcc-arm-none-eabi-10.3-2021.10/bin/../lib/gcc/arm-none-eabi/10.3.1/thumb/v7e-m/nofp/crtbegin.o
LOAD d:/stm32cubemx/gcc-arm-none-eabi-10.3-2021.10-win32/gcc-arm-none-eabi-10.3-2021.10/bin/../lib/gcc/arm-none-eabi/10.3.1/../../../../arm-none-eabi/lib/thumb/v7e-m/nofp/crt0.o
LOAD CMakeFiles/M2006_Motor_Control.elf.dir/Core/Src/can_communication.c.obj
LOAD CMakeFiles/M2006_Motor_Control.elf.dir/Core/Src/m2006_motor.c.obj
LOAD CMakeFiles/M2006_Motor_Control.elf.dir/Core/Src/main.c.obj
LOAD CMakeFiles/M2006_Motor_Control.elf.dir/Core/Src/motor_control.c.obj
LOAD CMakeFiles/M2006_Motor_Control.elf.dir/Core/Src/pid_controller.c.obj
LOAD CMakeFiles/M2006_Motor_Control.elf.dir/Core/Src/stm32g4xx_hal_msp.c.obj
LOAD CMakeFiles/M2006_Motor_Control.elf.dir/Core/Src/stm32g4xx_hal_timebase_tim.c.obj
LOAD CMakeFiles/M2006_Motor_Control.elf.dir/Core/Src/stm32g4xx_it.c.obj
LOAD CMakeFiles/M2006_Motor_Control.elf.dir/Core/Src/syscalls.c.obj
LOAD CMakeFiles/M2006_Motor_Control.elf.dir/Core/Src/sysmem.c.obj
LOAD CMakeFiles/M2006_Motor_Control.elf.dir/Core/Src/system_stm32g4xx.c.obj
LOAD CMakeFiles/M2006_Motor_Control.elf.dir/Core/Src/vofa_protocol.c.obj
LOAD CMakeFiles/M2006_Motor_Control.elf.dir/Core/Startup/startup_stm32g474vetx.s.obj
LOAD CMakeFiles/M2006_Motor_Control.elf.dir/Drivers/STM32G4xx_HAL_Driver/Src/stm32g4xx_hal.c.obj
LOAD CMakeFiles/M2006_Motor_Control.elf.dir/Drivers/STM32G4xx_HAL_Driver/Src/stm32g4xx_hal_cortex.c.obj
LOAD CMakeFiles/M2006_Motor_Control.elf.dir/Drivers/STM32G4xx_HAL_Driver/Src/stm32g4xx_hal_dma.c.obj
LOAD CMakeFiles/M2006_Motor_Control.elf.dir/Drivers/STM32G4xx_HAL_Driver/Src/stm32g4xx_hal_dma_ex.c.obj
LOAD CMakeFiles/M2006_Motor_Control.elf.dir/Drivers/STM32G4xx_HAL_Driver/Src/stm32g4xx_hal_exti.c.obj
LOAD CMakeFiles/M2006_Motor_Control.elf.dir/Drivers/STM32G4xx_HAL_Driver/Src/stm32g4xx_hal_fdcan.c.obj
LOAD CMakeFiles/M2006_Motor_Control.elf.dir/Drivers/STM32G4xx_HAL_Driver/Src/stm32g4xx_hal_flash.c.obj
LOAD CMakeFiles/M2006_Motor_Control.elf.dir/Drivers/STM32G4xx_HAL_Driver/Src/stm32g4xx_hal_flash_ex.c.obj
LOAD CMakeFiles/M2006_Motor_Control.elf.dir/Drivers/STM32G4xx_HAL_Driver/Src/stm32g4xx_hal_flash_ramfunc.c.obj
LOAD CMakeFiles/M2006_Motor_Control.elf.dir/Drivers/STM32G4xx_HAL_Driver/Src/stm32g4xx_hal_gpio.c.obj
LOAD CMakeFiles/M2006_Motor_Control.elf.dir/Drivers/STM32G4xx_HAL_Driver/Src/stm32g4xx_hal_pwr.c.obj
LOAD CMakeFiles/M2006_Motor_Control.elf.dir/Drivers/STM32G4xx_HAL_Driver/Src/stm32g4xx_hal_pwr_ex.c.obj
LOAD CMakeFiles/M2006_Motor_Control.elf.dir/Drivers/STM32G4xx_HAL_Driver/Src/stm32g4xx_hal_rcc.c.obj
LOAD CMakeFiles/M2006_Motor_Control.elf.dir/Drivers/STM32G4xx_HAL_Driver/Src/stm32g4xx_hal_rcc_ex.c.obj
LOAD CMakeFiles/M2006_Motor_Control.elf.dir/Drivers/STM32G4xx_HAL_Driver/Src/stm32g4xx_hal_tim.c.obj
LOAD CMakeFiles/M2006_Motor_Control.elf.dir/Drivers/STM32G4xx_HAL_Driver/Src/stm32g4xx_hal_tim_ex.c.obj
LOAD CMakeFiles/M2006_Motor_Control.elf.dir/Drivers/STM32G4xx_HAL_Driver/Src/stm32g4xx_hal_uart.c.obj
LOAD CMakeFiles/M2006_Motor_Control.elf.dir/Drivers/STM32G4xx_HAL_Driver/Src/stm32g4xx_hal_uart_ex.c.obj
START GROUP
LOAD d:/stm32cubemx/gcc-arm-none-eabi-10.3-2021.10-win32/gcc-arm-none-eabi-10.3-2021.10/bin/../lib/gcc/arm-none-eabi/10.3.1/thumb/v7e-m/nofp\libgcc.a
LOAD d:/stm32cubemx/gcc-arm-none-eabi-10.3-2021.10-win32/gcc-arm-none-eabi-10.3-2021.10/bin/../lib/gcc/arm-none-eabi/10.3.1/../../../../arm-none-eabi/lib/thumb/v7e-m/nofp\libg.a
LOAD d:/stm32cubemx/gcc-arm-none-eabi-10.3-2021.10-win32/gcc-arm-none-eabi-10.3-2021.10/bin/../lib/gcc/arm-none-eabi/10.3.1/../../../../arm-none-eabi/lib/thumb/v7e-m/nofp\libc.a
END GROUP
LOAD d:/stm32cubemx/gcc-arm-none-eabi-10.3-2021.10-win32/gcc-arm-none-eabi-10.3-2021.10/bin/../lib/gcc/arm-none-eabi/10.3.1/thumb/v7e-m/nofp/crtend.o
LOAD d:/stm32cubemx/gcc-arm-none-eabi-10.3-2021.10-win32/gcc-arm-none-eabi-10.3-2021.10/bin/../lib/gcc/arm-none-eabi/10.3.1/thumb/v7e-m/nofp/crtn.o
                0x20020000                _estack = (ORIGIN (RAM) + LENGTH (RAM))
                0x00000200                _Min_Heap_Size = 0x200
                0x00000400                _Min_Stack_Size = 0x400

.isr_vector     0x08000000      0x1d8
                0x08000000                . = ALIGN (0x4)
 *(.isr_vector)
 .isr_vector    0x08000000      0x1d8 CMakeFiles/M2006_Motor_Control.elf.dir/Core/Startup/startup_stm32g474vetx.s.obj
                0x08000000                g_pfnVectors
                0x080001d8                . = ALIGN (0x4)

.text           0x08000200     0xefe0
                0x08000200                . = ALIGN (0x4)
 *(.text)
 .text          0x08000200       0x40 d:/stm32cubemx/gcc-arm-none-eabi-10.3-2021.10-win32/gcc-arm-none-eabi-10.3-2021.10/bin/../lib/gcc/arm-none-eabi/10.3.1/thumb/v7e-m/nofp/crtbegin.o
 .text          0x08000240      0x378 d:/stm32cubemx/gcc-arm-none-eabi-10.3-2021.10-win32/gcc-arm-none-eabi-10.3-2021.10/bin/../lib/gcc/arm-none-eabi/10.3.1/thumb/v7e-m/nofp\libgcc.a(_arm_addsubdf3.o)
                0x08000240                __aeabi_drsub
                0x08000248                __aeabi_dsub
                0x08000248                __subdf3
                0x0800024c                __aeabi_dadd
                0x0800024c                __adddf3
                0x080004c4                __floatunsidf
                0x080004c4                __aeabi_ui2d
                0x080004e4                __floatsidf
                0x080004e4                __aeabi_i2d
                0x08000508                __aeabi_f2d
                0x08000508                __extendsfdf2
                0x0800054c                __floatundidf
                0x0800054c                __aeabi_ul2d
                0x0800055c                __floatdidf
                0x0800055c                __aeabi_l2d
 .text          0x080005b8      0x424 d:/stm32cubemx/gcc-arm-none-eabi-10.3-2021.10-win32/gcc-arm-none-eabi-10.3-2021.10/bin/../lib/gcc/arm-none-eabi/10.3.1/thumb/v7e-m/nofp\libgcc.a(_arm_muldivdf3.o)
                0x080005b8                __aeabi_dmul
                0x080005b8                __muldf3
                0x0800080c                __divdf3
                0x0800080c                __aeabi_ddiv
 .text          0x080009dc       0xa0 d:/stm32cubemx/gcc-arm-none-eabi-10.3-2021.10-win32/gcc-arm-none-eabi-10.3-2021.10/bin/../lib/gcc/arm-none-eabi/10.3.1/thumb/v7e-m/nofp\libgcc.a(_arm_truncdfsf2.o)
                0x080009dc                __truncdfsf2
                0x080009dc                __aeabi_d2f
 .text          0x08000a7c      0x21c d:/stm32cubemx/gcc-arm-none-eabi-10.3-2021.10-win32/gcc-arm-none-eabi-10.3-2021.10/bin/../lib/gcc/arm-none-eabi/10.3.1/thumb/v7e-m/nofp\libgcc.a(_arm_addsubsf3.o)
                0x08000a7c                __aeabi_frsub
                0x08000a84                __subsf3
                0x08000a84                __aeabi_fsub
                0x08000a88                __aeabi_fadd
                0x08000a88                __addsf3
                0x08000be8                __aeabi_ui2f
                0x08000be8                __floatunsisf
                0x08000bf0                __aeabi_i2f
                0x08000bf0                __floatsisf
                0x08000c0c                __aeabi_ul2f
                0x08000c0c                __floatundisf
                0x08000c1c                __aeabi_l2f
                0x08000c1c                __floatdisf
 .text          0x08000c98      0x2a0 d:/stm32cubemx/gcc-arm-none-eabi-10.3-2021.10-win32/gcc-arm-none-eabi-10.3-2021.10/bin/../lib/gcc/arm-none-eabi/10.3.1/thumb/v7e-m/nofp\libgcc.a(_arm_muldivsf3.o)
                0x08000c98                __mulsf3
                0x08000c98                __aeabi_fmul
                0x08000e00                __aeabi_fdiv
                0x08000e00                __divsf3
 .text          0x08000f38       0xec d:/stm32cubemx/gcc-arm-none-eabi-10.3-2021.10-win32/gcc-arm-none-eabi-10.3-2021.10/bin/../lib/gcc/arm-none-eabi/10.3.1/thumb/v7e-m/nofp\libgcc.a(_arm_cmpsf2.o)
                0x08000f38                __gesf2
                0x08000f38                __gtsf2
                0x08000f40                __lesf2
                0x08000f40                __ltsf2
                0x08000f48                __nesf2
                0x08000f48                __eqsf2
                0x08000f48                __cmpsf2
                0x08000fa8                __aeabi_cfrcmple
                0x08000fb0                __aeabi_cfcmpeq
                0x08000fb0                __aeabi_cfcmple
                0x08000fc0                __aeabi_fcmpeq
                0x08000fd4                __aeabi_fcmplt
                0x08000fe8                __aeabi_fcmple
                0x08000ffc                __aeabi_fcmpge
                0x08001010                __aeabi_fcmpgt
 .text          0x08001024       0x4c d:/stm32cubemx/gcc-arm-none-eabi-10.3-2021.10-win32/gcc-arm-none-eabi-10.3-2021.10/bin/../lib/gcc/arm-none-eabi/10.3.1/thumb/v7e-m/nofp\libgcc.a(_arm_fixsfsi.o)
                0x08001024                __aeabi_f2iz
                0x08001024                __fixsfsi
 .text          0x08001070       0x40 d:/stm32cubemx/gcc-arm-none-eabi-10.3-2021.10-win32/gcc-arm-none-eabi-10.3-2021.10/bin/../lib/gcc/arm-none-eabi/10.3.1/thumb/v7e-m/nofp\libgcc.a(_arm_fixunssfsi.o)
                0x08001070                __fixunssfsi
                0x08001070                __aeabi_f2uiz
 .text          0x080010b0       0x30 d:/stm32cubemx/gcc-arm-none-eabi-10.3-2021.10-win32/gcc-arm-none-eabi-10.3-2021.10/bin/../lib/gcc/arm-none-eabi/10.3.1/thumb/v7e-m/nofp\libgcc.a(_aeabi_uldivmod.o)
                0x080010b0                __aeabi_uldivmod
 .text          0x080010e0      0x2d0 d:/stm32cubemx/gcc-arm-none-eabi-10.3-2021.10-win32/gcc-arm-none-eabi-10.3-2021.10/bin/../lib/gcc/arm-none-eabi/10.3.1/thumb/v7e-m/nofp\libgcc.a(_udivmoddi4.o)
                0x080010e0                __udivmoddi4
 .text          0x080013b0        0x4 d:/stm32cubemx/gcc-arm-none-eabi-10.3-2021.10-win32/gcc-arm-none-eabi-10.3-2021.10/bin/../lib/gcc/arm-none-eabi/10.3.1/thumb/v7e-m/nofp\libgcc.a(_dvmd_tls.o)
                0x080013b0                __aeabi_idiv0
                0x080013b0                __aeabi_ldiv0
 *fill*         0x080013b4        0xc 
 .text          0x080013c0       0xdc d:/stm32cubemx/gcc-arm-none-eabi-10.3-2021.10-win32/gcc-arm-none-eabi-10.3-2021.10/bin/../lib/gcc/arm-none-eabi/10.3.1/../../../../arm-none-eabi/lib/thumb/v7e-m/nofp\libg.a(lib_a-strlen.o)
                0x080013c0                strlen
 *fill*         0x0800149c        0x4 
 .text          0x080014a0       0xa0 d:/stm32cubemx/gcc-arm-none-eabi-10.3-2021.10-win32/gcc-arm-none-eabi-10.3-2021.10/bin/../lib/gcc/arm-none-eabi/10.3.1/../../../../arm-none-eabi/lib/thumb/v7e-m/nofp\libg.a(lib_a-memchr.o)
                0x080014a0                memchr
 .text          0x08001540      0x134 d:/stm32cubemx/gcc-arm-none-eabi-10.3-2021.10-win32/gcc-arm-none-eabi-10.3-2021.10/bin/../lib/gcc/arm-none-eabi/10.3.1/../../../../arm-none-eabi/lib/thumb/v7e-m/nofp\libg.a(lib_a-memcpy.o)
                0x08001540                memcpy
 .text          0x08001674      0x110 d:/stm32cubemx/gcc-arm-none-eabi-10.3-2021.10-win32/gcc-arm-none-eabi-10.3-2021.10/bin/../lib/gcc/arm-none-eabi/10.3.1/thumb/v7e-m/nofp\libgcc.a(_arm_cmpdf2.o)
                0x08001674                __gtdf2
                0x08001674                __gedf2
                0x0800167c                __ltdf2
                0x0800167c                __ledf2
                0x08001684                __nedf2
                0x08001684                __eqdf2
                0x08001684                __cmpdf2
                0x08001700                __aeabi_cdrcmple
                0x08001710                __aeabi_cdcmpeq
                0x08001710                __aeabi_cdcmple
                0x08001720                __aeabi_dcmpeq
                0x08001734                __aeabi_dcmplt
                0x08001748                __aeabi_dcmple
                0x0800175c                __aeabi_dcmpge
                0x08001770                __aeabi_dcmpgt
 .text          0x08001784       0x2c d:/stm32cubemx/gcc-arm-none-eabi-10.3-2021.10-win32/gcc-arm-none-eabi-10.3-2021.10/bin/../lib/gcc/arm-none-eabi/10.3.1/thumb/v7e-m/nofp\libgcc.a(_arm_unorddf2.o)
                0x08001784                __unorddf2
                0x08001784                __aeabi_dcmpun
 .text          0x080017b0       0x50 d:/stm32cubemx/gcc-arm-none-eabi-10.3-2021.10-win32/gcc-arm-none-eabi-10.3-2021.10/bin/../lib/gcc/arm-none-eabi/10.3.1/thumb/v7e-m/nofp\libgcc.a(_arm_fixdfsi.o)
                0x080017b0                __aeabi_d2iz
                0x080017b0                __fixdfsi
 .text          0x08001800       0x40 d:/stm32cubemx/gcc-arm-none-eabi-10.3-2021.10-win32/gcc-arm-none-eabi-10.3-2021.10/bin/../lib/gcc/arm-none-eabi/10.3.1/thumb/v7e-m/nofp\libgcc.a(_arm_fixunsdfsi.o)
                0x08001800                __aeabi_d2uiz
                0x08001800                __fixunsdfsi
 .text          0x08001840       0x34 d:/stm32cubemx/gcc-arm-none-eabi-10.3-2021.10-win32/gcc-arm-none-eabi-10.3-2021.10/bin/../lib/gcc/arm-none-eabi/10.3.1/thumb/v7e-m/nofp\libgcc.a(_fixdfdi.o)
                0x08001840                __fixdfdi
                0x08001840                __aeabi_d2lz
 .text          0x08001874       0x3c d:/stm32cubemx/gcc-arm-none-eabi-10.3-2021.10-win32/gcc-arm-none-eabi-10.3-2021.10/bin/../lib/gcc/arm-none-eabi/10.3.1/thumb/v7e-m/nofp\libgcc.a(_fixunsdfdi.o)
                0x08001874                __fixunsdfdi
                0x08001874                __aeabi_d2ulz
 *(.text*)
 .text.CAN_Init
                0x080018b0       0x3c CMakeFiles/M2006_Motor_Control.elf.dir/Core/Src/can_communication.c.obj
                0x080018b0                CAN_Init
 .text.CAN_SendMotorCommand
                0x080018ec       0x40 CMakeFiles/M2006_Motor_Control.elf.dir/Core/Src/can_communication.c.obj
                0x080018ec                CAN_SendMotorCommand
 .text.CAN_ReceiveCallback
                0x0800192c       0x58 CMakeFiles/M2006_Motor_Control.elf.dir/Core/Src/can_communication.c.obj
                0x0800192c                CAN_ReceiveCallback
 .text.M2006_Init
                0x08001984       0x54 CMakeFiles/M2006_Motor_Control.elf.dir/Core/Src/m2006_motor.c.obj
                0x08001984                M2006_Init
 .text.M2006_UpdateFeedback
                0x080019d8       0xf4 CMakeFiles/M2006_Motor_Control.elf.dir/Core/Src/m2006_motor.c.obj
                0x080019d8                M2006_UpdateFeedback
 *fill*         0x08001acc        0x4 
 .text.M2006_SetTargetPosition
                0x08001ad0       0x38 CMakeFiles/M2006_Motor_Control.elf.dir/Core/Src/m2006_motor.c.obj
                0x08001ad0                M2006_SetTargetPosition
 .text.M2006_SetPositionPID
                0x08001b08        0xc CMakeFiles/M2006_Motor_Control.elf.dir/Core/Src/m2006_motor.c.obj
                0x08001b08                M2006_SetPositionPID
 .text.M2006_ControlUpdate
                0x08001b14       0xb0 CMakeFiles/M2006_Motor_Control.elf.dir/Core/Src/m2006_motor.c.obj
                0x08001b14                M2006_ControlUpdate
 .text.MX_GPIO_Init
                0x08001bc4       0x8c CMakeFiles/M2006_Motor_Control.elf.dir/Core/Src/main.c.obj
 .text.LED_Init
                0x08001c50       0x54 CMakeFiles/M2006_Motor_Control.elf.dir/Core/Src/main.c.obj
 .text.HAL_FDCAN_RxFifo0Callback
                0x08001ca4       0x10 CMakeFiles/M2006_Motor_Control.elf.dir/Core/Src/main.c.obj
                0x08001ca4                HAL_FDCAN_RxFifo0Callback
 .text.HAL_UART_RxCpltCallback
                0x08001cb4       0x18 CMakeFiles/M2006_Motor_Control.elf.dir/Core/Src/main.c.obj
                0x08001cb4                HAL_UART_RxCpltCallback
 .text.HAL_TIM_PeriodElapsedCallback
                0x08001ccc       0x9c CMakeFiles/M2006_Motor_Control.elf.dir/Core/Src/main.c.obj
                0x08001ccc                HAL_TIM_PeriodElapsedCallback
 .text.Error_Handler
                0x08001d68       0x48 CMakeFiles/M2006_Motor_Control.elf.dir/Core/Src/main.c.obj
                0x08001d68                Error_Handler
 .text.MX_FDCAN1_Init
                0x08001db0       0x48 CMakeFiles/M2006_Motor_Control.elf.dir/Core/Src/main.c.obj
 .text.MX_TIM2_Init
                0x08001df8       0x6c CMakeFiles/M2006_Motor_Control.elf.dir/Core/Src/main.c.obj
 .text.MX_USART1_UART_Init
                0x08001e64       0x60 CMakeFiles/M2006_Motor_Control.elf.dir/Core/Src/main.c.obj
 .text.SystemClock_Config
                0x08001ec4       0x76 CMakeFiles/M2006_Motor_Control.elf.dir/Core/Src/main.c.obj
                0x08001ec4                SystemClock_Config
 *fill*         0x08001f3a        0x2 
 .text.main     0x08001f3c       0xbc CMakeFiles/M2006_Motor_Control.elf.dir/Core/Src/main.c.obj
                0x08001f3c                main
 .text.MotorControl_Init
                0x08001ff8       0x16 CMakeFiles/M2006_Motor_Control.elf.dir/Core/Src/motor_control.c.obj
                0x08001ff8                MotorControl_Init
 .text.MotorControl_Task
                0x0800200e       0x10 CMakeFiles/M2006_Motor_Control.elf.dir/Core/Src/motor_control.c.obj
                0x0800200e                MotorControl_Task
 .text.PID_Init
                0x0800201e       0x20 CMakeFiles/M2006_Motor_Control.elf.dir/Core/Src/pid_controller.c.obj
                0x0800201e                PID_Init
 .text.PID_Reset
                0x0800203e        0xe CMakeFiles/M2006_Motor_Control.elf.dir/Core/Src/pid_controller.c.obj
                0x0800203e                PID_Reset
 .text.HAL_MspInit
                0x0800204c       0x38 CMakeFiles/M2006_Motor_Control.elf.dir/Core/Src/stm32g4xx_hal_msp.c.obj
                0x0800204c                HAL_MspInit
 .text.HAL_FDCAN_MspInit
                0x08002084       0xa0 CMakeFiles/M2006_Motor_Control.elf.dir/Core/Src/stm32g4xx_hal_msp.c.obj
                0x08002084                HAL_FDCAN_MspInit
 .text.HAL_TIM_Base_MspInit
                0x08002124       0x3a CMakeFiles/M2006_Motor_Control.elf.dir/Core/Src/stm32g4xx_hal_msp.c.obj
                0x08002124                HAL_TIM_Base_MspInit
 *fill*         0x0800215e        0x2 
 .text.HAL_UART_MspInit
                0x08002160       0x98 CMakeFiles/M2006_Motor_Control.elf.dir/Core/Src/stm32g4xx_hal_msp.c.obj
                0x08002160                HAL_UART_MspInit
 .text.HAL_InitTick
                0x080021f8       0x94 CMakeFiles/M2006_Motor_Control.elf.dir/Core/Src/stm32g4xx_hal_timebase_tim.c.obj
                0x080021f8                HAL_InitTick
 .text.NMI_Handler
                0x0800228c        0x2 CMakeFiles/M2006_Motor_Control.elf.dir/Core/Src/stm32g4xx_it.c.obj
                0x0800228c                NMI_Handler
 .text.HardFault_Handler
                0x0800228e        0x2 CMakeFiles/M2006_Motor_Control.elf.dir/Core/Src/stm32g4xx_it.c.obj
                0x0800228e                HardFault_Handler
 .text.MemManage_Handler
                0x08002290        0x2 CMakeFiles/M2006_Motor_Control.elf.dir/Core/Src/stm32g4xx_it.c.obj
                0x08002290                MemManage_Handler
 .text.BusFault_Handler
                0x08002292        0x2 CMakeFiles/M2006_Motor_Control.elf.dir/Core/Src/stm32g4xx_it.c.obj
                0x08002292                BusFault_Handler
 .text.UsageFault_Handler
                0x08002294        0x2 CMakeFiles/M2006_Motor_Control.elf.dir/Core/Src/stm32g4xx_it.c.obj
                0x08002294                UsageFault_Handler
 .text.SVC_Handler
                0x08002296        0x2 CMakeFiles/M2006_Motor_Control.elf.dir/Core/Src/stm32g4xx_it.c.obj
                0x08002296                SVC_Handler
 .text.DebugMon_Handler
                0x08002298        0x2 CMakeFiles/M2006_Motor_Control.elf.dir/Core/Src/stm32g4xx_it.c.obj
                0x08002298                DebugMon_Handler
 .text.PendSV_Handler
                0x0800229a        0x2 CMakeFiles/M2006_Motor_Control.elf.dir/Core/Src/stm32g4xx_it.c.obj
                0x0800229a                PendSV_Handler
 .text.SysTick_Handler
                0x0800229c        0x2 CMakeFiles/M2006_Motor_Control.elf.dir/Core/Src/stm32g4xx_it.c.obj
                0x0800229c                SysTick_Handler
 *fill*         0x0800229e        0x2 
 .text.FDCAN1_IT0_IRQHandler
                0x080022a0       0x10 CMakeFiles/M2006_Motor_Control.elf.dir/Core/Src/stm32g4xx_it.c.obj
                0x080022a0                FDCAN1_IT0_IRQHandler
 .text.TIM1_UP_TIM16_IRQHandler
                0x080022b0       0x10 CMakeFiles/M2006_Motor_Control.elf.dir/Core/Src/stm32g4xx_it.c.obj
                0x080022b0                TIM1_UP_TIM16_IRQHandler
 .text.TIM2_IRQHandler
                0x080022c0       0x10 CMakeFiles/M2006_Motor_Control.elf.dir/Core/Src/stm32g4xx_it.c.obj
                0x080022c0                TIM2_IRQHandler
 .text.USART1_IRQHandler
                0x080022d0       0x10 CMakeFiles/M2006_Motor_Control.elf.dir/Core/Src/stm32g4xx_it.c.obj
                0x080022d0                USART1_IRQHandler
 .text._getpid  0x080022e0        0x4 CMakeFiles/M2006_Motor_Control.elf.dir/Core/Src/syscalls.c.obj
                0x080022e0                _getpid
 .text._kill    0x080022e4       0x10 CMakeFiles/M2006_Motor_Control.elf.dir/Core/Src/syscalls.c.obj
                0x080022e4                _kill
 .text._exit    0x080022f4        0xc CMakeFiles/M2006_Motor_Control.elf.dir/Core/Src/syscalls.c.obj
                0x080022f4                _exit
 .text._read    0x08002300       0x20 CMakeFiles/M2006_Motor_Control.elf.dir/Core/Src/syscalls.c.obj
                0x08002300                _read
 .text._write   0x08002320       0x1c CMakeFiles/M2006_Motor_Control.elf.dir/Core/Src/syscalls.c.obj
                0x08002320                _write
 .text._close   0x0800233c        0x6 CMakeFiles/M2006_Motor_Control.elf.dir/Core/Src/syscalls.c.obj
                0x0800233c                _close
 .text._fstat   0x08002342        0xa CMakeFiles/M2006_Motor_Control.elf.dir/Core/Src/syscalls.c.obj
                0x08002342                _fstat
 .text._isatty  0x0800234c        0x4 CMakeFiles/M2006_Motor_Control.elf.dir/Core/Src/syscalls.c.obj
                0x0800234c                _isatty
 .text._lseek   0x08002350        0x4 CMakeFiles/M2006_Motor_Control.elf.dir/Core/Src/syscalls.c.obj
                0x08002350                _lseek
 .text._sbrk    0x08002354       0x48 CMakeFiles/M2006_Motor_Control.elf.dir/Core/Src/sysmem.c.obj
                0x08002354                _sbrk
 .text.SystemInit
                0x0800239c        0x2 CMakeFiles/M2006_Motor_Control.elf.dir/Core/Src/system_stm32g4xx.c.obj
                0x0800239c                SystemInit
 *fill*         0x0800239e        0x2 
 .text.VOFA_Init
                0x080023a0       0x18 CMakeFiles/M2006_Motor_Control.elf.dir/Core/Src/vofa_protocol.c.obj
                0x080023a0                VOFA_Init
 .text.VOFA_ProcessCommand
                0x080023b8       0xe0 CMakeFiles/M2006_Motor_Control.elf.dir/Core/Src/vofa_protocol.c.obj
                0x080023b8                VOFA_ProcessCommand
 .text.VOFA_SendData
                0x08002498       0x7c CMakeFiles/M2006_Motor_Control.elf.dir/Core/Src/vofa_protocol.c.obj
                0x08002498                VOFA_SendData
 .text.VOFA_UART_RxCallback
                0x08002514       0x50 CMakeFiles/M2006_Motor_Control.elf.dir/Core/Src/vofa_protocol.c.obj
                0x08002514                VOFA_UART_RxCallback
 .text.Reset_Handler
                0x08002564       0x50 CMakeFiles/M2006_Motor_Control.elf.dir/Core/Startup/startup_stm32g474vetx.s.obj
                0x08002564                Reset_Handler
 .text.Default_Handler
                0x080025b4        0x2 CMakeFiles/M2006_Motor_Control.elf.dir/Core/Startup/startup_stm32g474vetx.s.obj
                0x080025b4                RTC_Alarm_IRQHandler
                0x080025b4                EXTI2_IRQHandler
                0x080025b4                TIM8_TRG_COM_IRQHandler
                0x080025b4                TIM8_CC_IRQHandler
                0x080025b4                HRTIM1_Master_IRQHandler
                0x080025b4                SPI4_IRQHandler
                0x080025b4                FDCAN3_IT0_IRQHandler
                0x080025b4                TIM1_CC_IRQHandler
                0x080025b4                HRTIM1_FLT_IRQHandler
                0x080025b4                HRTIM1_TIMF_IRQHandler
                0x080025b4                USB_HP_IRQHandler
                0x080025b4                CORDIC_IRQHandler
                0x080025b4                HRTIM1_TIMD_IRQHandler
                0x080025b4                DMA2_Channel8_IRQHandler
                0x080025b4                EXTI3_IRQHandler
                0x080025b4                I2C3_ER_IRQHandler
                0x080025b4                EXTI0_IRQHandler
                0x080025b4                I2C2_EV_IRQHandler
                0x080025b4                FPU_IRQHandler
                0x080025b4                FDCAN1_IT1_IRQHandler
                0x080025b4                ADC1_2_IRQHandler
                0x080025b4                HRTIM1_TIME_IRQHandler
                0x080025b4                SPI1_IRQHandler
                0x080025b4                TIM6_DAC_IRQHandler
                0x080025b4                HRTIM1_TIMC_IRQHandler
                0x080025b4                TIM8_UP_IRQHandler
                0x080025b4                DMA2_Channel2_IRQHandler
                0x080025b4                DMA1_Channel4_IRQHandler
                0x080025b4                TIM20_TRG_COM_IRQHandler
                0x080025b4                USART3_IRQHandler
                0x080025b4                DMA1_Channel7_IRQHandler
                0x080025b4                UART5_IRQHandler
                0x080025b4                ADC3_IRQHandler
                0x080025b4                TIM4_IRQHandler
                0x080025b4                DMA2_Channel1_IRQHandler
                0x080025b4                QUADSPI_IRQHandler
                0x080025b4                I2C1_EV_IRQHandler
                0x080025b4                DMA1_Channel6_IRQHandler
                0x080025b4                UART4_IRQHandler
                0x080025b4                DMA2_Channel4_IRQHandler
                0x080025b4                TIM3_IRQHandler
                0x080025b4                RCC_IRQHandler
                0x080025b4                TIM20_UP_IRQHandler
                0x080025b4                DMA1_Channel1_IRQHandler
                0x080025b4                Default_Handler
                0x080025b4                DMA2_Channel7_IRQHandler
                0x080025b4                RTC_TAMP_LSECSS_IRQHandler
                0x080025b4                FMAC_IRQHandler
                0x080025b4                EXTI15_10_IRQHandler
                0x080025b4                DMA1_Channel8_IRQHandler
                0x080025b4                HRTIM1_TIMA_IRQHandler
                0x080025b4                TIM7_DAC_IRQHandler
                0x080025b4                FDCAN3_IT1_IRQHandler
                0x080025b4                TIM5_IRQHandler
                0x080025b4                UCPD1_IRQHandler
                0x080025b4                I2C3_EV_IRQHandler
                0x080025b4                EXTI9_5_IRQHandler
                0x080025b4                RTC_WKUP_IRQHandler
                0x080025b4                PVD_PVM_IRQHandler
                0x080025b4                SPI2_IRQHandler
                0x080025b4                ADC5_IRQHandler
                0x080025b4                DMA2_Channel5_IRQHandler
                0x080025b4                CRS_IRQHandler
                0x080025b4                DMA1_Channel5_IRQHandler
                0x080025b4                USB_LP_IRQHandler
                0x080025b4                EXTI4_IRQHandler
                0x080025b4                RNG_IRQHandler
                0x080025b4                HRTIM1_TIMB_IRQHandler
                0x080025b4                TIM1_TRG_COM_TIM17_IRQHandler
                0x080025b4                FDCAN2_IT1_IRQHandler
                0x080025b4                DMA1_Channel3_IRQHandler
                0x080025b4                ADC4_IRQHandler
                0x080025b4                WWDG_IRQHandler
                0x080025b4                I2C4_EV_IRQHandler
                0x080025b4                FDCAN2_IT0_IRQHandler
                0x080025b4                LPUART1_IRQHandler
                0x080025b4                DMA2_Channel6_IRQHandler
                0x080025b4                COMP7_IRQHandler
                0x080025b4                COMP1_2_3_IRQHandler
                0x080025b4                EXTI1_IRQHandler
                0x080025b4                USART2_IRQHandler
                0x080025b4                COMP4_5_6_IRQHandler
                0x080025b4                TIM20_BRK_IRQHandler
                0x080025b4                I2C2_ER_IRQHandler
                0x080025b4                DMA1_Channel2_IRQHandler
                0x080025b4                TIM8_BRK_IRQHandler
                0x080025b4                FLASH_IRQHandler
                0x080025b4                TIM20_CC_IRQHandler
                0x080025b4                SPI3_IRQHandler
                0x080025b4                I2C1_ER_IRQHandler
                0x080025b4                FMC_IRQHandler
                0x080025b4                LPTIM1_IRQHandler
                0x080025b4                DMAMUX_OVR_IRQHandler
                0x080025b4                I2C4_ER_IRQHandler
                0x080025b4                USBWakeUp_IRQHandler
                0x080025b4                SAI1_IRQHandler
                0x080025b4                DMA2_Channel3_IRQHandler
                0x080025b4                TIM1_BRK_TIM15_IRQHandler
 .text.HAL_Init
                0x080025b6       0x1e CMakeFiles/M2006_Motor_Control.elf.dir/Drivers/STM32G4xx_HAL_Driver/Src/stm32g4xx_hal.c.obj
                0x080025b6                HAL_Init
 .text.HAL_IncTick
                0x080025d4       0x18 CMakeFiles/M2006_Motor_Control.elf.dir/Drivers/STM32G4xx_HAL_Driver/Src/stm32g4xx_hal.c.obj
                0x080025d4                HAL_IncTick
 .text.HAL_GetTick
                0x080025ec        0xc CMakeFiles/M2006_Motor_Control.elf.dir/Drivers/STM32G4xx_HAL_Driver/Src/stm32g4xx_hal.c.obj
                0x080025ec                HAL_GetTick
 .text.HAL_Delay
                0x080025f8       0x28 CMakeFiles/M2006_Motor_Control.elf.dir/Drivers/STM32G4xx_HAL_Driver/Src/stm32g4xx_hal.c.obj
                0x080025f8                HAL_Delay
 .text.HAL_NVIC_SetPriorityGrouping
                0x08002620       0x24 CMakeFiles/M2006_Motor_Control.elf.dir/Drivers/STM32G4xx_HAL_Driver/Src/stm32g4xx_hal_cortex.c.obj
                0x08002620                HAL_NVIC_SetPriorityGrouping
 .text.HAL_NVIC_SetPriority
                0x08002644       0x70 CMakeFiles/M2006_Motor_Control.elf.dir/Drivers/STM32G4xx_HAL_Driver/Src/stm32g4xx_hal_cortex.c.obj
                0x08002644                HAL_NVIC_SetPriority
 .text.HAL_NVIC_EnableIRQ
                0x080026b4       0x1c CMakeFiles/M2006_Motor_Control.elf.dir/Drivers/STM32G4xx_HAL_Driver/Src/stm32g4xx_hal_cortex.c.obj
                0x080026b4                HAL_NVIC_EnableIRQ
 .text.HAL_DMA_Abort
                0x080026d0       0x6c CMakeFiles/M2006_Motor_Control.elf.dir/Drivers/STM32G4xx_HAL_Driver/Src/stm32g4xx_hal_dma.c.obj
                0x080026d0                HAL_DMA_Abort
 .text.HAL_DMA_Abort_IT
                0x0800273c       0x7e CMakeFiles/M2006_Motor_Control.elf.dir/Drivers/STM32G4xx_HAL_Driver/Src/stm32g4xx_hal_dma.c.obj
                0x0800273c                HAL_DMA_Abort_IT
 *fill*         0x080027ba        0x2 
 .text.FDCAN_CalcultateRamBlockAddresses
                0x080027bc       0x88 CMakeFiles/M2006_Motor_Control.elf.dir/Drivers/STM32G4xx_HAL_Driver/Src/stm32g4xx_hal_fdcan.c.obj
 .text.FDCAN_CopyMessageToRAM
                0x08002844       0x88 CMakeFiles/M2006_Motor_Control.elf.dir/Drivers/STM32G4xx_HAL_Driver/Src/stm32g4xx_hal_fdcan.c.obj
 .text.HAL_FDCAN_Init
                0x080028cc      0x1d4 CMakeFiles/M2006_Motor_Control.elf.dir/Drivers/STM32G4xx_HAL_Driver/Src/stm32g4xx_hal_fdcan.c.obj
                0x080028cc                HAL_FDCAN_Init
 .text.HAL_FDCAN_ConfigFilter
                0x08002aa0       0x60 CMakeFiles/M2006_Motor_Control.elf.dir/Drivers/STM32G4xx_HAL_Driver/Src/stm32g4xx_hal_fdcan.c.obj
                0x08002aa0                HAL_FDCAN_ConfigFilter
 .text.HAL_FDCAN_Start
                0x08002b00       0x2e CMakeFiles/M2006_Motor_Control.elf.dir/Drivers/STM32G4xx_HAL_Driver/Src/stm32g4xx_hal_fdcan.c.obj
                0x08002b00                HAL_FDCAN_Start
 .text.HAL_FDCAN_AddMessageToTxFifoQ
                0x08002b2e       0x52 CMakeFiles/M2006_Motor_Control.elf.dir/Drivers/STM32G4xx_HAL_Driver/Src/stm32g4xx_hal_fdcan.c.obj
                0x08002b2e                HAL_FDCAN_AddMessageToTxFifoQ
 .text.HAL_FDCAN_GetRxMessage
                0x08002b80      0x164 CMakeFiles/M2006_Motor_Control.elf.dir/Drivers/STM32G4xx_HAL_Driver/Src/stm32g4xx_hal_fdcan.c.obj
                0x08002b80                HAL_FDCAN_GetRxMessage
 .text.HAL_FDCAN_ActivateNotification
                0x08002ce4      0x106 CMakeFiles/M2006_Motor_Control.elf.dir/Drivers/STM32G4xx_HAL_Driver/Src/stm32g4xx_hal_fdcan.c.obj
                0x08002ce4                HAL_FDCAN_ActivateNotification
 .text.HAL_FDCAN_TxEventFifoCallback
                0x08002dea        0x2 CMakeFiles/M2006_Motor_Control.elf.dir/Drivers/STM32G4xx_HAL_Driver/Src/stm32g4xx_hal_fdcan.c.obj
                0x08002dea                HAL_FDCAN_TxEventFifoCallback
 .text.HAL_FDCAN_RxFifo1Callback
                0x08002dec        0x2 CMakeFiles/M2006_Motor_Control.elf.dir/Drivers/STM32G4xx_HAL_Driver/Src/stm32g4xx_hal_fdcan.c.obj
                0x08002dec                HAL_FDCAN_RxFifo1Callback
 .text.HAL_FDCAN_TxFifoEmptyCallback
                0x08002dee        0x2 CMakeFiles/M2006_Motor_Control.elf.dir/Drivers/STM32G4xx_HAL_Driver/Src/stm32g4xx_hal_fdcan.c.obj
                0x08002dee                HAL_FDCAN_TxFifoEmptyCallback
 .text.HAL_FDCAN_TxBufferCompleteCallback
                0x08002df0        0x2 CMakeFiles/M2006_Motor_Control.elf.dir/Drivers/STM32G4xx_HAL_Driver/Src/stm32g4xx_hal_fdcan.c.obj
                0x08002df0                HAL_FDCAN_TxBufferCompleteCallback
 .text.HAL_FDCAN_TxBufferAbortCallback
                0x08002df2        0x2 CMakeFiles/M2006_Motor_Control.elf.dir/Drivers/STM32G4xx_HAL_Driver/Src/stm32g4xx_hal_fdcan.c.obj
                0x08002df2                HAL_FDCAN_TxBufferAbortCallback
 .text.HAL_FDCAN_TimestampWraparoundCallback
                0x08002df4        0x2 CMakeFiles/M2006_Motor_Control.elf.dir/Drivers/STM32G4xx_HAL_Driver/Src/stm32g4xx_hal_fdcan.c.obj
                0x08002df4                HAL_FDCAN_TimestampWraparoundCallback
 .text.HAL_FDCAN_TimeoutOccurredCallback
                0x08002df6        0x2 CMakeFiles/M2006_Motor_Control.elf.dir/Drivers/STM32G4xx_HAL_Driver/Src/stm32g4xx_hal_fdcan.c.obj
                0x08002df6                HAL_FDCAN_TimeoutOccurredCallback
 .text.HAL_FDCAN_HighPriorityMessageCallback
                0x08002df8        0x2 CMakeFiles/M2006_Motor_Control.elf.dir/Drivers/STM32G4xx_HAL_Driver/Src/stm32g4xx_hal_fdcan.c.obj
                0x08002df8                HAL_FDCAN_HighPriorityMessageCallback
 .text.HAL_FDCAN_ErrorCallback
                0x08002dfa        0x2 CMakeFiles/M2006_Motor_Control.elf.dir/Drivers/STM32G4xx_HAL_Driver/Src/stm32g4xx_hal_fdcan.c.obj
                0x08002dfa                HAL_FDCAN_ErrorCallback
 .text.HAL_FDCAN_ErrorStatusCallback
                0x08002dfc        0x2 CMakeFiles/M2006_Motor_Control.elf.dir/Drivers/STM32G4xx_HAL_Driver/Src/stm32g4xx_hal_fdcan.c.obj
                0x08002dfc                HAL_FDCAN_ErrorStatusCallback
 .text.HAL_FDCAN_IRQHandler
                0x08002dfe      0x188 CMakeFiles/M2006_Motor_Control.elf.dir/Drivers/STM32G4xx_HAL_Driver/Src/stm32g4xx_hal_fdcan.c.obj
                0x08002dfe                HAL_FDCAN_IRQHandler
 *fill*         0x08002f86        0x2 
 .text.HAL_GPIO_Init
                0x08002f88      0x1dc CMakeFiles/M2006_Motor_Control.elf.dir/Drivers/STM32G4xx_HAL_Driver/Src/stm32g4xx_hal_gpio.c.obj
                0x08002f88                HAL_GPIO_Init
 .text.HAL_GPIO_WritePin
                0x08003164        0xa CMakeFiles/M2006_Motor_Control.elf.dir/Drivers/STM32G4xx_HAL_Driver/Src/stm32g4xx_hal_gpio.c.obj
                0x08003164                HAL_GPIO_WritePin
 .text.HAL_GPIO_TogglePin
                0x0800316e       0x12 CMakeFiles/M2006_Motor_Control.elf.dir/Drivers/STM32G4xx_HAL_Driver/Src/stm32g4xx_hal_gpio.c.obj
                0x0800316e                HAL_GPIO_TogglePin
 .text.HAL_PWREx_ControlVoltageScaling
                0x08003180      0x10c CMakeFiles/M2006_Motor_Control.elf.dir/Drivers/STM32G4xx_HAL_Driver/Src/stm32g4xx_hal_pwr_ex.c.obj
                0x08003180                HAL_PWREx_ControlVoltageScaling
 .text.HAL_PWREx_DisableUCPDDeadBattery
                0x0800328c       0x10 CMakeFiles/M2006_Motor_Control.elf.dir/Drivers/STM32G4xx_HAL_Driver/Src/stm32g4xx_hal_pwr_ex.c.obj
                0x0800328c                HAL_PWREx_DisableUCPDDeadBattery
 .text.RCC_GetSysClockFreqFromPLLSource
                0x0800329c       0x58 CMakeFiles/M2006_Motor_Control.elf.dir/Drivers/STM32G4xx_HAL_Driver/Src/stm32g4xx_hal_rcc.c.obj
 .text.HAL_RCC_OscConfig
                0x080032f4      0x4e4 CMakeFiles/M2006_Motor_Control.elf.dir/Drivers/STM32G4xx_HAL_Driver/Src/stm32g4xx_hal_rcc.c.obj
                0x080032f4                HAL_RCC_OscConfig
 .text.HAL_RCC_GetSysClockFreq
                0x080037d8       0x88 CMakeFiles/M2006_Motor_Control.elf.dir/Drivers/STM32G4xx_HAL_Driver/Src/stm32g4xx_hal_rcc.c.obj
                0x080037d8                HAL_RCC_GetSysClockFreq
 .text.HAL_RCC_ClockConfig
                0x08003860      0x1f8 CMakeFiles/M2006_Motor_Control.elf.dir/Drivers/STM32G4xx_HAL_Driver/Src/stm32g4xx_hal_rcc.c.obj
                0x08003860                HAL_RCC_ClockConfig
 .text.HAL_RCC_GetHCLKFreq
                0x08003a58        0xc CMakeFiles/M2006_Motor_Control.elf.dir/Drivers/STM32G4xx_HAL_Driver/Src/stm32g4xx_hal_rcc.c.obj
                0x08003a58                HAL_RCC_GetHCLKFreq
 .text.HAL_RCC_GetPCLK1Freq
                0x08003a64       0x24 CMakeFiles/M2006_Motor_Control.elf.dir/Drivers/STM32G4xx_HAL_Driver/Src/stm32g4xx_hal_rcc.c.obj
                0x08003a64                HAL_RCC_GetPCLK1Freq
 .text.HAL_RCC_GetPCLK2Freq
                0x08003a88       0x24 CMakeFiles/M2006_Motor_Control.elf.dir/Drivers/STM32G4xx_HAL_Driver/Src/stm32g4xx_hal_rcc.c.obj
                0x08003a88                HAL_RCC_GetPCLK2Freq
 .text.HAL_RCC_GetClockConfig
                0x08003aac       0x3c CMakeFiles/M2006_Motor_Control.elf.dir/Drivers/STM32G4xx_HAL_Driver/Src/stm32g4xx_hal_rcc.c.obj
                0x08003aac                HAL_RCC_GetClockConfig
 .text.HAL_RCCEx_PeriphCLKConfig
                0x08003ae8      0x378 CMakeFiles/M2006_Motor_Control.elf.dir/Drivers/STM32G4xx_HAL_Driver/Src/stm32g4xx_hal_rcc_ex.c.obj
                0x08003ae8                HAL_RCCEx_PeriphCLKConfig
 .text.TIM_TI1_ConfigInputStage
                0x08003e60       0x24 CMakeFiles/M2006_Motor_Control.elf.dir/Drivers/STM32G4xx_HAL_Driver/Src/stm32g4xx_hal_tim.c.obj
 .text.TIM_TI2_ConfigInputStage
                0x08003e84       0x26 CMakeFiles/M2006_Motor_Control.elf.dir/Drivers/STM32G4xx_HAL_Driver/Src/stm32g4xx_hal_tim.c.obj
 .text.TIM_ITRx_SetConfig
                0x08003eaa       0x14 CMakeFiles/M2006_Motor_Control.elf.dir/Drivers/STM32G4xx_HAL_Driver/Src/stm32g4xx_hal_tim.c.obj
 *fill*         0x08003ebe        0x2 
 .text.HAL_TIM_Base_Start_IT
                0x08003ec0       0x94 CMakeFiles/M2006_Motor_Control.elf.dir/Drivers/STM32G4xx_HAL_Driver/Src/stm32g4xx_hal_tim.c.obj
                0x08003ec0                HAL_TIM_Base_Start_IT
 .text.HAL_TIM_OC_DelayElapsedCallback
                0x08003f54        0x2 CMakeFiles/M2006_Motor_Control.elf.dir/Drivers/STM32G4xx_HAL_Driver/Src/stm32g4xx_hal_tim.c.obj
                0x08003f54                HAL_TIM_OC_DelayElapsedCallback
 .text.HAL_TIM_IC_CaptureCallback
                0x08003f56        0x2 CMakeFiles/M2006_Motor_Control.elf.dir/Drivers/STM32G4xx_HAL_Driver/Src/stm32g4xx_hal_tim.c.obj
                0x08003f56                HAL_TIM_IC_CaptureCallback
 .text.HAL_TIM_PWM_PulseFinishedCallback
                0x08003f58        0x2 CMakeFiles/M2006_Motor_Control.elf.dir/Drivers/STM32G4xx_HAL_Driver/Src/stm32g4xx_hal_tim.c.obj
                0x08003f58                HAL_TIM_PWM_PulseFinishedCallback
 .text.HAL_TIM_TriggerCallback
                0x08003f5a        0x2 CMakeFiles/M2006_Motor_Control.elf.dir/Drivers/STM32G4xx_HAL_Driver/Src/stm32g4xx_hal_tim.c.obj
                0x08003f5a                HAL_TIM_TriggerCallback
 .text.HAL_TIM_IRQHandler
                0x08003f5c      0x1ea CMakeFiles/M2006_Motor_Control.elf.dir/Drivers/STM32G4xx_HAL_Driver/Src/stm32g4xx_hal_tim.c.obj
                0x08003f5c                HAL_TIM_IRQHandler
 *fill*         0x08004146        0x2 
 .text.TIM_Base_SetConfig
                0x08004148       0xf0 CMakeFiles/M2006_Motor_Control.elf.dir/Drivers/STM32G4xx_HAL_Driver/Src/stm32g4xx_hal_tim.c.obj
                0x08004148                TIM_Base_SetConfig
 .text.HAL_TIM_Base_Init
                0x08004238       0x60 CMakeFiles/M2006_Motor_Control.elf.dir/Drivers/STM32G4xx_HAL_Driver/Src/stm32g4xx_hal_tim.c.obj
                0x08004238                HAL_TIM_Base_Init
 .text.TIM_ETR_SetConfig
                0x08004298       0x18 CMakeFiles/M2006_Motor_Control.elf.dir/Drivers/STM32G4xx_HAL_Driver/Src/stm32g4xx_hal_tim.c.obj
                0x08004298                TIM_ETR_SetConfig
 .text.HAL_TIM_ConfigClockSource
                0x080042b0      0x154 CMakeFiles/M2006_Motor_Control.elf.dir/Drivers/STM32G4xx_HAL_Driver/Src/stm32g4xx_hal_tim.c.obj
                0x080042b0                HAL_TIM_ConfigClockSource
 .text.HAL_TIMEx_MasterConfigSynchronization
                0x08004404       0xac CMakeFiles/M2006_Motor_Control.elf.dir/Drivers/STM32G4xx_HAL_Driver/Src/stm32g4xx_hal_tim_ex.c.obj
                0x08004404                HAL_TIMEx_MasterConfigSynchronization
 .text.HAL_TIMEx_CommutCallback
                0x080044b0        0x2 CMakeFiles/M2006_Motor_Control.elf.dir/Drivers/STM32G4xx_HAL_Driver/Src/stm32g4xx_hal_tim_ex.c.obj
                0x080044b0                HAL_TIMEx_CommutCallback
 .text.HAL_TIMEx_BreakCallback
                0x080044b2        0x2 CMakeFiles/M2006_Motor_Control.elf.dir/Drivers/STM32G4xx_HAL_Driver/Src/stm32g4xx_hal_tim_ex.c.obj
                0x080044b2                HAL_TIMEx_BreakCallback
 .text.HAL_TIMEx_Break2Callback
                0x080044b4        0x2 CMakeFiles/M2006_Motor_Control.elf.dir/Drivers/STM32G4xx_HAL_Driver/Src/stm32g4xx_hal_tim_ex.c.obj
                0x080044b4                HAL_TIMEx_Break2Callback
 .text.HAL_TIMEx_EncoderIndexCallback
                0x080044b6        0x2 CMakeFiles/M2006_Motor_Control.elf.dir/Drivers/STM32G4xx_HAL_Driver/Src/stm32g4xx_hal_tim_ex.c.obj
                0x080044b6                HAL_TIMEx_EncoderIndexCallback
 .text.HAL_TIMEx_DirectionChangeCallback
                0x080044b8        0x2 CMakeFiles/M2006_Motor_Control.elf.dir/Drivers/STM32G4xx_HAL_Driver/Src/stm32g4xx_hal_tim_ex.c.obj
                0x080044b8                HAL_TIMEx_DirectionChangeCallback
 .text.HAL_TIMEx_IndexErrorCallback
                0x080044ba        0x2 CMakeFiles/M2006_Motor_Control.elf.dir/Drivers/STM32G4xx_HAL_Driver/Src/stm32g4xx_hal_tim_ex.c.obj
                0x080044ba                HAL_TIMEx_IndexErrorCallback
 .text.HAL_TIMEx_TransitionErrorCallback
                0x080044bc        0x2 CMakeFiles/M2006_Motor_Control.elf.dir/Drivers/STM32G4xx_HAL_Driver/Src/stm32g4xx_hal_tim_ex.c.obj
                0x080044bc                HAL_TIMEx_TransitionErrorCallback
 .text.UART_EndRxTransfer
                0x080044be       0x56 CMakeFiles/M2006_Motor_Control.elf.dir/Drivers/STM32G4xx_HAL_Driver/Src/stm32g4xx_hal_uart.c.obj
 .text.HAL_UART_TxCpltCallback
                0x08004514        0x2 CMakeFiles/M2006_Motor_Control.elf.dir/Drivers/STM32G4xx_HAL_Driver/Src/stm32g4xx_hal_uart.c.obj
                0x08004514                HAL_UART_TxCpltCallback
 .text.UART_EndTransmit_IT
                0x08004516       0x24 CMakeFiles/M2006_Motor_Control.elf.dir/Drivers/STM32G4xx_HAL_Driver/Src/stm32g4xx_hal_uart.c.obj
 .text.HAL_UART_ErrorCallback
                0x0800453a        0x2 CMakeFiles/M2006_Motor_Control.elf.dir/Drivers/STM32G4xx_HAL_Driver/Src/stm32g4xx_hal_uart.c.obj
                0x0800453a                HAL_UART_ErrorCallback
 .text.UART_DMAAbortOnError
                0x0800453c       0x14 CMakeFiles/M2006_Motor_Control.elf.dir/Drivers/STM32G4xx_HAL_Driver/Src/stm32g4xx_hal_uart.c.obj
 .text.HAL_UARTEx_RxEventCallback
                0x08004550        0x2 CMakeFiles/M2006_Motor_Control.elf.dir/Drivers/STM32G4xx_HAL_Driver/Src/stm32g4xx_hal_uart.c.obj
                0x08004550                HAL_UARTEx_RxEventCallback
 *fill*         0x08004552        0x2 
 .text.HAL_UART_IRQHandler
                0x08004554      0x348 CMakeFiles/M2006_Motor_Control.elf.dir/Drivers/STM32G4xx_HAL_Driver/Src/stm32g4xx_hal_uart.c.obj
                0x08004554                HAL_UART_IRQHandler
 .text.UART_RxISR_8BIT
                0x0800489c       0xdc CMakeFiles/M2006_Motor_Control.elf.dir/Drivers/STM32G4xx_HAL_Driver/Src/stm32g4xx_hal_uart.c.obj
 .text.UART_RxISR_16BIT
                0x08004978       0xd8 CMakeFiles/M2006_Motor_Control.elf.dir/Drivers/STM32G4xx_HAL_Driver/Src/stm32g4xx_hal_uart.c.obj
 .text.UART_RxISR_8BIT_FIFOEN
                0x08004a50      0x1cc CMakeFiles/M2006_Motor_Control.elf.dir/Drivers/STM32G4xx_HAL_Driver/Src/stm32g4xx_hal_uart.c.obj
 .text.UART_RxISR_16BIT_FIFOEN
                0x08004c1c      0x1c8 CMakeFiles/M2006_Motor_Control.elf.dir/Drivers/STM32G4xx_HAL_Driver/Src/stm32g4xx_hal_uart.c.obj
 .text.UART_SetConfig
                0x08004de4      0x388 CMakeFiles/M2006_Motor_Control.elf.dir/Drivers/STM32G4xx_HAL_Driver/Src/stm32g4xx_hal_uart.c.obj
                0x08004de4                UART_SetConfig
 .text.UART_AdvFeatureConfig
                0x0800516c       0xca CMakeFiles/M2006_Motor_Control.elf.dir/Drivers/STM32G4xx_HAL_Driver/Src/stm32g4xx_hal_uart.c.obj
                0x0800516c                UART_AdvFeatureConfig
 .text.UART_WaitOnFlagUntilTimeout
                0x08005236       0xa2 CMakeFiles/M2006_Motor_Control.elf.dir/Drivers/STM32G4xx_HAL_Driver/Src/stm32g4xx_hal_uart.c.obj
                0x08005236                UART_WaitOnFlagUntilTimeout
 .text.HAL_UART_Transmit
                0x080052d8       0xd2 CMakeFiles/M2006_Motor_Control.elf.dir/Drivers/STM32G4xx_HAL_Driver/Src/stm32g4xx_hal_uart.c.obj
                0x080052d8                HAL_UART_Transmit
 .text.UART_CheckIdleState
                0x080053aa       0xca CMakeFiles/M2006_Motor_Control.elf.dir/Drivers/STM32G4xx_HAL_Driver/Src/stm32g4xx_hal_uart.c.obj
                0x080053aa                UART_CheckIdleState
 .text.HAL_UART_Init
                0x08005474       0x66 CMakeFiles/M2006_Motor_Control.elf.dir/Drivers/STM32G4xx_HAL_Driver/Src/stm32g4xx_hal_uart.c.obj
                0x08005474                HAL_UART_Init
 *fill*         0x080054da        0x2 
 .text.UART_Start_Receive_IT
                0x080054dc      0x13c CMakeFiles/M2006_Motor_Control.elf.dir/Drivers/STM32G4xx_HAL_Driver/Src/stm32g4xx_hal_uart.c.obj
                0x080054dc                UART_Start_Receive_IT
 .text.HAL_UART_Receive_IT
                0x08005618       0x4c CMakeFiles/M2006_Motor_Control.elf.dir/Drivers/STM32G4xx_HAL_Driver/Src/stm32g4xx_hal_uart.c.obj
                0x08005618                HAL_UART_Receive_IT
 .text.UARTEx_SetNbDataToProcess
                0x08005664       0x4c CMakeFiles/M2006_Motor_Control.elf.dir/Drivers/STM32G4xx_HAL_Driver/Src/stm32g4xx_hal_uart_ex.c.obj
 .text.HAL_UARTEx_WakeupCallback
                0x080056b0        0x2 CMakeFiles/M2006_Motor_Control.elf.dir/Drivers/STM32G4xx_HAL_Driver/Src/stm32g4xx_hal_uart_ex.c.obj
                0x080056b0                HAL_UARTEx_WakeupCallback
 .text.HAL_UARTEx_RxFifoFullCallback
                0x080056b2        0x2 CMakeFiles/M2006_Motor_Control.elf.dir/Drivers/STM32G4xx_HAL_Driver/Src/stm32g4xx_hal_uart_ex.c.obj
                0x080056b2                HAL_UARTEx_RxFifoFullCallback
 .text.HAL_UARTEx_TxFifoEmptyCallback
                0x080056b4        0x2 CMakeFiles/M2006_Motor_Control.elf.dir/Drivers/STM32G4xx_HAL_Driver/Src/stm32g4xx_hal_uart_ex.c.obj
                0x080056b4                HAL_UARTEx_TxFifoEmptyCallback
 .text.HAL_UARTEx_DisableFifoMode
                0x080056b6       0x3e CMakeFiles/M2006_Motor_Control.elf.dir/Drivers/STM32G4xx_HAL_Driver/Src/stm32g4xx_hal_uart_ex.c.obj
                0x080056b6                HAL_UARTEx_DisableFifoMode
 .text.HAL_UARTEx_SetTxFifoThreshold
                0x080056f4       0x4a CMakeFiles/M2006_Motor_Control.elf.dir/Drivers/STM32G4xx_HAL_Driver/Src/stm32g4xx_hal_uart_ex.c.obj
                0x080056f4                HAL_UARTEx_SetTxFifoThreshold
 .text.HAL_UARTEx_SetRxFifoThreshold
                0x0800573e       0x4a CMakeFiles/M2006_Motor_Control.elf.dir/Drivers/STM32G4xx_HAL_Driver/Src/stm32g4xx_hal_uart_ex.c.obj
                0x0800573e                HAL_UARTEx_SetRxFifoThreshold
 .text.__errno  0x08005788        0xc d:/stm32cubemx/gcc-arm-none-eabi-10.3-2021.10-win32/gcc-arm-none-eabi-10.3-2021.10/bin/../lib/gcc/arm-none-eabi/10.3.1/../../../../arm-none-eabi/lib/thumb/v7e-m/nofp\libg.a(lib_a-errno.o)
                0x08005788                __errno
 .text.__libc_init_array
                0x08005794       0x48 d:/stm32cubemx/gcc-arm-none-eabi-10.3-2021.10-win32/gcc-arm-none-eabi-10.3-2021.10/bin/../lib/gcc/arm-none-eabi/10.3.1/../../../../arm-none-eabi/lib/thumb/v7e-m/nofp\libg.a(lib_a-init.o)
                0x08005794                __libc_init_array
 .text.memset   0x080057dc       0xa4 d:/stm32cubemx/gcc-arm-none-eabi-10.3-2021.10-win32/gcc-arm-none-eabi-10.3-2021.10/bin/../lib/gcc/arm-none-eabi/10.3.1/../../../../arm-none-eabi/lib/thumb/v7e-m/nofp\libg.a(lib_a-memset.o)
                0x080057dc                memset
 .text.snprintf
                0x08005880       0x88 d:/stm32cubemx/gcc-arm-none-eabi-10.3-2021.10-win32/gcc-arm-none-eabi-10.3-2021.10/bin/../lib/gcc/arm-none-eabi/10.3.1/../../../../arm-none-eabi/lib/thumb/v7e-m/nofp\libg.a(lib_a-snprintf.o)
                0x08005880                snprintf
 .text.sscanf   0x08005908       0x54 d:/stm32cubemx/gcc-arm-none-eabi-10.3-2021.10-win32/gcc-arm-none-eabi-10.3-2021.10/bin/../lib/gcc/arm-none-eabi/10.3.1/../../../../arm-none-eabi/lib/thumb/v7e-m/nofp\libg.a(lib_a-sscanf.o)
                0x08005908                sscanf
 .text.__sread  0x0800595c       0x24 d:/stm32cubemx/gcc-arm-none-eabi-10.3-2021.10-win32/gcc-arm-none-eabi-10.3-2021.10/bin/../lib/gcc/arm-none-eabi/10.3.1/../../../../arm-none-eabi/lib/thumb/v7e-m/nofp\libg.a(lib_a-stdio.o)
                0x0800595c                __sread
 .text.__seofread
                0x08005980        0x4 d:/stm32cubemx/gcc-arm-none-eabi-10.3-2021.10-win32/gcc-arm-none-eabi-10.3-2021.10/bin/../lib/gcc/arm-none-eabi/10.3.1/../../../../arm-none-eabi/lib/thumb/v7e-m/nofp\libg.a(lib_a-stdio.o)
                0x08005980                __seofread
 .text.__swrite
                0x08005984       0x40 d:/stm32cubemx/gcc-arm-none-eabi-10.3-2021.10-win32/gcc-arm-none-eabi-10.3-2021.10/bin/../lib/gcc/arm-none-eabi/10.3.1/../../../../arm-none-eabi/lib/thumb/v7e-m/nofp\libg.a(lib_a-stdio.o)
                0x08005984                __swrite
 .text.__sseek  0x080059c4       0x20 d:/stm32cubemx/gcc-arm-none-eabi-10.3-2021.10-win32/gcc-arm-none-eabi-10.3-2021.10/bin/../lib/gcc/arm-none-eabi/10.3.1/../../../../arm-none-eabi/lib/thumb/v7e-m/nofp\libg.a(lib_a-stdio.o)
                0x080059c4                __sseek
 .text.__sclose
                0x080059e4        0x8 d:/stm32cubemx/gcc-arm-none-eabi-10.3-2021.10-win32/gcc-arm-none-eabi-10.3-2021.10/bin/../lib/gcc/arm-none-eabi/10.3.1/../../../../arm-none-eabi/lib/thumb/v7e-m/nofp\libg.a(lib_a-stdio.o)
                0x080059e4                __sclose
 .text._svfprintf_r
                0x080059ec     0x1a3c d:/stm32cubemx/gcc-arm-none-eabi-10.3-2021.10-win32/gcc-arm-none-eabi-10.3-2021.10/bin/../lib/gcc/arm-none-eabi/10.3.1/../../../../arm-none-eabi/lib/thumb/v7e-m/nofp\libg.a(lib_a-svfprintf.o)
                0x080059ec                _svfprintf_r
 .text.__ssvfscanf_r
                0x08007428     0x170c d:/stm32cubemx/gcc-arm-none-eabi-10.3-2021.10-win32/gcc-arm-none-eabi-10.3-2021.10/bin/../lib/gcc/arm-none-eabi/10.3.1/../../../../arm-none-eabi/lib/thumb/v7e-m/nofp\libg.a(lib_a-svfscanf.o)
                0x08007428                __ssvfscanf_r
 .text._write_r
                0x08008b34       0x2c d:/stm32cubemx/gcc-arm-none-eabi-10.3-2021.10-win32/gcc-arm-none-eabi-10.3-2021.10/bin/../lib/gcc/arm-none-eabi/10.3.1/../../../../arm-none-eabi/lib/thumb/v7e-m/nofp\libg.a(lib_a-writer.o)
                0x08008b34                _write_r
 .text.startup.register_fini
                0x08008b60       0x14 d:/stm32cubemx/gcc-arm-none-eabi-10.3-2021.10-win32/gcc-arm-none-eabi-10.3-2021.10/bin/../lib/gcc/arm-none-eabi/10.3.1/../../../../arm-none-eabi/lib/thumb/v7e-m/nofp\libg.a(lib_a-__call_atexit.o)
 .text.atexit   0x08008b74        0xc d:/stm32cubemx/gcc-arm-none-eabi-10.3-2021.10-win32/gcc-arm-none-eabi-10.3-2021.10/bin/../lib/gcc/arm-none-eabi/10.3.1/../../../../arm-none-eabi/lib/thumb/v7e-m/nofp\libg.a(lib_a-atexit.o)
                0x08008b74                atexit
 .text._close_r
                0x08008b80       0x24 d:/stm32cubemx/gcc-arm-none-eabi-10.3-2021.10-win32/gcc-arm-none-eabi-10.3-2021.10/bin/../lib/gcc/arm-none-eabi/10.3.1/../../../../arm-none-eabi/lib/thumb/v7e-m/nofp\libg.a(lib_a-closer.o)
                0x08008b80                _close_r
 .text.quorem   0x08008ba4      0x124 d:/stm32cubemx/gcc-arm-none-eabi-10.3-2021.10-win32/gcc-arm-none-eabi-10.3-2021.10/bin/../lib/gcc/arm-none-eabi/10.3.1/../../../../arm-none-eabi/lib/thumb/v7e-m/nofp\libg.a(lib_a-dtoa.o)
 .text._dtoa_r  0x08008cc8      0xec4 d:/stm32cubemx/gcc-arm-none-eabi-10.3-2021.10-win32/gcc-arm-none-eabi-10.3-2021.10/bin/../lib/gcc/arm-none-eabi/10.3.1/../../../../arm-none-eabi/lib/thumb/v7e-m/nofp\libg.a(lib_a-dtoa.o)
                0x08008cc8                _dtoa_r
 .text.__libc_fini_array
                0x08009b8c       0x2c d:/stm32cubemx/gcc-arm-none-eabi-10.3-2021.10-win32/gcc-arm-none-eabi-10.3-2021.10/bin/../lib/gcc/arm-none-eabi/10.3.1/../../../../arm-none-eabi/lib/thumb/v7e-m/nofp\libg.a(lib_a-fini.o)
                0x08009b8c                __libc_fini_array
 .text._malloc_trim_r
                0x08009bb8       0xa0 d:/stm32cubemx/gcc-arm-none-eabi-10.3-2021.10-win32/gcc-arm-none-eabi-10.3-2021.10/bin/../lib/gcc/arm-none-eabi/10.3.1/../../../../arm-none-eabi/lib/thumb/v7e-m/nofp\libg.a(lib_a-freer.o)
                0x08009bb8                _malloc_trim_r
 .text._free_r  0x08009c58      0x20c d:/stm32cubemx/gcc-arm-none-eabi-10.3-2021.10-win32/gcc-arm-none-eabi-10.3-2021.10/bin/../lib/gcc/arm-none-eabi/10.3.1/../../../../arm-none-eabi/lib/thumb/v7e-m/nofp\libg.a(lib_a-freer.o)
                0x08009c58                _free_r
 .text.iswspace
                0x08009e64        0x8 d:/stm32cubemx/gcc-arm-none-eabi-10.3-2021.10-win32/gcc-arm-none-eabi-10.3-2021.10/bin/../lib/gcc/arm-none-eabi/10.3.1/../../../../arm-none-eabi/lib/thumb/v7e-m/nofp\libg.a(lib_a-iswspace.o)
                0x08009e64                iswspace
 .text.iswspace_l
                0x08009e6c       0x14 d:/stm32cubemx/gcc-arm-none-eabi-10.3-2021.10-win32/gcc-arm-none-eabi-10.3-2021.10/bin/../lib/gcc/arm-none-eabi/10.3.1/../../../../arm-none-eabi/lib/thumb/v7e-m/nofp\libg.a(lib_a-iswspace_l.o)
                0x08009e6c                iswspace_l
 .text.__locale_mb_cur_max
                0x08009e80        0xc d:/stm32cubemx/gcc-arm-none-eabi-10.3-2021.10-win32/gcc-arm-none-eabi-10.3-2021.10/bin/../lib/gcc/arm-none-eabi/10.3.1/../../../../arm-none-eabi/lib/thumb/v7e-m/nofp\libg.a(lib_a-locale.o)
                0x08009e80                __locale_mb_cur_max
 .text._localeconv_r
                0x08009e8c        0x8 d:/stm32cubemx/gcc-arm-none-eabi-10.3-2021.10-win32/gcc-arm-none-eabi-10.3-2021.10/bin/../lib/gcc/arm-none-eabi/10.3.1/../../../../arm-none-eabi/lib/thumb/v7e-m/nofp\libg.a(lib_a-localeconv.o)
                0x08009e8c                _localeconv_r
 .text.__retarget_lock_init_recursive
                0x08009e94        0x4 d:/stm32cubemx/gcc-arm-none-eabi-10.3-2021.10-win32/gcc-arm-none-eabi-10.3-2021.10/bin/../lib/gcc/arm-none-eabi/10.3.1/../../../../arm-none-eabi/lib/thumb/v7e-m/nofp\libg.a(lib_a-lock.o)
                0x08009e94                __retarget_lock_init_recursive
 .text.__retarget_lock_close_recursive
                0x08009e98        0x4 d:/stm32cubemx/gcc-arm-none-eabi-10.3-2021.10-win32/gcc-arm-none-eabi-10.3-2021.10/bin/../lib/gcc/arm-none-eabi/10.3.1/../../../../arm-none-eabi/lib/thumb/v7e-m/nofp\libg.a(lib_a-lock.o)
                0x08009e98                __retarget_lock_close_recursive
 .text.__retarget_lock_acquire_recursive
                0x08009e9c        0x4 d:/stm32cubemx/gcc-arm-none-eabi-10.3-2021.10-win32/gcc-arm-none-eabi-10.3-2021.10/bin/../lib/gcc/arm-none-eabi/10.3.1/../../../../arm-none-eabi/lib/thumb/v7e-m/nofp\libg.a(lib_a-lock.o)
                0x08009e9c                __retarget_lock_acquire_recursive
 .text.__retarget_lock_release_recursive
                0x08009ea0        0x4 d:/stm32cubemx/gcc-arm-none-eabi-10.3-2021.10-win32/gcc-arm-none-eabi-10.3-2021.10/bin/../lib/gcc/arm-none-eabi/10.3.1/../../../../arm-none-eabi/lib/thumb/v7e-m/nofp\libg.a(lib_a-lock.o)
                0x08009ea0                __retarget_lock_release_recursive
 .text._lseek_r
                0x08009ea4       0x2c d:/stm32cubemx/gcc-arm-none-eabi-10.3-2021.10-win32/gcc-arm-none-eabi-10.3-2021.10/bin/../lib/gcc/arm-none-eabi/10.3.1/../../../../arm-none-eabi/lib/thumb/v7e-m/nofp\libg.a(lib_a-lseekr.o)
                0x08009ea4                _lseek_r
 .text.malloc   0x08009ed0       0x10 d:/stm32cubemx/gcc-arm-none-eabi-10.3-2021.10-win32/gcc-arm-none-eabi-10.3-2021.10/bin/../lib/gcc/arm-none-eabi/10.3.1/../../../../arm-none-eabi/lib/thumb/v7e-m/nofp\libg.a(lib_a-malloc.o)
                0x08009ed0                malloc
 .text.free     0x08009ee0       0x10 d:/stm32cubemx/gcc-arm-none-eabi-10.3-2021.10-win32/gcc-arm-none-eabi-10.3-2021.10/bin/../lib/gcc/arm-none-eabi/10.3.1/../../../../arm-none-eabi/lib/thumb/v7e-m/nofp\libg.a(lib_a-malloc.o)
                0x08009ee0                free
 .text._malloc_r
                0x08009ef0      0x560 d:/stm32cubemx/gcc-arm-none-eabi-10.3-2021.10-win32/gcc-arm-none-eabi-10.3-2021.10/bin/../lib/gcc/arm-none-eabi/10.3.1/../../../../arm-none-eabi/lib/thumb/v7e-m/nofp\libg.a(lib_a-mallocr.o)
                0x08009ef0                _malloc_r
 .text._mbrtowc_r
                0x0800a450       0x44 d:/stm32cubemx/gcc-arm-none-eabi-10.3-2021.10-win32/gcc-arm-none-eabi-10.3-2021.10/bin/../lib/gcc/arm-none-eabi/10.3.1/../../../../arm-none-eabi/lib/thumb/v7e-m/nofp\libg.a(lib_a-mbrtowc.o)
                0x0800a450                _mbrtowc_r
 .text.__ascii_mbtowc
                0x0800a494       0x2c d:/stm32cubemx/gcc-arm-none-eabi-10.3-2021.10-win32/gcc-arm-none-eabi-10.3-2021.10/bin/../lib/gcc/arm-none-eabi/10.3.1/../../../../arm-none-eabi/lib/thumb/v7e-m/nofp\libg.a(lib_a-mbtowc_r.o)
                0x0800a494                __ascii_mbtowc
 .text.__malloc_lock
                0x0800a4c0        0xc d:/stm32cubemx/gcc-arm-none-eabi-10.3-2021.10-win32/gcc-arm-none-eabi-10.3-2021.10/bin/../lib/gcc/arm-none-eabi/10.3.1/../../../../arm-none-eabi/lib/thumb/v7e-m/nofp\libg.a(lib_a-mlock.o)
                0x0800a4c0                __malloc_lock
 .text.__malloc_unlock
                0x0800a4cc        0xc d:/stm32cubemx/gcc-arm-none-eabi-10.3-2021.10-win32/gcc-arm-none-eabi-10.3-2021.10/bin/../lib/gcc/arm-none-eabi/10.3.1/../../../../arm-none-eabi/lib/thumb/v7e-m/nofp\libg.a(lib_a-mlock.o)
                0x0800a4cc                __malloc_unlock
 .text._Balloc  0x0800a4d8       0x4c d:/stm32cubemx/gcc-arm-none-eabi-10.3-2021.10-win32/gcc-arm-none-eabi-10.3-2021.10/bin/../lib/gcc/arm-none-eabi/10.3.1/../../../../arm-none-eabi/lib/thumb/v7e-m/nofp\libg.a(lib_a-mprec.o)
                0x0800a4d8                _Balloc
 .text._Bfree   0x0800a524       0x14 d:/stm32cubemx/gcc-arm-none-eabi-10.3-2021.10-win32/gcc-arm-none-eabi-10.3-2021.10/bin/../lib/gcc/arm-none-eabi/10.3.1/../../../../arm-none-eabi/lib/thumb/v7e-m/nofp\libg.a(lib_a-mprec.o)
                0x0800a524                _Bfree
 .text.__multadd
                0x0800a538       0xa0 d:/stm32cubemx/gcc-arm-none-eabi-10.3-2021.10-win32/gcc-arm-none-eabi-10.3-2021.10/bin/../lib/gcc/arm-none-eabi/10.3.1/../../../../arm-none-eabi/lib/thumb/v7e-m/nofp\libg.a(lib_a-mprec.o)
                0x0800a538                __multadd
 .text.__s2b    0x0800a5d8       0xb4 d:/stm32cubemx/gcc-arm-none-eabi-10.3-2021.10-win32/gcc-arm-none-eabi-10.3-2021.10/bin/../lib/gcc/arm-none-eabi/10.3.1/../../../../arm-none-eabi/lib/thumb/v7e-m/nofp\libg.a(lib_a-mprec.o)
                0x0800a5d8                __s2b
 .text.__hi0bits
                0x0800a68c       0x40 d:/stm32cubemx/gcc-arm-none-eabi-10.3-2021.10-win32/gcc-arm-none-eabi-10.3-2021.10/bin/../lib/gcc/arm-none-eabi/10.3.1/../../../../arm-none-eabi/lib/thumb/v7e-m/nofp\libg.a(lib_a-mprec.o)
                0x0800a68c                __hi0bits
 .text.__lo0bits
                0x0800a6cc       0x5c d:/stm32cubemx/gcc-arm-none-eabi-10.3-2021.10-win32/gcc-arm-none-eabi-10.3-2021.10/bin/../lib/gcc/arm-none-eabi/10.3.1/../../../../arm-none-eabi/lib/thumb/v7e-m/nofp\libg.a(lib_a-mprec.o)
                0x0800a6cc                __lo0bits
 .text.__i2b    0x0800a728       0x5c d:/stm32cubemx/gcc-arm-none-eabi-10.3-2021.10-win32/gcc-arm-none-eabi-10.3-2021.10/bin/../lib/gcc/arm-none-eabi/10.3.1/../../../../arm-none-eabi/lib/thumb/v7e-m/nofp\libg.a(lib_a-mprec.o)
                0x0800a728                __i2b
 .text.__multiply
                0x0800a784      0x15c d:/stm32cubemx/gcc-arm-none-eabi-10.3-2021.10-win32/gcc-arm-none-eabi-10.3-2021.10/bin/../lib/gcc/arm-none-eabi/10.3.1/../../../../arm-none-eabi/lib/thumb/v7e-m/nofp\libg.a(lib_a-mprec.o)
                0x0800a784                __multiply
 .text.__pow5mult
                0x0800a8e0       0xc0 d:/stm32cubemx/gcc-arm-none-eabi-10.3-2021.10-win32/gcc-arm-none-eabi-10.3-2021.10/bin/../lib/gcc/arm-none-eabi/10.3.1/../../../../arm-none-eabi/lib/thumb/v7e-m/nofp\libg.a(lib_a-mprec.o)
                0x0800a8e0                __pow5mult
 .text.__lshift
                0x0800a9a0       0xf0 d:/stm32cubemx/gcc-arm-none-eabi-10.3-2021.10-win32/gcc-arm-none-eabi-10.3-2021.10/bin/../lib/gcc/arm-none-eabi/10.3.1/../../../../arm-none-eabi/lib/thumb/v7e-m/nofp\libg.a(lib_a-mprec.o)
                0x0800a9a0                __lshift
 .text.__mcmp   0x0800aa90       0x40 d:/stm32cubemx/gcc-arm-none-eabi-10.3-2021.10-win32/gcc-arm-none-eabi-10.3-2021.10/bin/../lib/gcc/arm-none-eabi/10.3.1/../../../../arm-none-eabi/lib/thumb/v7e-m/nofp\libg.a(lib_a-mprec.o)
                0x0800aa90                __mcmp
 .text.__mdiff  0x0800aad0      0x14c d:/stm32cubemx/gcc-arm-none-eabi-10.3-2021.10-win32/gcc-arm-none-eabi-10.3-2021.10/bin/../lib/gcc/arm-none-eabi/10.3.1/../../../../arm-none-eabi/lib/thumb/v7e-m/nofp\libg.a(lib_a-mprec.o)
                0x0800aad0                __mdiff
 .text.__ulp    0x0800ac1c       0x44 d:/stm32cubemx/gcc-arm-none-eabi-10.3-2021.10-win32/gcc-arm-none-eabi-10.3-2021.10/bin/../lib/gcc/arm-none-eabi/10.3.1/../../../../arm-none-eabi/lib/thumb/v7e-m/nofp\libg.a(lib_a-mprec.o)
                0x0800ac1c                __ulp
 .text.__b2d    0x0800ac60       0xd0 d:/stm32cubemx/gcc-arm-none-eabi-10.3-2021.10-win32/gcc-arm-none-eabi-10.3-2021.10/bin/../lib/gcc/arm-none-eabi/10.3.1/../../../../arm-none-eabi/lib/thumb/v7e-m/nofp\libg.a(lib_a-mprec.o)
                0x0800ac60                __b2d
 .text.__d2b    0x0800ad30       0xc4 d:/stm32cubemx/gcc-arm-none-eabi-10.3-2021.10-win32/gcc-arm-none-eabi-10.3-2021.10/bin/../lib/gcc/arm-none-eabi/10.3.1/../../../../arm-none-eabi/lib/thumb/v7e-m/nofp\libg.a(lib_a-mprec.o)
                0x0800ad30                __d2b
 .text.__ratio  0x0800adf4       0x5c d:/stm32cubemx/gcc-arm-none-eabi-10.3-2021.10-win32/gcc-arm-none-eabi-10.3-2021.10/bin/../lib/gcc/arm-none-eabi/10.3.1/../../../../arm-none-eabi/lib/thumb/v7e-m/nofp\libg.a(lib_a-mprec.o)
                0x0800adf4                __ratio
 .text.__copybits
                0x0800ae50       0x5c d:/stm32cubemx/gcc-arm-none-eabi-10.3-2021.10-win32/gcc-arm-none-eabi-10.3-2021.10/bin/../lib/gcc/arm-none-eabi/10.3.1/../../../../arm-none-eabi/lib/thumb/v7e-m/nofp\libg.a(lib_a-mprec.o)
                0x0800ae50                __copybits
 .text.__any_on
                0x0800aeac       0x60 d:/stm32cubemx/gcc-arm-none-eabi-10.3-2021.10-win32/gcc-arm-none-eabi-10.3-2021.10/bin/../lib/gcc/arm-none-eabi/10.3.1/../../../../arm-none-eabi/lib/thumb/v7e-m/nofp\libg.a(lib_a-mprec.o)
                0x0800aeac                __any_on
 .text._read_r  0x0800af0c       0x2c d:/stm32cubemx/gcc-arm-none-eabi-10.3-2021.10-win32/gcc-arm-none-eabi-10.3-2021.10/bin/../lib/gcc/arm-none-eabi/10.3.1/../../../../arm-none-eabi/lib/thumb/v7e-m/nofp\libg.a(lib_a-readr.o)
                0x0800af0c                _read_r
 .text.realloc  0x0800af38       0x18 d:/stm32cubemx/gcc-arm-none-eabi-10.3-2021.10-win32/gcc-arm-none-eabi-10.3-2021.10/bin/../lib/gcc/arm-none-eabi/10.3.1/../../../../arm-none-eabi/lib/thumb/v7e-m/nofp\libg.a(lib_a-realloc.o)
                0x0800af38                realloc
 .text._realloc_r
                0x0800af50      0x3d8 d:/stm32cubemx/gcc-arm-none-eabi-10.3-2021.10-win32/gcc-arm-none-eabi-10.3-2021.10/bin/../lib/gcc/arm-none-eabi/10.3.1/../../../../arm-none-eabi/lib/thumb/v7e-m/nofp\libg.a(lib_a-reallocr.o)
                0x0800af50                _realloc_r
 .text.frexp    0x0800b328       0x70 d:/stm32cubemx/gcc-arm-none-eabi-10.3-2021.10-win32/gcc-arm-none-eabi-10.3-2021.10/bin/../lib/gcc/arm-none-eabi/10.3.1/../../../../arm-none-eabi/lib/thumb/v7e-m/nofp\libg.a(lib_a-s_frexp.o)
                0x0800b328                frexp
 .text._sbrk_r  0x0800b398       0x24 d:/stm32cubemx/gcc-arm-none-eabi-10.3-2021.10-win32/gcc-arm-none-eabi-10.3-2021.10/bin/../lib/gcc/arm-none-eabi/10.3.1/../../../../arm-none-eabi/lib/thumb/v7e-m/nofp\libg.a(lib_a-sbrkr.o)
                0x0800b398                _sbrk_r
 .text.__sccl   0x0800b3bc       0x8c d:/stm32cubemx/gcc-arm-none-eabi-10.3-2021.10-win32/gcc-arm-none-eabi-10.3-2021.10/bin/../lib/gcc/arm-none-eabi/10.3.1/../../../../arm-none-eabi/lib/thumb/v7e-m/nofp\libg.a(lib_a-sccl.o)
                0x0800b3bc                __sccl
 .text.nanf     0x0800b448        0x8 d:/stm32cubemx/gcc-arm-none-eabi-10.3-2021.10-win32/gcc-arm-none-eabi-10.3-2021.10/bin/../lib/gcc/arm-none-eabi/10.3.1/../../../../arm-none-eabi/lib/thumb/v7e-m/nofp\libg.a(lib_a-sf_nan.o)
                0x0800b448                nanf
 .text.sprintf  0x0800b450       0x40 d:/stm32cubemx/gcc-arm-none-eabi-10.3-2021.10-win32/gcc-arm-none-eabi-10.3-2021.10/bin/../lib/gcc/arm-none-eabi/10.3.1/../../../../arm-none-eabi/lib/thumb/v7e-m/nofp\libg.a(lib_a-sprintf.o)
                0x0800b450                sprintf
 .text.strncpy  0x0800b490       0x64 d:/stm32cubemx/gcc-arm-none-eabi-10.3-2021.10-win32/gcc-arm-none-eabi-10.3-2021.10/bin/../lib/gcc/arm-none-eabi/10.3.1/../../../../arm-none-eabi/lib/thumb/v7e-m/nofp\libg.a(lib_a-strncpy.o)
                0x0800b490                strncpy
 *fill*         0x0800b4f4        0x4 
 .text._strtod_l
                0x0800b4f8      0xf30 d:/stm32cubemx/gcc-arm-none-eabi-10.3-2021.10-win32/gcc-arm-none-eabi-10.3-2021.10/bin/../lib/gcc/arm-none-eabi/10.3.1/../../../../arm-none-eabi/lib/thumb/v7e-m/nofp\libg.a(lib_a-strtod.o)
                0x0800b4f8                _strtod_l
 .text._strtod_r
                0x0800c428        0xc d:/stm32cubemx/gcc-arm-none-eabi-10.3-2021.10-win32/gcc-arm-none-eabi-10.3-2021.10/bin/../lib/gcc/arm-none-eabi/10.3.1/../../../../arm-none-eabi/lib/thumb/v7e-m/nofp\libg.a(lib_a-strtod.o)
                0x0800c428                _strtod_r
 .text._strtol_l.part.0
                0x0800c434      0x120 d:/stm32cubemx/gcc-arm-none-eabi-10.3-2021.10-win32/gcc-arm-none-eabi-10.3-2021.10/bin/../lib/gcc/arm-none-eabi/10.3.1/../../../../arm-none-eabi/lib/thumb/v7e-m/nofp\libg.a(lib_a-strtol.o)
 .text._strtol_r
                0x0800c554       0x1c d:/stm32cubemx/gcc-arm-none-eabi-10.3-2021.10-win32/gcc-arm-none-eabi-10.3-2021.10/bin/../lib/gcc/arm-none-eabi/10.3.1/../../../../arm-none-eabi/lib/thumb/v7e-m/nofp\libg.a(lib_a-strtol.o)
                0x0800c554                _strtol_r
 .text._strtoll_l.constprop.0
                0x0800c570      0x170 d:/stm32cubemx/gcc-arm-none-eabi-10.3-2021.10-win32/gcc-arm-none-eabi-10.3-2021.10/bin/../lib/gcc/arm-none-eabi/10.3.1/../../../../arm-none-eabi/lib/thumb/v7e-m/nofp\libg.a(lib_a-strtoll.o)
 .text._strtoll_r
                0x0800c6e0        0x4 d:/stm32cubemx/gcc-arm-none-eabi-10.3-2021.10-win32/gcc-arm-none-eabi-10.3-2021.10/bin/../lib/gcc/arm-none-eabi/10.3.1/../../../../arm-none-eabi/lib/thumb/v7e-m/nofp\libg.a(lib_a-strtoll.o)
                0x0800c6e0                _strtoll_r
 .text._strtoul_l.constprop.0
                0x0800c6e4      0x13c d:/stm32cubemx/gcc-arm-none-eabi-10.3-2021.10-win32/gcc-arm-none-eabi-10.3-2021.10/bin/../lib/gcc/arm-none-eabi/10.3.1/../../../../arm-none-eabi/lib/thumb/v7e-m/nofp\libg.a(lib_a-strtoul.o)
 .text._strtoul_r
                0x0800c820        0x4 d:/stm32cubemx/gcc-arm-none-eabi-10.3-2021.10-win32/gcc-arm-none-eabi-10.3-2021.10/bin/../lib/gcc/arm-none-eabi/10.3.1/../../../../arm-none-eabi/lib/thumb/v7e-m/nofp\libg.a(lib_a-strtoul.o)
                0x0800c820                _strtoul_r
 .text._strtoull_l.constprop.0
                0x0800c824      0x198 d:/stm32cubemx/gcc-arm-none-eabi-10.3-2021.10-win32/gcc-arm-none-eabi-10.3-2021.10/bin/../lib/gcc/arm-none-eabi/10.3.1/../../../../arm-none-eabi/lib/thumb/v7e-m/nofp\libg.a(lib_a-strtoull.o)
 .text._strtoull_r
                0x0800c9bc        0x4 d:/stm32cubemx/gcc-arm-none-eabi-10.3-2021.10-win32/gcc-arm-none-eabi-10.3-2021.10/bin/../lib/gcc/arm-none-eabi/10.3.1/../../../../arm-none-eabi/lib/thumb/v7e-m/nofp\libg.a(lib_a-strtoull.o)
                0x0800c9bc                _strtoull_r
 .text.__ssprint_r
                0x0800c9c0       0xf8 d:/stm32cubemx/gcc-arm-none-eabi-10.3-2021.10-win32/gcc-arm-none-eabi-10.3-2021.10/bin/../lib/gcc/arm-none-eabi/10.3.1/../../../../arm-none-eabi/lib/thumb/v7e-m/nofp\libg.a(lib_a-svfiprintf.o)
                0x0800c9c0                __ssprint_r
 .text._sungetc_r
                0x0800cab8       0x80 d:/stm32cubemx/gcc-arm-none-eabi-10.3-2021.10-win32/gcc-arm-none-eabi-10.3-2021.10/bin/../lib/gcc/arm-none-eabi/10.3.1/../../../../arm-none-eabi/lib/thumb/v7e-m/nofp\libg.a(lib_a-svfiscanf.o)
                0x0800cab8                _sungetc_r
 .text.__ssrefill_r
                0x0800cb38       0x3c d:/stm32cubemx/gcc-arm-none-eabi-10.3-2021.10-win32/gcc-arm-none-eabi-10.3-2021.10/bin/../lib/gcc/arm-none-eabi/10.3.1/../../../../arm-none-eabi/lib/thumb/v7e-m/nofp\libg.a(lib_a-svfiscanf.o)
                0x0800cb38                __ssrefill_r
 .text._sfread_r
                0x0800cb74       0xb4 d:/stm32cubemx/gcc-arm-none-eabi-10.3-2021.10-win32/gcc-arm-none-eabi-10.3-2021.10/bin/../lib/gcc/arm-none-eabi/10.3.1/../../../../arm-none-eabi/lib/thumb/v7e-m/nofp\libg.a(lib_a-svfiscanf.o)
                0x0800cb74                _sfread_r
 .text.__submore
                0x0800cc28       0x78 d:/stm32cubemx/gcc-arm-none-eabi-10.3-2021.10-win32/gcc-arm-none-eabi-10.3-2021.10/bin/../lib/gcc/arm-none-eabi/10.3.1/../../../../arm-none-eabi/lib/thumb/v7e-m/nofp\libg.a(lib_a-ungetc.o)
                0x0800cc28                __submore
 .text.__ascii_wctomb
                0x0800cca0       0x1c d:/stm32cubemx/gcc-arm-none-eabi-10.3-2021.10-win32/gcc-arm-none-eabi-10.3-2021.10/bin/../lib/gcc/arm-none-eabi/10.3.1/../../../../arm-none-eabi/lib/thumb/v7e-m/nofp\libg.a(lib_a-wctomb_r.o)
                0x0800cca0                __ascii_wctomb
 .text.__register_exitproc
                0x0800ccbc       0x8c d:/stm32cubemx/gcc-arm-none-eabi-10.3-2021.10-win32/gcc-arm-none-eabi-10.3-2021.10/bin/../lib/gcc/arm-none-eabi/10.3.1/../../../../arm-none-eabi/lib/thumb/v7e-m/nofp\libg.a(lib_a-__atexit.o)
                0x0800ccbc                __register_exitproc
 .text.__assert_func
                0x0800cd48       0x40 d:/stm32cubemx/gcc-arm-none-eabi-10.3-2021.10-win32/gcc-arm-none-eabi-10.3-2021.10/bin/../lib/gcc/arm-none-eabi/10.3.1/../../../../arm-none-eabi/lib/thumb/v7e-m/nofp\libg.a(lib_a-assert.o)
                0x0800cd48                __assert_func
 .text._calloc_r
                0x0800cd88       0x78 d:/stm32cubemx/gcc-arm-none-eabi-10.3-2021.10-win32/gcc-arm-none-eabi-10.3-2021.10/bin/../lib/gcc/arm-none-eabi/10.3.1/../../../../arm-none-eabi/lib/thumb/v7e-m/nofp\libg.a(lib_a-callocr.o)
                0x0800cd88                _calloc_r
 .text.__sflush_r
                0x0800ce00      0x120 d:/stm32cubemx/gcc-arm-none-eabi-10.3-2021.10-win32/gcc-arm-none-eabi-10.3-2021.10/bin/../lib/gcc/arm-none-eabi/10.3.1/../../../../arm-none-eabi/lib/thumb/v7e-m/nofp\libg.a(lib_a-fflush.o)
                0x0800ce00                __sflush_r
 .text._fflush_r
                0x0800cf20       0x5c d:/stm32cubemx/gcc-arm-none-eabi-10.3-2021.10-win32/gcc-arm-none-eabi-10.3-2021.10/bin/../lib/gcc/arm-none-eabi/10.3.1/../../../../arm-none-eabi/lib/thumb/v7e-m/nofp\libg.a(lib_a-fflush.o)
                0x0800cf20                _fflush_r
 .text._cleanup_r
                0x0800cf7c        0xc d:/stm32cubemx/gcc-arm-none-eabi-10.3-2021.10-win32/gcc-arm-none-eabi-10.3-2021.10/bin/../lib/gcc/arm-none-eabi/10.3.1/../../../../arm-none-eabi/lib/thumb/v7e-m/nofp\libg.a(lib_a-findfp.o)
                0x0800cf7c                _cleanup_r
 .text.__sinit  0x0800cf88      0x10c d:/stm32cubemx/gcc-arm-none-eabi-10.3-2021.10-win32/gcc-arm-none-eabi-10.3-2021.10/bin/../lib/gcc/arm-none-eabi/10.3.1/../../../../arm-none-eabi/lib/thumb/v7e-m/nofp\libg.a(lib_a-findfp.o)
                0x0800cf88                __sinit
 .text.__sfp_lock_acquire
                0x0800d094        0xc d:/stm32cubemx/gcc-arm-none-eabi-10.3-2021.10-win32/gcc-arm-none-eabi-10.3-2021.10/bin/../lib/gcc/arm-none-eabi/10.3.1/../../../../arm-none-eabi/lib/thumb/v7e-m/nofp\libg.a(lib_a-findfp.o)
                0x0800d094                __sfp_lock_acquire
 .text.__sfp_lock_release
                0x0800d0a0        0xc d:/stm32cubemx/gcc-arm-none-eabi-10.3-2021.10-win32/gcc-arm-none-eabi-10.3-2021.10/bin/../lib/gcc/arm-none-eabi/10.3.1/../../../../arm-none-eabi/lib/thumb/v7e-m/nofp\libg.a(lib_a-findfp.o)
                0x0800d0a0                __sfp_lock_release
 .text.fiprintf
                0x0800d0ac       0x28 d:/stm32cubemx/gcc-arm-none-eabi-10.3-2021.10-win32/gcc-arm-none-eabi-10.3-2021.10/bin/../lib/gcc/arm-none-eabi/10.3.1/../../../../arm-none-eabi/lib/thumb/v7e-m/nofp\libg.a(lib_a-fiprintf.o)
                0x0800d0ac                fiprintf
 .text._fwalk_reent
                0x0800d0d4       0x48 d:/stm32cubemx/gcc-arm-none-eabi-10.3-2021.10-win32/gcc-arm-none-eabi-10.3-2021.10/bin/../lib/gcc/arm-none-eabi/10.3.1/../../../../arm-none-eabi/lib/thumb/v7e-m/nofp\libg.a(lib_a-fwalk.o)
                0x0800d0d4                _fwalk_reent
 .text.rshift   0x0800d11c       0xa4 d:/stm32cubemx/gcc-arm-none-eabi-10.3-2021.10-win32/gcc-arm-none-eabi-10.3-2021.10/bin/../lib/gcc/arm-none-eabi/10.3.1/../../../../arm-none-eabi/lib/thumb/v7e-m/nofp\libg.a(lib_a-gdtoa-gethex.o)
 .text.__gethex
                0x0800d1c0      0x5bc d:/stm32cubemx/gcc-arm-none-eabi-10.3-2021.10-win32/gcc-arm-none-eabi-10.3-2021.10/bin/../lib/gcc/arm-none-eabi/10.3.1/../../../../arm-none-eabi/lib/thumb/v7e-m/nofp\libg.a(lib_a-gdtoa-gethex.o)
                0x0800d1c0                __gethex
 .text.__match  0x0800d77c       0x34 d:/stm32cubemx/gcc-arm-none-eabi-10.3-2021.10-win32/gcc-arm-none-eabi-10.3-2021.10/bin/../lib/gcc/arm-none-eabi/10.3.1/../../../../arm-none-eabi/lib/thumb/v7e-m/nofp\libg.a(lib_a-gdtoa-hexnan.o)
                0x0800d77c                __match
 .text.__hexnan
                0x0800d7b0      0x1ac d:/stm32cubemx/gcc-arm-none-eabi-10.3-2021.10-win32/gcc-arm-none-eabi-10.3-2021.10/bin/../lib/gcc/arm-none-eabi/10.3.1/../../../../arm-none-eabi/lib/thumb/v7e-m/nofp\libg.a(lib_a-gdtoa-hexnan.o)
                0x0800d7b0                __hexnan
 .text.memmove  0x0800d95c       0xf8 d:/stm32cubemx/gcc-arm-none-eabi-10.3-2021.10-win32/gcc-arm-none-eabi-10.3-2021.10/bin/../lib/gcc/arm-none-eabi/10.3.1/../../../../arm-none-eabi/lib/thumb/v7e-m/nofp\libg.a(lib_a-memmove.o)
                0x0800d95c                memmove
 .text.nan      0x0800da54        0xc d:/stm32cubemx/gcc-arm-none-eabi-10.3-2021.10-win32/gcc-arm-none-eabi-10.3-2021.10/bin/../lib/gcc/arm-none-eabi/10.3.1/../../../../arm-none-eabi/lib/thumb/v7e-m/nofp\libg.a(lib_a-s_nan.o)
                0x0800da54                nan
 .text.strncmp  0x0800da60       0x80 d:/stm32cubemx/gcc-arm-none-eabi-10.3-2021.10-win32/gcc-arm-none-eabi-10.3-2021.10/bin/../lib/gcc/arm-none-eabi/10.3.1/../../../../arm-none-eabi/lib/thumb/v7e-m/nofp\libg.a(lib_a-strncmp.o)
                0x0800da60                strncmp
 .text.__sprint_r.part.0
                0x0800dae0       0x78 d:/stm32cubemx/gcc-arm-none-eabi-10.3-2021.10-win32/gcc-arm-none-eabi-10.3-2021.10/bin/../lib/gcc/arm-none-eabi/10.3.1/../../../../arm-none-eabi/lib/thumb/v7e-m/nofp\libg.a(lib_a-vfiprintf.o)
 .text._vfiprintf_r
                0x0800db58      0xda0 d:/stm32cubemx/gcc-arm-none-eabi-10.3-2021.10-win32/gcc-arm-none-eabi-10.3-2021.10/bin/../lib/gcc/arm-none-eabi/10.3.1/../../../../arm-none-eabi/lib/thumb/v7e-m/nofp\libg.a(lib_a-vfiprintf.o)
                0x0800db58                _vfiprintf_r
 .text.__sbprintf
                0x0800e8f8       0x80 d:/stm32cubemx/gcc-arm-none-eabi-10.3-2021.10-win32/gcc-arm-none-eabi-10.3-2021.10/bin/../lib/gcc/arm-none-eabi/10.3.1/../../../../arm-none-eabi/lib/thumb/v7e-m/nofp\libg.a(lib_a-vfiprintf.o)
 .text.__swsetup_r
                0x0800e978       0xd4 d:/stm32cubemx/gcc-arm-none-eabi-10.3-2021.10-win32/gcc-arm-none-eabi-10.3-2021.10/bin/../lib/gcc/arm-none-eabi/10.3.1/../../../../arm-none-eabi/lib/thumb/v7e-m/nofp\libg.a(lib_a-wsetup.o)
                0x0800e978                __swsetup_r
 .text.abort    0x0800ea4c       0x10 d:/stm32cubemx/gcc-arm-none-eabi-10.3-2021.10-win32/gcc-arm-none-eabi-10.3-2021.10/bin/../lib/gcc/arm-none-eabi/10.3.1/../../../../arm-none-eabi/lib/thumb/v7e-m/nofp\libg.a(lib_a-abort.o)
                0x0800ea4c                abort
 .text._fclose_r
                0x0800ea5c       0xcc d:/stm32cubemx/gcc-arm-none-eabi-10.3-2021.10-win32/gcc-arm-none-eabi-10.3-2021.10/bin/../lib/gcc/arm-none-eabi/10.3.1/../../../../arm-none-eabi/lib/thumb/v7e-m/nofp\libg.a(lib_a-fclose.o)
                0x0800ea5c                _fclose_r
 .text.__fputwc
                0x0800eb28       0xa8 d:/stm32cubemx/gcc-arm-none-eabi-10.3-2021.10-win32/gcc-arm-none-eabi-10.3-2021.10/bin/../lib/gcc/arm-none-eabi/10.3.1/../../../../arm-none-eabi/lib/thumb/v7e-m/nofp\libg.a(lib_a-fputwc.o)
                0x0800eb28                __fputwc
 .text._fputwc_r
                0x0800ebd0       0x68 d:/stm32cubemx/gcc-arm-none-eabi-10.3-2021.10-win32/gcc-arm-none-eabi-10.3-2021.10/bin/../lib/gcc/arm-none-eabi/10.3.1/../../../../arm-none-eabi/lib/thumb/v7e-m/nofp\libg.a(lib_a-fputwc.o)
                0x0800ebd0                _fputwc_r
 .text.__sfvwrite_r
                0x0800ec38      0x2e8 d:/stm32cubemx/gcc-arm-none-eabi-10.3-2021.10-win32/gcc-arm-none-eabi-10.3-2021.10/bin/../lib/gcc/arm-none-eabi/10.3.1/../../../../arm-none-eabi/lib/thumb/v7e-m/nofp\libg.a(lib_a-fvwrite.o)
                0x0800ec38                __sfvwrite_r
 .text.__smakebuf_r
                0x0800ef20       0xe0 d:/stm32cubemx/gcc-arm-none-eabi-10.3-2021.10-win32/gcc-arm-none-eabi-10.3-2021.10/bin/../lib/gcc/arm-none-eabi/10.3.1/../../../../arm-none-eabi/lib/thumb/v7e-m/nofp\libg.a(lib_a-makebuf.o)
                0x0800ef20                __smakebuf_r
 .text.raise    0x0800f000       0x5c d:/stm32cubemx/gcc-arm-none-eabi-10.3-2021.10-win32/gcc-arm-none-eabi-10.3-2021.10/bin/../lib/gcc/arm-none-eabi/10.3.1/../../../../arm-none-eabi/lib/thumb/v7e-m/nofp\libg.a(lib_a-signal.o)
                0x0800f000                raise
 .text._kill_r  0x0800f05c       0x2c d:/stm32cubemx/gcc-arm-none-eabi-10.3-2021.10-win32/gcc-arm-none-eabi-10.3-2021.10/bin/../lib/gcc/arm-none-eabi/10.3.1/../../../../arm-none-eabi/lib/thumb/v7e-m/nofp\libg.a(lib_a-signalr.o)
                0x0800f05c                _kill_r
 .text._getpid_r
                0x0800f088        0x4 d:/stm32cubemx/gcc-arm-none-eabi-10.3-2021.10-win32/gcc-arm-none-eabi-10.3-2021.10/bin/../lib/gcc/arm-none-eabi/10.3.1/../../../../arm-none-eabi/lib/thumb/v7e-m/nofp\libg.a(lib_a-signalr.o)
                0x0800f088                _getpid_r
 .text.__swbuf_r
                0x0800f08c       0xb0 d:/stm32cubemx/gcc-arm-none-eabi-10.3-2021.10-win32/gcc-arm-none-eabi-10.3-2021.10/bin/../lib/gcc/arm-none-eabi/10.3.1/../../../../arm-none-eabi/lib/thumb/v7e-m/nofp\libg.a(lib_a-wbuf.o)
                0x0800f08c                __swbuf_r
 .text._wcrtomb_r
                0x0800f13c       0x3c d:/stm32cubemx/gcc-arm-none-eabi-10.3-2021.10-win32/gcc-arm-none-eabi-10.3-2021.10/bin/../lib/gcc/arm-none-eabi/10.3.1/../../../../arm-none-eabi/lib/thumb/v7e-m/nofp\libg.a(lib_a-wcrtomb.o)
                0x0800f13c                _wcrtomb_r
 .text._fstat_r
                0x0800f178       0x2c d:/stm32cubemx/gcc-arm-none-eabi-10.3-2021.10-win32/gcc-arm-none-eabi-10.3-2021.10/bin/../lib/gcc/arm-none-eabi/10.3.1/../../../../arm-none-eabi/lib/thumb/v7e-m/nofp\libg.a(lib_a-fstatr.o)
                0x0800f178                _fstat_r
 .text._isatty_r
                0x0800f1a4       0x24 d:/stm32cubemx/gcc-arm-none-eabi-10.3-2021.10-win32/gcc-arm-none-eabi-10.3-2021.10/bin/../lib/gcc/arm-none-eabi/10.3.1/../../../../arm-none-eabi/lib/thumb/v7e-m/nofp\libg.a(lib_a-isattyr.o)
                0x0800f1a4                _isatty_r
 *(.glue_7)
 .glue_7        0x0800f1c8        0x0 linker stubs
 *(.glue_7t)
 .glue_7t       0x0800f1c8        0x0 linker stubs
 *(.eh_frame)
 .eh_frame      0x0800f1c8        0x0 d:/stm32cubemx/gcc-arm-none-eabi-10.3-2021.10-win32/gcc-arm-none-eabi-10.3-2021.10/bin/../lib/gcc/arm-none-eabi/10.3.1/thumb/v7e-m/nofp/crtbegin.o
 *(.init)
 .init          0x0800f1c8        0x4 d:/stm32cubemx/gcc-arm-none-eabi-10.3-2021.10-win32/gcc-arm-none-eabi-10.3-2021.10/bin/../lib/gcc/arm-none-eabi/10.3.1/thumb/v7e-m/nofp/crti.o
                0x0800f1c8                _init
 .init          0x0800f1cc        0x8 d:/stm32cubemx/gcc-arm-none-eabi-10.3-2021.10-win32/gcc-arm-none-eabi-10.3-2021.10/bin/../lib/gcc/arm-none-eabi/10.3.1/thumb/v7e-m/nofp/crtn.o
 *(.fini)
 .fini          0x0800f1d4        0x4 d:/stm32cubemx/gcc-arm-none-eabi-10.3-2021.10-win32/gcc-arm-none-eabi-10.3-2021.10/bin/../lib/gcc/arm-none-eabi/10.3.1/thumb/v7e-m/nofp/crti.o
                0x0800f1d4                _fini
 .fini          0x0800f1d8        0x8 d:/stm32cubemx/gcc-arm-none-eabi-10.3-2021.10-win32/gcc-arm-none-eabi-10.3-2021.10/bin/../lib/gcc/arm-none-eabi/10.3.1/thumb/v7e-m/nofp/crtn.o
                0x0800f1e0                . = ALIGN (0x4)
                0x0800f1e0                _etext = .

.vfp11_veneer   0x0800f1e0        0x0
 .vfp11_veneer  0x0800f1e0        0x0 linker stubs

.v4_bx          0x0800f1e0        0x0
 .v4_bx         0x0800f1e0        0x0 linker stubs

.iplt           0x0800f1e0        0x0
 .iplt          0x0800f1e0        0x0 d:/stm32cubemx/gcc-arm-none-eabi-10.3-2021.10-win32/gcc-arm-none-eabi-10.3-2021.10/bin/../lib/gcc/arm-none-eabi/10.3.1/thumb/v7e-m/nofp/crtbegin.o

.rodata         0x0800f1e0      0x6dc
                0x0800f1e0                . = ALIGN (0x4)
 *(.rodata)
 *(.rodata*)
 .rodata.AHBPrescTable
                0x0800f1e0       0x10 CMakeFiles/M2006_Motor_Control.elf.dir/Core/Src/system_stm32g4xx.c.obj
                0x0800f1e0                AHBPrescTable
 .rodata.APBPrescTable
                0x0800f1f0        0x8 CMakeFiles/M2006_Motor_Control.elf.dir/Core/Src/system_stm32g4xx.c.obj
                0x0800f1f0                APBPrescTable
 .rodata.VOFA_ProcessCommand.str1.4
                0x0800f1f8       0x4e CMakeFiles/M2006_Motor_Control.elf.dir/Core/Src/vofa_protocol.c.obj
 *fill*         0x0800f246        0x2 
 .rodata.VOFA_SendData.str1.4
                0x0800f248       0x15 CMakeFiles/M2006_Motor_Control.elf.dir/Core/Src/vofa_protocol.c.obj
 *fill*         0x0800f25d        0x3 
 .rodata.DLCtoBytes
                0x0800f260       0x10 CMakeFiles/M2006_Motor_Control.elf.dir/Drivers/STM32G4xx_HAL_Driver/Src/stm32g4xx_hal_fdcan.c.obj
 .rodata.UARTPrescTable
                0x0800f270       0x18 CMakeFiles/M2006_Motor_Control.elf.dir/Drivers/STM32G4xx_HAL_Driver/Src/stm32g4xx_hal_uart.c.obj
                0x0800f270                UARTPrescTable
 .rodata.denominator.0
                0x0800f288        0x8 CMakeFiles/M2006_Motor_Control.elf.dir/Drivers/STM32G4xx_HAL_Driver/Src/stm32g4xx_hal_uart_ex.c.obj
 .rodata.numerator.1
                0x0800f290        0x8 CMakeFiles/M2006_Motor_Control.elf.dir/Drivers/STM32G4xx_HAL_Driver/Src/stm32g4xx_hal_uart_ex.c.obj
 .rodata._global_impure_ptr
                0x0800f298        0x4 d:/stm32cubemx/gcc-arm-none-eabi-10.3-2021.10-win32/gcc-arm-none-eabi-10.3-2021.10/bin/../lib/gcc/arm-none-eabi/10.3.1/../../../../arm-none-eabi/lib/thumb/v7e-m/nofp\libg.a(lib_a-impure.o)
                0x0800f298                _global_impure_ptr
 .rodata._svfprintf_r.str1.4
                0x0800f29c       0x42 d:/stm32cubemx/gcc-arm-none-eabi-10.3-2021.10-win32/gcc-arm-none-eabi-10.3-2021.10/bin/../lib/gcc/arm-none-eabi/10.3.1/../../../../arm-none-eabi/lib/thumb/v7e-m/nofp\libg.a(lib_a-svfprintf.o)
 *fill*         0x0800f2de        0x2 
 .rodata.blanks.1
                0x0800f2e0       0x10 d:/stm32cubemx/gcc-arm-none-eabi-10.3-2021.10-win32/gcc-arm-none-eabi-10.3-2021.10/bin/../lib/gcc/arm-none-eabi/10.3.1/../../../../arm-none-eabi/lib/thumb/v7e-m/nofp\libg.a(lib_a-svfprintf.o)
 .rodata.zeroes.0
                0x0800f2f0       0x10 d:/stm32cubemx/gcc-arm-none-eabi-10.3-2021.10-win32/gcc-arm-none-eabi-10.3-2021.10/bin/../lib/gcc/arm-none-eabi/10.3.1/../../../../arm-none-eabi/lib/thumb/v7e-m/nofp\libg.a(lib_a-svfprintf.o)
 .rodata.__ssvfscanf_r.str1.4
                0x0800f300        0x5 d:/stm32cubemx/gcc-arm-none-eabi-10.3-2021.10-win32/gcc-arm-none-eabi-10.3-2021.10/bin/../lib/gcc/arm-none-eabi/10.3.1/../../../../arm-none-eabi/lib/thumb/v7e-m/nofp\libg.a(lib_a-svfscanf.o)
                                  0x9 (size before relaxing)
 *fill*         0x0800f305        0x3 
 .rodata.basefix.0
                0x0800f308       0x22 d:/stm32cubemx/gcc-arm-none-eabi-10.3-2021.10-win32/gcc-arm-none-eabi-10.3-2021.10/bin/../lib/gcc/arm-none-eabi/10.3.1/../../../../arm-none-eabi/lib/thumb/v7e-m/nofp\libg.a(lib_a-svfscanf.o)
 *fill*         0x0800f32a        0x2 
 .rodata._ctype_
                0x0800f32c      0x101 d:/stm32cubemx/gcc-arm-none-eabi-10.3-2021.10-win32/gcc-arm-none-eabi-10.3-2021.10/bin/../lib/gcc/arm-none-eabi/10.3.1/../../../../arm-none-eabi/lib/thumb/v7e-m/nofp\libg.a(lib_a-ctype_.o)
                0x0800f32c                _ctype_
 *fill*         0x0800f42d        0x3 
 .rodata._dtoa_r.str1.4
                0x0800f430       0xa2 d:/stm32cubemx/gcc-arm-none-eabi-10.3-2021.10-win32/gcc-arm-none-eabi-10.3-2021.10/bin/../lib/gcc/arm-none-eabi/10.3.1/../../../../arm-none-eabi/lib/thumb/v7e-m/nofp\libg.a(lib_a-dtoa.o)
                                 0xa6 (size before relaxing)
 *fill*         0x0800f4d2        0x2 
 .rodata._setlocale_r.str1.4
                0x0800f4d4        0xa d:/stm32cubemx/gcc-arm-none-eabi-10.3-2021.10-win32/gcc-arm-none-eabi-10.3-2021.10/bin/../lib/gcc/arm-none-eabi/10.3.1/../../../../arm-none-eabi/lib/thumb/v7e-m/nofp\libg.a(lib_a-locale.o)
                                  0xd (size before relaxing)
 *fill*         0x0800f4de        0x2 
 .rodata.str1.4
                0x0800f4e0        0x2 d:/stm32cubemx/gcc-arm-none-eabi-10.3-2021.10-win32/gcc-arm-none-eabi-10.3-2021.10/bin/../lib/gcc/arm-none-eabi/10.3.1/../../../../arm-none-eabi/lib/thumb/v7e-m/nofp\libg.a(lib_a-locale.o)
 .rodata._mbrtowc_r.str1.4
                0x0800f4e2        0x1 d:/stm32cubemx/gcc-arm-none-eabi-10.3-2021.10-win32/gcc-arm-none-eabi-10.3-2021.10/bin/../lib/gcc/arm-none-eabi/10.3.1/../../../../arm-none-eabi/lib/thumb/v7e-m/nofp\libg.a(lib_a-mbrtowc.o)
 *fill*         0x0800f4e2        0x2 
 .rodata.__multadd.str1.4
                0x0800f4e4       0x7f d:/stm32cubemx/gcc-arm-none-eabi-10.3-2021.10-win32/gcc-arm-none-eabi-10.3-2021.10/bin/../lib/gcc/arm-none-eabi/10.3.1/../../../../arm-none-eabi/lib/thumb/v7e-m/nofp\libg.a(lib_a-mprec.o)
                                 0x93 (size before relaxing)
 *fill*         0x0800f563        0x5 
 .rodata.__mprec_bigtens
                0x0800f568       0x28 d:/stm32cubemx/gcc-arm-none-eabi-10.3-2021.10-win32/gcc-arm-none-eabi-10.3-2021.10/bin/../lib/gcc/arm-none-eabi/10.3.1/../../../../arm-none-eabi/lib/thumb/v7e-m/nofp\libg.a(lib_a-mprec.o)
                0x0800f568                __mprec_bigtens
 .rodata.__mprec_tens
                0x0800f590       0xc8 d:/stm32cubemx/gcc-arm-none-eabi-10.3-2021.10-win32/gcc-arm-none-eabi-10.3-2021.10/bin/../lib/gcc/arm-none-eabi/10.3.1/../../../../arm-none-eabi/lib/thumb/v7e-m/nofp\libg.a(lib_a-mprec.o)
                0x0800f590                __mprec_tens
 .rodata.p05.0  0x0800f658        0xc d:/stm32cubemx/gcc-arm-none-eabi-10.3-2021.10-win32/gcc-arm-none-eabi-10.3-2021.10/bin/../lib/gcc/arm-none-eabi/10.3.1/../../../../arm-none-eabi/lib/thumb/v7e-m/nofp\libg.a(lib_a-mprec.o)
 .rodata._strtod_l.str1.4
                0x0800f664        0xf d:/stm32cubemx/gcc-arm-none-eabi-10.3-2021.10-win32/gcc-arm-none-eabi-10.3-2021.10/bin/../lib/gcc/arm-none-eabi/10.3.1/../../../../arm-none-eabi/lib/thumb/v7e-m/nofp\libg.a(lib_a-strtod.o)
                                 0x11 (size before relaxing)
 *fill*         0x0800f673        0x1 
 .rodata.fpi.1  0x0800f674       0x14 d:/stm32cubemx/gcc-arm-none-eabi-10.3-2021.10-win32/gcc-arm-none-eabi-10.3-2021.10/bin/../lib/gcc/arm-none-eabi/10.3.1/../../../../arm-none-eabi/lib/thumb/v7e-m/nofp\libg.a(lib_a-strtod.o)
 .rodata.fpinan.0
                0x0800f688       0x14 d:/stm32cubemx/gcc-arm-none-eabi-10.3-2021.10-win32/gcc-arm-none-eabi-10.3-2021.10/bin/../lib/gcc/arm-none-eabi/10.3.1/../../../../arm-none-eabi/lib/thumb/v7e-m/nofp\libg.a(lib_a-strtod.o)
 *fill*         0x0800f69c        0x4 
 .rodata.tinytens
                0x0800f6a0       0x28 d:/stm32cubemx/gcc-arm-none-eabi-10.3-2021.10-win32/gcc-arm-none-eabi-10.3-2021.10/bin/../lib/gcc/arm-none-eabi/10.3.1/../../../../arm-none-eabi/lib/thumb/v7e-m/nofp\libg.a(lib_a-strtod.o)
 .rodata.__assert_func.str1.4
                0x0800f6c8       0x3f d:/stm32cubemx/gcc-arm-none-eabi-10.3-2021.10-win32/gcc-arm-none-eabi-10.3-2021.10/bin/../lib/gcc/arm-none-eabi/10.3.1/../../../../arm-none-eabi/lib/thumb/v7e-m/nofp\libg.a(lib_a-assert.o)
                                 0x43 (size before relaxing)
 *fill*         0x0800f707        0x1 
 .rodata.__gethex.str1.4
                0x0800f708       0x86 d:/stm32cubemx/gcc-arm-none-eabi-10.3-2021.10-win32/gcc-arm-none-eabi-10.3-2021.10/bin/../lib/gcc/arm-none-eabi/10.3.1/../../../../arm-none-eabi/lib/thumb/v7e-m/nofp\libg.a(lib_a-gdtoa-gethex.o)
                                 0x9a (size before relaxing)
 *fill*         0x0800f78e        0x2 
 .rodata.__hexdig
                0x0800f790      0x100 d:/stm32cubemx/gcc-arm-none-eabi-10.3-2021.10-win32/gcc-arm-none-eabi-10.3-2021.10/bin/../lib/gcc/arm-none-eabi/10.3.1/../../../../arm-none-eabi/lib/thumb/v7e-m/nofp\libg.a(lib_a-gdtoa-gethex.o)
                0x0800f790                __hexdig
 .rodata.str1.4
                0x0800f890        0x5 d:/stm32cubemx/gcc-arm-none-eabi-10.3-2021.10-win32/gcc-arm-none-eabi-10.3-2021.10/bin/../lib/gcc/arm-none-eabi/10.3.1/../../../../arm-none-eabi/lib/thumb/v7e-m/nofp\libg.a(lib_a-lnumeric.o)
 .rodata._C_numeric_locale
                0x0800f890        0xc d:/stm32cubemx/gcc-arm-none-eabi-10.3-2021.10-win32/gcc-arm-none-eabi-10.3-2021.10/bin/../lib/gcc/arm-none-eabi/10.3.1/../../../../arm-none-eabi/lib/thumb/v7e-m/nofp\libg.a(lib_a-lnumeric.o)
                0x0800f890                _C_numeric_locale
 .rodata._vfiprintf_r.str1.4
                0x0800f89c       0x2f d:/stm32cubemx/gcc-arm-none-eabi-10.3-2021.10-win32/gcc-arm-none-eabi-10.3-2021.10/bin/../lib/gcc/arm-none-eabi/10.3.1/../../../../arm-none-eabi/lib/thumb/v7e-m/nofp\libg.a(lib_a-vfiprintf.o)
 .rodata.blanks.1
                0x0800f89c       0x10 d:/stm32cubemx/gcc-arm-none-eabi-10.3-2021.10-win32/gcc-arm-none-eabi-10.3-2021.10/bin/../lib/gcc/arm-none-eabi/10.3.1/../../../../arm-none-eabi/lib/thumb/v7e-m/nofp\libg.a(lib_a-vfiprintf.o)