Archive member included to satisfy reference by file (symbol)

d:/stm32cubemx/gcc-arm-none-eabi-10.3-2021.10-win32/gcc-arm-none-eabi-10.3-2021.10/bin/../lib/gcc/arm-none-eabi/10.3.1/thumb/v7e-m/nofp\libgcc.a(_arm_mulsf3.o)
                              CMakeFiles/M3508_Motor_Control.elf.dir/Core/Src/m3508_motor.c.obj (__aeabi_fmul)
d:/stm32cubemx/gcc-arm-none-eabi-10.3-2021.10-win32/gcc-arm-none-eabi-10.3-2021.10/bin/../lib/gcc/arm-none-eabi/10.3.1/thumb/v7e-m/nofp\libgcc.a(_arm_addsubsf3.o)
                              CMakeFiles/M3508_Motor_Control.elf.dir/Core/Src/pid_controller.c.obj (__aeabi_fsub)
d:/stm32cubemx/gcc-arm-none-eabi-10.3-2021.10-win32/gcc-arm-none-eabi-10.3-2021.10/bin/../lib/gcc/arm-none-eabi/10.3.1/thumb/v7e-m/nofp\libgcc.a(_arm_muldivsf3.o)
                              CMakeFiles/M3508_Motor_Control.elf.dir/Core/Src/m3508_motor.c.obj (__aeabi_fdiv)
d:/stm32cubemx/gcc-arm-none-eabi-10.3-2021.10-win32/gcc-arm-none-eabi-10.3-2021.10/bin/../lib/gcc/arm-none-eabi/10.3.1/thumb/v7e-m/nofp\libgcc.a(_arm_cmpsf2.o)
                              CMakeFiles/M3508_Motor_Control.elf.dir/Core/Src/m3508_motor.c.obj (__aeabi_fcmpeq)
d:/stm32cubemx/gcc-arm-none-eabi-10.3-2021.10-win32/gcc-arm-none-eabi-10.3-2021.10/bin/../lib/gcc/arm-none-eabi/10.3.1/thumb/v7e-m/nofp\libgcc.a(_arm_fixsfsi.o)
                              CMakeFiles/M3508_Motor_Control.elf.dir/Core/Src/m3508_motor.c.obj (__aeabi_f2iz)
d:/stm32cubemx/gcc-arm-none-eabi-10.3-2021.10-win32/gcc-arm-none-eabi-10.3-2021.10/bin/../lib/gcc/arm-none-eabi/10.3.1/../../../../arm-none-eabi/lib/thumb/v7e-m/nofp\libg.a(lib_a-errno.o)
                              CMakeFiles/M3508_Motor_Control.elf.dir/Core/Src/syscalls.c.obj (__errno)
d:/stm32cubemx/gcc-arm-none-eabi-10.3-2021.10-win32/gcc-arm-none-eabi-10.3-2021.10/bin/../lib/gcc/arm-none-eabi/10.3.1/../../../../arm-none-eabi/lib/thumb/v7e-m/nofp\libg.a(lib_a-exit.o)
                              d:/stm32cubemx/gcc-arm-none-eabi-10.3-2021.10-win32/gcc-arm-none-eabi-10.3-2021.10/bin/../lib/gcc/arm-none-eabi/10.3.1/../../../../arm-none-eabi/lib/thumb/v7e-m/nofp/crt0.o (exit)
d:/stm32cubemx/gcc-arm-none-eabi-10.3-2021.10-win32/gcc-arm-none-eabi-10.3-2021.10/bin/../lib/gcc/arm-none-eabi/10.3.1/../../../../arm-none-eabi/lib/thumb/v7e-m/nofp\libg.a(lib_a-impure.o)
                              d:/stm32cubemx/gcc-arm-none-eabi-10.3-2021.10-win32/gcc-arm-none-eabi-10.3-2021.10/bin/../lib/gcc/arm-none-eabi/10.3.1/../../../../arm-none-eabi/lib/thumb/v7e-m/nofp\libg.a(lib_a-exit.o) (_global_impure_ptr)
d:/stm32cubemx/gcc-arm-none-eabi-10.3-2021.10-win32/gcc-arm-none-eabi-10.3-2021.10/bin/../lib/gcc/arm-none-eabi/10.3.1/../../../../arm-none-eabi/lib/thumb/v7e-m/nofp\libg.a(lib_a-init.o)
                              d:/stm32cubemx/gcc-arm-none-eabi-10.3-2021.10-win32/gcc-arm-none-eabi-10.3-2021.10/bin/../lib/gcc/arm-none-eabi/10.3.1/../../../../arm-none-eabi/lib/thumb/v7e-m/nofp/crt0.o (__libc_init_array)
d:/stm32cubemx/gcc-arm-none-eabi-10.3-2021.10-win32/gcc-arm-none-eabi-10.3-2021.10/bin/../lib/gcc/arm-none-eabi/10.3.1/../../../../arm-none-eabi/lib/thumb/v7e-m/nofp\libg.a(lib_a-memset.o)
                              d:/stm32cubemx/gcc-arm-none-eabi-10.3-2021.10-win32/gcc-arm-none-eabi-10.3-2021.10/bin/../lib/gcc/arm-none-eabi/10.3.1/../../../../arm-none-eabi/lib/thumb/v7e-m/nofp/crt0.o (memset)
d:/stm32cubemx/gcc-arm-none-eabi-10.3-2021.10-win32/gcc-arm-none-eabi-10.3-2021.10/bin/../lib/gcc/arm-none-eabi/10.3.1/../../../../arm-none-eabi/lib/thumb/v7e-m/nofp\libg.a(lib_a-__call_atexit.o)
                              d:/stm32cubemx/gcc-arm-none-eabi-10.3-2021.10-win32/gcc-arm-none-eabi-10.3-2021.10/bin/../lib/gcc/arm-none-eabi/10.3.1/../../../../arm-none-eabi/lib/thumb/v7e-m/nofp\libg.a(lib_a-exit.o) (__call_exitprocs)
d:/stm32cubemx/gcc-arm-none-eabi-10.3-2021.10-win32/gcc-arm-none-eabi-10.3-2021.10/bin/../lib/gcc/arm-none-eabi/10.3.1/../../../../arm-none-eabi/lib/thumb/v7e-m/nofp\libg.a(lib_a-atexit.o)
                              d:/stm32cubemx/gcc-arm-none-eabi-10.3-2021.10-win32/gcc-arm-none-eabi-10.3-2021.10/bin/../lib/gcc/arm-none-eabi/10.3.1/../../../../arm-none-eabi/lib/thumb/v7e-m/nofp\libg.a(lib_a-__call_atexit.o) (atexit)
d:/stm32cubemx/gcc-arm-none-eabi-10.3-2021.10-win32/gcc-arm-none-eabi-10.3-2021.10/bin/../lib/gcc/arm-none-eabi/10.3.1/../../../../arm-none-eabi/lib/thumb/v7e-m/nofp\libg.a(lib_a-fini.o)
                              d:/stm32cubemx/gcc-arm-none-eabi-10.3-2021.10-win32/gcc-arm-none-eabi-10.3-2021.10/bin/../lib/gcc/arm-none-eabi/10.3.1/../../../../arm-none-eabi/lib/thumb/v7e-m/nofp\libg.a(lib_a-__call_atexit.o) (__libc_fini_array)
d:/stm32cubemx/gcc-arm-none-eabi-10.3-2021.10-win32/gcc-arm-none-eabi-10.3-2021.10/bin/../lib/gcc/arm-none-eabi/10.3.1/../../../../arm-none-eabi/lib/thumb/v7e-m/nofp\libg.a(lib_a-lock.o)
[...]
Memory Configuration

Name             Origin             Length             Attributes
RAM              0x20000000         0x00020000         xrw
FLASH            0x08000000         0x00080000         xr
*default*        0x00000000         0xffffffff

Linker script and memory map

LOAD d:/stm32cubemx/gcc-arm-none-eabi-10.3-2021.10-win32/gcc-arm-none-eabi-10.3-2021.10/bin/../lib/gcc/arm-none-eabi/10.3.1/thumb/v7e-m/nofp/crti.o
LOAD d:/stm32cubemx/gcc-arm-none-eabi-10.3-2021.10-win32/gcc-arm-none-eabi-10.3-2021.10/bin/../lib/gcc/arm-none-eabi/10.3.1/thumb/v7e-m/nofp/crtbegin.o
LOAD d:/stm32cubemx/gcc-arm-none-eabi-10.3-2021.10-win32/gcc-arm-none-eabi-10.3-2021.10/bin/../lib/gcc/arm-none-eabi/10.3.1/../../../../arm-none-eabi/lib/thumb/v7e-m/nofp/crt0.o
LOAD CMakeFiles/M3508_Motor_Control.elf.dir/Core/Src/can_communication.c.obj
LOAD CMakeFiles/M3508_Motor_Control.elf.dir/Core/Src/m3508_motor.c.obj
LOAD CMakeFiles/M3508_Motor_Control.elf.dir/Core/Src/main.c.obj
LOAD CMakeFiles/M3508_Motor_Control.elf.dir/Core/Src/motor_control.c.obj
LOAD CMakeFiles/M3508_Motor_Control.elf.dir/Core/Src/pid_controller.c.obj
LOAD CMakeFiles/M3508_Motor_Control.elf.dir/Core/Src/stm32g4xx_hal_msp.c.obj
LOAD CMakeFiles/M3508_Motor_Control.elf.dir/Core/Src/stm32g4xx_hal_timebase_tim.c.obj
LOAD CMakeFiles/M3508_Motor_Control.elf.dir/Core/Src/stm32g4xx_it.c.obj
LOAD CMakeFiles/M3508_Motor_Control.elf.dir/Core/Src/syscalls.c.obj
LOAD CMakeFiles/M3508_Motor_Control.elf.dir/Core/Src/sysmem.c.obj
LOAD CMakeFiles/M3508_Motor_Control.elf.dir/Core/Src/system_stm32g4xx.c.obj
LOAD CMakeFiles/M3508_Motor_Control.elf.dir/Core/Startup/startup_stm32g474vetx.s.obj
LOAD CMakeFiles/M3508_Motor_Control.elf.dir/Drivers/STM32G4xx_HAL_Driver/Src/stm32g4xx_hal.c.obj
LOAD CMakeFiles/M3508_Motor_Control.elf.dir/Drivers/STM32G4xx_HAL_Driver/Src/stm32g4xx_hal_cortex.c.obj
LOAD CMakeFiles/M3508_Motor_Control.elf.dir/Drivers/STM32G4xx_HAL_Driver/Src/stm32g4xx_hal_dma.c.obj
LOAD CMakeFiles/M3508_Motor_Control.elf.dir/Drivers/STM32G4xx_HAL_Driver/Src/stm32g4xx_hal_dma_ex.c.obj
LOAD CMakeFiles/M3508_Motor_Control.elf.dir/Drivers/STM32G4xx_HAL_Driver/Src/stm32g4xx_hal_exti.c.obj
LOAD CMakeFiles/M3508_Motor_Control.elf.dir/Drivers/STM32G4xx_HAL_Driver/Src/stm32g4xx_hal_fdcan.c.obj
LOAD CMakeFiles/M3508_Motor_Control.elf.dir/Drivers/STM32G4xx_HAL_Driver/Src/stm32g4xx_hal_flash.c.obj
LOAD CMakeFiles/M3508_Motor_Control.elf.dir/Drivers/STM32G4xx_HAL_Driver/Src/stm32g4xx_hal_flash_ex.c.obj
LOAD CMakeFiles/M3508_Motor_Control.elf.dir/Drivers/STM32G4xx_HAL_Driver/Src/stm32g4xx_hal_flash_ramfunc.c.obj
LOAD CMakeFiles/M3508_Motor_Control.elf.dir/Drivers/STM32G4xx_HAL_Driver/Src/stm32g4xx_hal_gpio.c.obj
LOAD CMakeFiles/M3508_Motor_Control.elf.dir/Drivers/STM32G4xx_HAL_Driver/Src/stm32g4xx_hal_pwr.c.obj
LOAD CMakeFiles/M3508_Motor_Control.elf.dir/Drivers/STM32G4xx_HAL_Driver/Src/stm32g4xx_hal_pwr_ex.c.obj
LOAD CMakeFiles/M3508_Motor_Control.elf.dir/Drivers/STM32G4xx_HAL_Driver/Src/stm32g4xx_hal_rcc.c.obj
LOAD CMakeFiles/M3508_Motor_Control.elf.dir/Drivers/STM32G4xx_HAL_Driver/Src/stm32g4xx_hal_rcc_ex.c.obj
LOAD CMakeFiles/M3508_Motor_Control.elf.dir/Drivers/STM32G4xx_HAL_Driver/Src/stm32g4xx_hal_tim.c.obj
LOAD CMakeFiles/M3508_Motor_Control.elf.dir/Drivers/STM32G4xx_HAL_Driver/Src/stm32g4xx_hal_tim_ex.c.obj
START GROUP
LOAD d:/stm32cubemx/gcc-arm-none-eabi-10.3-2021.10-win32/gcc-arm-none-eabi-10.3-2021.10/bin/../lib/gcc/arm-none-eabi/10.3.1/thumb/v7e-m/nofp\libgcc.a
LOAD d:/stm32cubemx/gcc-arm-none-eabi-10.3-2021.10-win32/gcc-arm-none-eabi-10.3-2021.10/bin/../lib/gcc/arm-none-eabi/10.3.1/../../../../arm-none-eabi/lib/thumb/v7e-m/nofp\libg.a
LOAD d:/stm32cubemx/gcc-arm-none-eabi-10.3-2021.10-win32/gcc-arm-none-eabi-10.3-2021.10/bin/../lib/gcc/arm-none-eabi/10.3.1/../../../../arm-none-eabi/lib/thumb/v7e-m/nofp\libc.a
END GROUP
LOAD d:/stm32cubemx/gcc-arm-none-eabi-10.3-2021.10-win32/gcc-arm-none-eabi-10.3-2021.10/bin/../lib/gcc/arm-none-eabi/10.3.1/thumb/v7e-m/nofp/crtend.o
LOAD d:/stm32cubemx/gcc-arm-none-eabi-10.3-2021.10-win32/gcc-arm-none-eabi-10.3-2021.10/bin/../lib/gcc/arm-none-eabi/10.3.1/thumb/v7e-m/nofp/crtn.o
                0x20020000                _estack = (ORIGIN (RAM) + LENGTH (RAM))
                0x00000200                _Min_Heap_Size = 0x200
                0x00000400                _Min_Stack_Size = 0x400

.isr_vector     0x08000000      0x1d8
                0x08000000                . = ALIGN (0x4)
 *(.isr_vector)
 .isr_vector    0x08000000      0x1d8 CMakeFiles/M3508_Motor_Control.elf.dir/Core/Startup/startup_stm32g474vetx.s.obj
                0x08000000                g_pfnVectors
                0x080001d8                . = ALIGN (0x4)

.text           0x080001d8     0x30bc
                0x080001d8                . = ALIGN (0x4)
 *(.text)
 .text          0x080001d8       0x40 d:/stm32cubemx/gcc-arm-none-eabi-10.3-2021.10-win32/gcc-arm-none-eabi-10.3-2021.10/bin/../lib/gcc/arm-none-eabi/10.3.1/thumb/v7e-m/nofp/crtbegin.o
 .text          0x08000218      0x21c d:/stm32cubemx/gcc-arm-none-eabi-10.3-2021.10-win32/gcc-arm-none-eabi-10.3-2021.10/bin/../lib/gcc/arm-none-eabi/10.3.1/thumb/v7e-m/nofp\libgcc.a(_arm_addsubsf3.o)
                0x08000218                __aeabi_frsub
                0x08000220                __subsf3
                0x08000220                __aeabi_fsub
                0x08000224                __aeabi_fadd
                0x08000224                __addsf3
                0x08000384                __aeabi_ui2f
                0x08000384                __floatunsisf
                0x0800038c                __aeabi_i2f
                0x0800038c                __floatsisf
                0x080003a8                __aeabi_ul2f
                0x080003a8                __floatundisf
                0x080003b8                __aeabi_l2f
                0x080003b8                __floatdisf
 .text          0x08000434      0x2a0 d:/stm32cubemx/gcc-arm-none-eabi-10.3-2021.10-win32/gcc-arm-none-eabi-10.3-2021.10/bin/../lib/gcc/arm-none-eabi/10.3.1/thumb/v7e-m/nofp\libgcc.a(_arm_muldivsf3.o)
                0x08000434                __mulsf3
                0x08000434                __aeabi_fmul
                0x0800059c                __aeabi_fdiv
                0x0800059c                __divsf3
 .text          0x080006d4       0xec d:/stm32cubemx/gcc-arm-none-eabi-10.3-2021.10-win32/gcc-arm-none-eabi-10.3-2021.10/bin/../lib/gcc/arm-none-eabi/10.3.1/thumb/v7e-m/nofp\libgcc.a(_arm_cmpsf2.o)
                0x080006d4                __gesf2
                0x080006d4                __gtsf2
                0x080006dc                __lesf2
                0x080006dc                __ltsf2
                0x080006e4                __nesf2
                0x080006e4                __eqsf2
                0x080006e4                __cmpsf2
                0x08000744                __aeabi_cfrcmple
                0x0800074c                __aeabi_cfcmpeq
                0x0800074c                __aeabi_cfcmple
                0x0800075c                __aeabi_fcmpeq
                0x08000770                __aeabi_fcmplt
                0x08000784                __aeabi_fcmple
                0x08000798                __aeabi_fcmpge
                0x080007ac                __aeabi_fcmpgt
 .text          0x080007c0       0x4c d:/stm32cubemx/gcc-arm-none-eabi-10.3-2021.10-win32/gcc-arm-none-eabi-10.3-2021.10/bin/../lib/gcc/arm-none-eabi/10.3.1/thumb/v7e-m/nofp\libgcc.a(_arm_fixsfsi.o)
                0x080007c0                __aeabi_f2iz
                0x080007c0                __fixsfsi
 *(.text*)
 .text.CAN_Init
                0x0800080c       0x3c CMakeFiles/M3508_Motor_Control.elf.dir/Core/Src/can_communication.c.obj
                0x0800080c                CAN_Init
 .text.CAN_SendMotorCommand
                0x08000848       0x5c CMakeFiles/M3508_Motor_Control.elf.dir/Core/Src/can_communication.c.obj
                0x08000848                CAN_SendMotorCommand
 .text.CAN_ReceiveCallback
                0x080008a4       0x64 CMakeFiles/M3508_Motor_Control.elf.dir/Core/Src/can_communication.c.obj
                0x080008a4                CAN_ReceiveCallback
 .text.M3508_Init
                0x08000908       0x98 CMakeFiles/M3508_Motor_Control.elf.dir/Core/Src/m3508_motor.c.obj
                0x08000908                M3508_Init
 .text.M3508_UpdateFeedback
                0x080009a0       0xdc CMakeFiles/M3508_Motor_Control.elf.dir/Core/Src/m3508_motor.c.obj
                0x080009a0                M3508_UpdateFeedback
 .text.M3508_SetTargetSpeed
                0x08000a7c       0x14 CMakeFiles/M3508_Motor_Control.elf.dir/Core/Src/m3508_motor.c.obj
                0x08000a7c                M3508_SetTargetSpeed
 .text.M3508_ControlUpdate
                0x08000a90       0xf8 CMakeFiles/M3508_Motor_Control.elf.dir/Core/Src/m3508_motor.c.obj
                0x08000a90                M3508_ControlUpdate
 .text.MX_GPIO_Init
                0x08000b88       0x78 CMakeFiles/M3508_Motor_Control.elf.dir/Core/Src/main.c.obj
 .text.LED_Init
                0x08000c00       0x54 CMakeFiles/M3508_Motor_Control.elf.dir/Core/Src/main.c.obj
 .text.HAL_FDCAN_RxFifo0Callback
                0x08000c54       0x10 CMakeFiles/M3508_Motor_Control.elf.dir/Core/Src/main.c.obj
                0x08000c54                HAL_FDCAN_RxFifo0Callback
 .text.HAL_TIM_PeriodElapsedCallback
                0x08000c64       0x80 CMakeFiles/M3508_Motor_Control.elf.dir/Core/Src/main.c.obj
                0x08000c64                HAL_TIM_PeriodElapsedCallback
 .text.Error_Handler
                0x08000ce4       0x48 CMakeFiles/M3508_Motor_Control.elf.dir/Core/Src/main.c.obj
                0x08000ce4                Error_Handler
 .text.MX_FDCAN1_Init
                0x08000d2c       0x48 CMakeFiles/M3508_Motor_Control.elf.dir/Core/Src/main.c.obj
 .text.MX_TIM2_Init
                0x08000d74       0x6c CMakeFiles/M3508_Motor_Control.elf.dir/Core/Src/main.c.obj
 .text.SystemClock_Config
                0x08000de0       0x76 CMakeFiles/M3508_Motor_Control.elf.dir/Core/Src/main.c.obj
                0x08000de0                SystemClock_Config
 *fill*         0x08000e56        0x2 
 .text.main     0x08000e58       0xb8 CMakeFiles/M3508_Motor_Control.elf.dir/Core/Src/main.c.obj
                0x08000e58                main
 .text.MotorControl_Init
                0x08000f10       0x12 CMakeFiles/M3508_Motor_Control.elf.dir/Core/Src/motor_control.c.obj
                0x08000f10                MotorControl_Init
 .text.MotorControl_Task
                0x08000f22       0x18 CMakeFiles/M3508_Motor_Control.elf.dir/Core/Src/motor_control.c.obj
                0x08000f22                MotorControl_Task
 *fill*         0x08000f3a        0x2 
 .text.MotorControl_Test
                0x08000f3c       0x78 CMakeFiles/M3508_Motor_Control.elf.dir/Core/Src/motor_control.c.obj
                0x08000f3c                MotorControl_Test
 .text.PID_Init
                0x08000fb4       0x20 CMakeFiles/M3508_Motor_Control.elf.dir/Core/Src/pid_controller.c.obj
                0x08000fb4                PID_Init
 .text.PID_Calculate
                0x08000fd4       0xa0 CMakeFiles/M3508_Motor_Control.elf.dir/Core/Src/pid_controller.c.obj
                0x08000fd4                PID_Calculate
 .text.HAL_MspInit
                0x08001074       0x38 CMakeFiles/M3508_Motor_Control.elf.dir/Core/Src/stm32g4xx_hal_msp.c.obj
                0x08001074                HAL_MspInit
 .text.HAL_FDCAN_MspInit
                0x080010ac       0xa0 CMakeFiles/M3508_Motor_Control.elf.dir/Core/Src/stm32g4xx_hal_msp.c.obj
                0x080010ac                HAL_FDCAN_MspInit
 .text.HAL_TIM_Base_MspInit
                0x0800114c       0x3a CMakeFiles/M3508_Motor_Control.elf.dir/Core/Src/stm32g4xx_hal_msp.c.obj
                0x0800114c                HAL_TIM_Base_MspInit
 *fill*         0x08001186        0x2 
 .text.HAL_InitTick
                0x08001188       0x94 CMakeFiles/M3508_Motor_Control.elf.dir/Core/Src/stm32g4xx_hal_timebase_tim.c.obj
                0x08001188                HAL_InitTick
 .text.NMI_Handler
                0x0800121c        0x2 CMakeFiles/M3508_Motor_Control.elf.dir/Core/Src/stm32g4xx_it.c.obj
                0x0800121c                NMI_Handler
 .text.HardFault_Handler
                0x0800121e        0x2 CMakeFiles/M3508_Motor_Control.elf.dir/Core/Src/stm32g4xx_it.c.obj
                0x0800121e                HardFault_Handler
 .text.MemManage_Handler
                0x08001220        0x2 CMakeFiles/M3508_Motor_Control.elf.dir/Core/Src/stm32g4xx_it.c.obj
                0x08001220                MemManage_Handler
 .text.BusFault_Handler
                0x08001222        0x2 CMakeFiles/M3508_Motor_Control.elf.dir/Core/Src/stm32g4xx_it.c.obj
                0x08001222                BusFault_Handler
 .text.UsageFault_Handler
                0x08001224        0x2 CMakeFiles/M3508_Motor_Control.elf.dir/Core/Src/stm32g4xx_it.c.obj
                0x08001224                UsageFault_Handler
 .text.SVC_Handler
                0x08001226        0x2 CMakeFiles/M3508_Motor_Control.elf.dir/Core/Src/stm32g4xx_it.c.obj
                0x08001226                SVC_Handler
 .text.DebugMon_Handler
                0x08001228        0x2 CMakeFiles/M3508_Motor_Control.elf.dir/Core/Src/stm32g4xx_it.c.obj
                0x08001228                DebugMon_Handler
 .text.PendSV_Handler
                0x0800122a        0x2 CMakeFiles/M3508_Motor_Control.elf.dir/Core/Src/stm32g4xx_it.c.obj
                0x0800122a                PendSV_Handler
 .text.SysTick_Handler
                0x0800122c        0x2 CMakeFiles/M3508_Motor_Control.elf.dir/Core/Src/stm32g4xx_it.c.obj
                0x0800122c                SysTick_Handler
 *fill*         0x0800122e        0x2 
 .text.FDCAN1_IT0_IRQHandler
                0x08001230       0x10 CMakeFiles/M3508_Motor_Control.elf.dir/Core/Src/stm32g4xx_it.c.obj
                0x08001230                FDCAN1_IT0_IRQHandler
 .text.TIM1_UP_TIM16_IRQHandler
                0x08001240       0x10 CMakeFiles/M3508_Motor_Control.elf.dir/Core/Src/stm32g4xx_it.c.obj
                0x08001240                TIM1_UP_TIM16_IRQHandler
 .text.TIM2_IRQHandler
                0x08001250       0x10 CMakeFiles/M3508_Motor_Control.elf.dir/Core/Src/stm32g4xx_it.c.obj
                0x08001250                TIM2_IRQHandler
 .text.SystemInit
                0x08001260        0x2 CMakeFiles/M3508_Motor_Control.elf.dir/Core/Src/system_stm32g4xx.c.obj
                0x08001260                SystemInit
 *fill*         0x08001262        0x2 
 .text.Reset_Handler
                0x08001264       0x50 CMakeFiles/M3508_Motor_Control.elf.dir/Core/Startup/startup_stm32g474vetx.s.obj
                0x08001264                Reset_Handler
 .text.Default_Handler
                0x080012b4        0x2 CMakeFiles/M3508_Motor_Control.elf.dir/Core/Startup/startup_stm32g474vetx.s.obj
                0x080012b4                RTC_Alarm_IRQHandler
                0x080012b4                EXTI2_IRQHandler
                0x080012b4                TIM8_TRG_COM_IRQHandler
                0x080012b4                TIM8_CC_IRQHandler
                0x080012b4                HRTIM1_Master_IRQHandler
                0x080012b4                SPI4_IRQHandler
                0x080012b4                FDCAN3_IT0_IRQHandler
                0x080012b4                TIM1_CC_IRQHandler
                0x080012b4                HRTIM1_FLT_IRQHandler
                0x080012b4                HRTIM1_TIMF_IRQHandler
                0x080012b4                USB_HP_IRQHandler
                0x080012b4                CORDIC_IRQHandler
                0x080012b4                HRTIM1_TIMD_IRQHandler
                0x080012b4                DMA2_Channel8_IRQHandler
                0x080012b4                EXTI3_IRQHandler
                0x080012b4                I2C3_ER_IRQHandler
                0x080012b4                EXTI0_IRQHandler
                0x080012b4                I2C2_EV_IRQHandler
                0x080012b4                FPU_IRQHandler
                0x080012b4                FDCAN1_IT1_IRQHandler
                0x080012b4                ADC1_2_IRQHandler
                0x080012b4                HRTIM1_TIME_IRQHandler
                0x080012b4                SPI1_IRQHandler
                0x080012b4                TIM6_DAC_IRQHandler
                0x080012b4                HRTIM1_TIMC_IRQHandler
                0x080012b4                TIM8_UP_IRQHandler
                0x080012b4                DMA2_Channel2_IRQHandler
                0x080012b4                DMA1_Channel4_IRQHandler
                0x080012b4                TIM20_TRG_COM_IRQHandler
                0x080012b4                USART3_IRQHandler
                0x080012b4                DMA1_Channel7_IRQHandler
                0x080012b4                UART5_IRQHandler
                0x080012b4                ADC3_IRQHandler
                0x080012b4                TIM4_IRQHandler
                0x080012b4                DMA2_Channel1_IRQHandler
                0x080012b4                QUADSPI_IRQHandler
                0x080012b4                I2C1_EV_IRQHandler
                0x080012b4                DMA1_Channel6_IRQHandler
                0x080012b4                UART4_IRQHandler
                0x080012b4                DMA2_Channel4_IRQHandler
                0x080012b4                TIM3_IRQHandler
                0x080012b4                RCC_IRQHandler
                0x080012b4                TIM20_UP_IRQHandler
                0x080012b4                DMA1_Channel1_IRQHandler
                0x080012b4                Default_Handler
                0x080012b4                DMA2_Channel7_IRQHandler
                0x080012b4                RTC_TAMP_LSECSS_IRQHandler
                0x080012b4                FMAC_IRQHandler
                0x080012b4                EXTI15_10_IRQHandler
                0x080012b4                DMA1_Channel8_IRQHandler
                0x080012b4                HRTIM1_TIMA_IRQHandler
                0x080012b4                TIM7_DAC_IRQHandler
                0x080012b4                FDCAN3_IT1_IRQHandler
                0x080012b4                TIM5_IRQHandler
                0x080012b4                UCPD1_IRQHandler
                0x080012b4                I2C3_EV_IRQHandler
                0x080012b4                EXTI9_5_IRQHandler
                0x080012b4                RTC_WKUP_IRQHandler
                0x080012b4                PVD_PVM_IRQHandler
                0x080012b4                SPI2_IRQHandler
                0x080012b4                ADC5_IRQHandler
                0x080012b4                DMA2_Channel5_IRQHandler
                0x080012b4                CRS_IRQHandler
                0x080012b4                DMA1_Channel5_IRQHandler
                0x080012b4                USB_LP_IRQHandler
                0x080012b4                EXTI4_IRQHandler
                0x080012b4                RNG_IRQHandler
                0x080012b4                HRTIM1_TIMB_IRQHandler
                0x080012b4                TIM1_TRG_COM_TIM17_IRQHandler
                0x080012b4                FDCAN2_IT1_IRQHandler
                0x080012b4                DMA1_Channel3_IRQHandler
                0x080012b4                ADC4_IRQHandler
                0x080012b4                WWDG_IRQHandler
                0x080012b4                I2C4_EV_IRQHandler
                0x080012b4                FDCAN2_IT0_IRQHandler
                0x080012b4                LPUART1_IRQHandler
                0x080012b4                DMA2_Channel6_IRQHandler
                0x080012b4                COMP7_IRQHandler
                0x080012b4                COMP1_2_3_IRQHandler
                0x080012b4                EXTI1_IRQHandler
                0x080012b4                USART2_IRQHandler
                0x080012b4                COMP4_5_6_IRQHandler
                0x080012b4                TIM20_BRK_IRQHandler
                0x080012b4                I2C2_ER_IRQHandler
                0x080012b4                DMA1_Channel2_IRQHandler
                0x080012b4                TIM8_BRK_IRQHandler
                0x080012b4                FLASH_IRQHandler
                0x080012b4                TIM20_CC_IRQHandler
                0x080012b4                USART1_IRQHandler
                0x080012b4                SPI3_IRQHandler
                0x080012b4                I2C1_ER_IRQHandler
                0x080012b4                FMC_IRQHandler
                0x080012b4                LPTIM1_IRQHandler
                0x080012b4                DMAMUX_OVR_IRQHandler
                0x080012b4                I2C4_ER_IRQHandler
                0x080012b4                USBWakeUp_IRQHandler
                0x080012b4                SAI1_IRQHandler
                0x080012b4                DMA2_Channel3_IRQHandler
                0x080012b4                TIM1_BRK_TIM15_IRQHandler
 .text.HAL_Init
                0x080012b6       0x1e CMakeFiles/M3508_Motor_Control.elf.dir/Drivers/STM32G4xx_HAL_Driver/Src/stm32g4xx_hal.c.obj
                0x080012b6                HAL_Init
 .text.HAL_IncTick
                0x080012d4       0x18 CMakeFiles/M3508_Motor_Control.elf.dir/Drivers/STM32G4xx_HAL_Driver/Src/stm32g4xx_hal.c.obj
                0x080012d4                HAL_IncTick
 .text.HAL_GetTick
                0x080012ec        0xc CMakeFiles/M3508_Motor_Control.elf.dir/Drivers/STM32G4xx_HAL_Driver/Src/stm32g4xx_hal.c.obj
                0x080012ec                HAL_GetTick
 .text.HAL_Delay
                0x080012f8       0x28 CMakeFiles/M3508_Motor_Control.elf.dir/Drivers/STM32G4xx_HAL_Driver/Src/stm32g4xx_hal.c.obj
                0x080012f8                HAL_Delay
 .text.HAL_NVIC_SetPriorityGrouping
                0x08001320       0x24 CMakeFiles/M3508_Motor_Control.elf.dir/Drivers/STM32G4xx_HAL_Driver/Src/stm32g4xx_hal_cortex.c.obj
                0x08001320                HAL_NVIC_SetPriorityGrouping
 .text.HAL_NVIC_SetPriority
                0x08001344       0x70 CMakeFiles/M3508_Motor_Control.elf.dir/Drivers/STM32G4xx_HAL_Driver/Src/stm32g4xx_hal_cortex.c.obj
                0x08001344                HAL_NVIC_SetPriority
 .text.HAL_NVIC_EnableIRQ
                0x080013b4       0x1c CMakeFiles/M3508_Motor_Control.elf.dir/Drivers/STM32G4xx_HAL_Driver/Src/stm32g4xx_hal_cortex.c.obj
                0x080013b4                HAL_NVIC_EnableIRQ
 .text.FDCAN_CalcultateRamBlockAddresses
                0x080013d0       0x88 CMakeFiles/M3508_Motor_Control.elf.dir/Drivers/STM32G4xx_HAL_Driver/Src/stm32g4xx_hal_fdcan.c.obj
 .text.FDCAN_CopyMessageToRAM
                0x08001458       0x88 CMakeFiles/M3508_Motor_Control.elf.dir/Drivers/STM32G4xx_HAL_Driver/Src/stm32g4xx_hal_fdcan.c.obj
 .text.HAL_FDCAN_Init
                0x080014e0      0x1d4 CMakeFiles/M3508_Motor_Control.elf.dir/Drivers/STM32G4xx_HAL_Driver/Src/stm32g4xx_hal_fdcan.c.obj
                0x080014e0                HAL_FDCAN_Init
 .text.HAL_FDCAN_ConfigFilter
                0x080016b4       0x60 CMakeFiles/M3508_Motor_Control.elf.dir/Drivers/STM32G4xx_HAL_Driver/Src/stm32g4xx_hal_fdcan.c.obj
                0x080016b4                HAL_FDCAN_ConfigFilter
 .text.HAL_FDCAN_Start
                0x08001714       0x2e CMakeFiles/M3508_Motor_Control.elf.dir/Drivers/STM32G4xx_HAL_Driver/Src/stm32g4xx_hal_fdcan.c.obj
                0x08001714                HAL_FDCAN_Start
 .text.HAL_FDCAN_AddMessageToTxFifoQ
                0x08001742       0x52 CMakeFiles/M3508_Motor_Control.elf.dir/Drivers/STM32G4xx_HAL_Driver/Src/stm32g4xx_hal_fdcan.c.obj
                0x08001742                HAL_FDCAN_AddMessageToTxFifoQ
 .text.HAL_FDCAN_GetRxMessage
                0x08001794      0x164 CMakeFiles/M3508_Motor_Control.elf.dir/Drivers/STM32G4xx_HAL_Driver/Src/stm32g4xx_hal_fdcan.c.obj
                0x08001794                HAL_FDCAN_GetRxMessage
 .text.HAL_FDCAN_ActivateNotification
                0x080018f8      0x106 CMakeFiles/M3508_Motor_Control.elf.dir/Drivers/STM32G4xx_HAL_Driver/Src/stm32g4xx_hal_fdcan.c.obj
                0x080018f8                HAL_FDCAN_ActivateNotification
 .text.HAL_FDCAN_TxEventFifoCallback
                0x080019fe        0x2 CMakeFiles/M3508_Motor_Control.elf.dir/Drivers/STM32G4xx_HAL_Driver/Src/stm32g4xx_hal_fdcan.c.obj
                0x080019fe                HAL_FDCAN_TxEventFifoCallback
 .text.HAL_FDCAN_RxFifo1Callback
                0x08001a00        0x2 CMakeFiles/M3508_Motor_Control.elf.dir/Drivers/STM32G4xx_HAL_Driver/Src/stm32g4xx_hal_fdcan.c.obj
                0x08001a00                HAL_FDCAN_RxFifo1Callback
 .text.HAL_FDCAN_TxFifoEmptyCallback
                0x08001a02        0x2 CMakeFiles/M3508_Motor_Control.elf.dir/Drivers/STM32G4xx_HAL_Driver/Src/stm32g4xx_hal_fdcan.c.obj
                0x08001a02                HAL_FDCAN_TxFifoEmptyCallback
 .text.HAL_FDCAN_TxBufferCompleteCallback
                0x08001a04        0x2 CMakeFiles/M3508_Motor_Control.elf.dir/Drivers/STM32G4xx_HAL_Driver/Src/stm32g4xx_hal_fdcan.c.obj
                0x08001a04                HAL_FDCAN_TxBufferCompleteCallback
 .text.HAL_FDCAN_TxBufferAbortCallback
                0x08001a06        0x2 CMakeFiles/M3508_Motor_Control.elf.dir/Drivers/STM32G4xx_HAL_Driver/Src/stm32g4xx_hal_fdcan.c.obj
                0x08001a06                HAL_FDCAN_TxBufferAbortCallback
 .text.HAL_FDCAN_TimestampWraparoundCallback
                0x08001a08        0x2 CMakeFiles/M3508_Motor_Control.elf.dir/Drivers/STM32G4xx_HAL_Driver/Src/stm32g4xx_hal_fdcan.c.obj
                0x08001a08                HAL_FDCAN_TimestampWraparoundCallback
 .text.HAL_FDCAN_TimeoutOccurredCallback
                0x08001a0a        0x2 CMakeFiles/M3508_Motor_Control.elf.dir/Drivers/STM32G4xx_HAL_Driver/Src/stm32g4xx_hal_fdcan.c.obj
                0x08001a0a                HAL_FDCAN_TimeoutOccurredCallback
 .text.HAL_FDCAN_HighPriorityMessageCallback
                0x08001a0c        0x2 CMakeFiles/M3508_Motor_Control.elf.dir/Drivers/STM32G4xx_HAL_Driver/Src/stm32g4xx_hal_fdcan.c.obj
                0x08001a0c                HAL_FDCAN_HighPriorityMessageCallback
 .text.HAL_FDCAN_ErrorCallback
                0x08001a0e        0x2 CMakeFiles/M3508_Motor_Control.elf.dir/Drivers/STM32G4xx_HAL_Driver/Src/stm32g4xx_hal_fdcan.c.obj
                0x08001a0e                HAL_FDCAN_ErrorCallback
 .text.HAL_FDCAN_ErrorStatusCallback
                0x08001a10        0x2 CMakeFiles/M3508_Motor_Control.elf.dir/Drivers/STM32G4xx_HAL_Driver/Src/stm32g4xx_hal_fdcan.c.obj
                0x08001a10                HAL_FDCAN_ErrorStatusCallback
 .text.HAL_FDCAN_IRQHandler
                0x08001a12      0x188 CMakeFiles/M3508_Motor_Control.elf.dir/Drivers/STM32G4xx_HAL_Driver/Src/stm32g4xx_hal_fdcan.c.obj
                0x08001a12                HAL_FDCAN_IRQHandler
 *fill*         0x08001b9a        0x2 
 .text.HAL_GPIO_Init
                0x08001b9c      0x1dc CMakeFiles/M3508_Motor_Control.elf.dir/Drivers/STM32G4xx_HAL_Driver/Src/stm32g4xx_hal_gpio.c.obj
                0x08001b9c                HAL_GPIO_Init
 .text.HAL_GPIO_WritePin
                0x08001d78        0xa CMakeFiles/M3508_Motor_Control.elf.dir/Drivers/STM32G4xx_HAL_Driver/Src/stm32g4xx_hal_gpio.c.obj
                0x08001d78                HAL_GPIO_WritePin
 .text.HAL_GPIO_TogglePin
                0x08001d82       0x12 CMakeFiles/M3508_Motor_Control.elf.dir/Drivers/STM32G4xx_HAL_Driver/Src/stm32g4xx_hal_gpio.c.obj
                0x08001d82                HAL_GPIO_TogglePin
 .text.HAL_PWREx_ControlVoltageScaling
                0x08001d94      0x10c CMakeFiles/M3508_Motor_Control.elf.dir/Drivers/STM32G4xx_HAL_Driver/Src/stm32g4xx_hal_pwr_ex.c.obj
                0x08001d94                HAL_PWREx_ControlVoltageScaling
 .text.HAL_PWREx_DisableUCPDDeadBattery
                0x08001ea0       0x10 CMakeFiles/M3508_Motor_Control.elf.dir/Drivers/STM32G4xx_HAL_Driver/Src/stm32g4xx_hal_pwr_ex.c.obj
                0x08001ea0                HAL_PWREx_DisableUCPDDeadBattery
 .text.RCC_GetSysClockFreqFromPLLSource
                0x08001eb0       0x58 CMakeFiles/M3508_Motor_Control.elf.dir/Drivers/STM32G4xx_HAL_Driver/Src/stm32g4xx_hal_rcc.c.obj
 .text.HAL_RCC_OscConfig
                0x08001f08      0x4e4 CMakeFiles/M3508_Motor_Control.elf.dir/Drivers/STM32G4xx_HAL_Driver/Src/stm32g4xx_hal_rcc.c.obj
                0x08001f08                HAL_RCC_OscConfig
 .text.HAL_RCC_GetSysClockFreq
                0x080023ec       0x88 CMakeFiles/M3508_Motor_Control.elf.dir/Drivers/STM32G4xx_HAL_Driver/Src/stm32g4xx_hal_rcc.c.obj
                0x080023ec                HAL_RCC_GetSysClockFreq
 .text.HAL_RCC_ClockConfig
                0x08002474      0x1f8 CMakeFiles/M3508_Motor_Control.elf.dir/Drivers/STM32G4xx_HAL_Driver/Src/stm32g4xx_hal_rcc.c.obj
                0x08002474                HAL_RCC_ClockConfig
 .text.HAL_RCC_GetHCLKFreq
                0x0800266c        0xc CMakeFiles/M3508_Motor_Control.elf.dir/Drivers/STM32G4xx_HAL_Driver/Src/stm32g4xx_hal_rcc.c.obj
                0x0800266c                HAL_RCC_GetHCLKFreq
 .text.HAL_RCC_GetPCLK2Freq
                0x08002678       0x24 CMakeFiles/M3508_Motor_Control.elf.dir/Drivers/STM32G4xx_HAL_Driver/Src/stm32g4xx_hal_rcc.c.obj
                0x08002678                HAL_RCC_GetPCLK2Freq
 .text.HAL_RCC_GetClockConfig
                0x0800269c       0x3c CMakeFiles/M3508_Motor_Control.elf.dir/Drivers/STM32G4xx_HAL_Driver/Src/stm32g4xx_hal_rcc.c.obj
                0x0800269c                HAL_RCC_GetClockConfig
 .text.HAL_RCCEx_PeriphCLKConfig
                0x080026d8      0x378 CMakeFiles/M3508_Motor_Control.elf.dir/Drivers/STM32G4xx_HAL_Driver/Src/stm32g4xx_hal_rcc_ex.c.obj
                0x080026d8                HAL_RCCEx_PeriphCLKConfig
 .text.TIM_TI1_ConfigInputStage
                0x08002a50       0x24 CMakeFiles/M3508_Motor_Control.elf.dir/Drivers/STM32G4xx_HAL_Driver/Src/stm32g4xx_hal_tim.c.obj
 .text.TIM_TI2_ConfigInputStage
                0x08002a74       0x26 CMakeFiles/M3508_Motor_Control.elf.dir/Drivers/STM32G4xx_HAL_Driver/Src/stm32g4xx_hal_tim.c.obj
 .text.TIM_ITRx_SetConfig
                0x08002a9a       0x14 CMakeFiles/M3508_Motor_Control.elf.dir/Drivers/STM32G4xx_HAL_Driver/Src/stm32g4xx_hal_tim.c.obj
 *fill*         0x08002aae        0x2 
 .text.HAL_TIM_Base_Start_IT
                0x08002ab0       0x94 CMakeFiles/M3508_Motor_Control.elf.dir/Drivers/STM32G4xx_HAL_Driver/Src/stm32g4xx_hal_tim.c.obj
                0x08002ab0                HAL_TIM_Base_Start_IT
 .text.HAL_TIM_OC_DelayElapsedCallback
                0x08002b44        0x2 CMakeFiles/M3508_Motor_Control.elf.dir/Drivers/STM32G4xx_HAL_Driver/Src/stm32g4xx_hal_tim.c.obj
                0x08002b44                HAL_TIM_OC_DelayElapsedCallback
 .text.HAL_TIM_IC_CaptureCallback
                0x08002b46        0x2 CMakeFiles/M3508_Motor_Control.elf.dir/Drivers/STM32G4xx_HAL_Driver/Src/stm32g4xx_hal_tim.c.obj
                0x08002b46                HAL_TIM_IC_CaptureCallback
 .text.HAL_TIM_PWM_PulseFinishedCallback
                0x08002b48        0x2 CMakeFiles/M3508_Motor_Control.elf.dir/Drivers/STM32G4xx_HAL_Driver/Src/stm32g4xx_hal_tim.c.obj
                0x08002b48                HAL_TIM_PWM_PulseFinishedCallback
 .text.HAL_TIM_TriggerCallback
                0x08002b4a        0x2 CMakeFiles/M3508_Motor_Control.elf.dir/Drivers/STM32G4xx_HAL_Driver/Src/stm32g4xx_hal_tim.c.obj
                0x08002b4a                HAL_TIM_TriggerCallback
 .text.HAL_TIM_IRQHandler
                0x08002b4c      0x1ea CMakeFiles/M3508_Motor_Control.elf.dir/Drivers/STM32G4xx_HAL_Driver/Src/stm32g4xx_hal_tim.c.obj
                0x08002b4c                HAL_TIM_IRQHandler
 *fill*         0x08002d36        0x2 
 .text.TIM_Base_SetConfig
                0x08002d38       0xf0 CMakeFiles/M3508_Motor_Control.elf.dir/Drivers/STM32G4xx_HAL_Driver/Src/stm32g4xx_hal_tim.c.obj
                0x08002d38                TIM_Base_SetConfig
 .text.HAL_TIM_Base_Init
                0x08002e28       0x60 CMakeFiles/M3508_Motor_Control.elf.dir/Drivers/STM32G4xx_HAL_Driver/Src/stm32g4xx_hal_tim.c.obj
                0x08002e28                HAL_TIM_Base_Init
 .text.TIM_ETR_SetConfig
                0x08002e88       0x18 CMakeFiles/M3508_Motor_Control.elf.dir/Drivers/STM32G4xx_HAL_Driver/Src/stm32g4xx_hal_tim.c.obj
                0x08002e88                TIM_ETR_SetConfig
 .text.HAL_TIM_ConfigClockSource
                0x08002ea0      0x154 CMakeFiles/M3508_Motor_Control.elf.dir/Drivers/STM32G4xx_HAL_Driver/Src/stm32g4xx_hal_tim.c.obj
                0x08002ea0                HAL_TIM_ConfigClockSource
 .text.HAL_TIMEx_MasterConfigSynchronization
                0x08002ff4       0xac CMakeFiles/M3508_Motor_Control.elf.dir/Drivers/STM32G4xx_HAL_Driver/Src/stm32g4xx_hal_tim_ex.c.obj
                0x08002ff4                HAL_TIMEx_MasterConfigSynchronization
 .text.HAL_TIMEx_CommutCallback
                0x080030a0        0x2 CMakeFiles/M3508_Motor_Control.elf.dir/Drivers/STM32G4xx_HAL_Driver/Src/stm32g4xx_hal_tim_ex.c.obj
                0x080030a0                HAL_TIMEx_CommutCallback
 .text.HAL_TIMEx_BreakCallback
                0x080030a2        0x2 CMakeFiles/M3508_Motor_Control.elf.dir/Drivers/STM32G4xx_HAL_Driver/Src/stm32g4xx_hal_tim_ex.c.obj
                0x080030a2                HAL_TIMEx_BreakCallback
 .text.HAL_TIMEx_Break2Callback
                0x080030a4        0x2 CMakeFiles/M3508_Motor_Control.elf.dir/Drivers/STM32G4xx_HAL_Driver/Src/stm32g4xx_hal_tim_ex.c.obj
                0x080030a4                HAL_TIMEx_Break2Callback
 .text.HAL_TIMEx_EncoderIndexCallback
                0x080030a6        0x2 CMakeFiles/M3508_Motor_Control.elf.dir/Drivers/STM32G4xx_HAL_Driver/Src/stm32g4xx_hal_tim_ex.c.obj
                0x080030a6                HAL_TIMEx_EncoderIndexCallback
 .text.HAL_TIMEx_DirectionChangeCallback
                0x080030a8        0x2 CMakeFiles/M3508_Motor_Control.elf.dir/Drivers/STM32G4xx_HAL_Driver/Src/stm32g4xx_hal_tim_ex.c.obj
                0x080030a8                HAL_TIMEx_DirectionChangeCallback
 .text.HAL_TIMEx_IndexErrorCallback
                0x080030aa        0x2 CMakeFiles/M3508_Motor_Control.elf.dir/Drivers/STM32G4xx_HAL_Driver/Src/stm32g4xx_hal_tim_ex.c.obj
                0x080030aa                HAL_TIMEx_IndexErrorCallback
 .text.HAL_TIMEx_TransitionErrorCallback
                0x080030ac        0x2 CMakeFiles/M3508_Motor_Control.elf.dir/Drivers/STM32G4xx_HAL_Driver/Src/stm32g4xx_hal_tim_ex.c.obj
                0x080030ac                HAL_TIMEx_TransitionErrorCallback
 *fill*         0x080030ae        0x2 
 .text.__libc_init_array
                0x080030b0       0x48 d:/stm32cubemx/gcc-arm-none-eabi-10.3-2021.10-win32/gcc-arm-none-eabi-10.3-2021.10/bin/../lib/gcc/arm-none-eabi/10.3.1/../../../../arm-none-eabi/lib/thumb/v7e-m/nofp\libg.a(lib_a-init.o)
                0x080030b0                __libc_init_array
 .text.memset   0x080030f8       0xa4 d:/stm32cubemx/gcc-arm-none-eabi-10.3-2021.10-win32/gcc-arm-none-eabi-10.3-2021.10/bin/../lib/gcc/arm-none-eabi/10.3.1/../../../../arm-none-eabi/lib/thumb/v7e-m/nofp\libg.a(lib_a-memset.o)
                0x080030f8                memset
 .text.startup.register_fini
                0x0800319c       0x14 d:/stm32cubemx/gcc-arm-none-eabi-10.3-2021.10-win32/gcc-arm-none-eabi-10.3-2021.10/bin/../lib/gcc/arm-none-eabi/10.3.1/../../../../arm-none-eabi/lib/thumb/v7e-m/nofp\libg.a(lib_a-__call_atexit.o)
 .text.atexit   0x080031b0        0xc d:/stm32cubemx/gcc-arm-none-eabi-10.3-2021.10-win32/gcc-arm-none-eabi-10.3-2021.10/bin/../lib/gcc/arm-none-eabi/10.3.1/../../../../arm-none-eabi/lib/thumb/v7e-m/nofp\libg.a(lib_a-atexit.o)
                0x080031b0                atexit
 .text.__libc_fini_array
                0x080031bc       0x2c d:/stm32cubemx/gcc-arm-none-eabi-10.3-2021.10-win32/gcc-arm-none-eabi-10.3-2021.10/bin/../lib/gcc/arm-none-eabi/10.3.1/../../../../arm-none-eabi/lib/thumb/v7e-m/nofp\libg.a(lib_a-fini.o)
                0x080031bc                __libc_fini_array
 .text.__retarget_lock_acquire_recursive
                0x080031e8        0x4 d:/stm32cubemx/gcc-arm-none-eabi-10.3-2021.10-win32/gcc-arm-none-eabi-10.3-2021.10/bin/../lib/gcc/arm-none-eabi/10.3.1/../../../../arm-none-eabi/lib/thumb/v7e-m/nofp\libg.a(lib_a-lock.o)
                0x080031e8                __retarget_lock_acquire_recursive
 .text.__retarget_lock_release_recursive
                0x080031ec        0x4 d:/stm32cubemx/gcc-arm-none-eabi-10.3-2021.10-win32/gcc-arm-none-eabi-10.3-2021.10/bin/../lib/gcc/arm-none-eabi/10.3.1/../../../../arm-none-eabi/lib/thumb/v7e-m/nofp\libg.a(lib_a-lock.o)
                0x080031ec                __retarget_lock_release_recursive
 .text.__register_exitproc
                0x080031f0       0x8c d:/stm32cubemx/gcc-arm-none-eabi-10.3-2021.10-win32/gcc-arm-none-eabi-10.3-2021.10/bin/../lib/gcc/arm-none-eabi/10.3.1/../../../../arm-none-eabi/lib/thumb/v7e-m/nofp\libg.a(lib_a-__atexit.o)
                0x080031f0                __register_exitproc
 *(.glue_7)
 .glue_7        0x0800327c        0x0 linker stubs
 *(.glue_7t)
 .glue_7t       0x0800327c        0x0 linker stubs
 *(.eh_frame)
 .eh_frame      0x0800327c        0x0 d:/stm32cubemx/gcc-arm-none-eabi-10.3-2021.10-win32/gcc-arm-none-eabi-10.3-2021.10/bin/../lib/gcc/arm-none-eabi/10.3.1/thumb/v7e-m/nofp/crtbegin.o
 *(.init)
 .init          0x0800327c        0x4 d:/stm32cubemx/gcc-arm-none-eabi-10.3-2021.10-win32/gcc-arm-none-eabi-10.3-2021.10/bin/../lib/gcc/arm-none-eabi/10.3.1/thumb/v7e-m/nofp/crti.o
                0x0800327c                _init
 .init          0x08003280        0x8 d:/stm32cubemx/gcc-arm-none-eabi-10.3-2021.10-win32/gcc-arm-none-eabi-10.3-2021.10/bin/../lib/gcc/arm-none-eabi/10.3.1/thumb/v7e-m/nofp/crtn.o
 *(.fini)
 .fini          0x08003288        0x4 d:/stm32cubemx/gcc-arm-none-eabi-10.3-2021.10-win32/gcc-arm-none-eabi-10.3-2021.10/bin/../lib/gcc/arm-none-eabi/10.3.1/thumb/v7e-m/nofp/crti.o
                0x08003288                _fini
 .fini          0x0800328c        0x8 d:/stm32cubemx/gcc-arm-none-eabi-10.3-2021.10-win32/gcc-arm-none-eabi-10.3-2021.10/bin/../lib/gcc/arm-none-eabi/10.3.1/thumb/v7e-m/nofp/crtn.o
                0x08003294                . = ALIGN (0x4)
                0x08003294                _etext = .

.vfp11_veneer   0x08003294        0x0
 .vfp11_veneer  0x08003294        0x0 linker stubs

.v4_bx          0x08003294        0x0
 .v4_bx         0x08003294        0x0 linker stubs

.iplt           0x08003294        0x0
 .iplt          0x08003294        0x0 d:/stm32cubemx/gcc-arm-none-eabi-10.3-2021.10-win32/gcc-arm-none-eabi-10.3-2021.10/bin/../lib/gcc/arm-none-eabi/10.3.1/thumb/v7e-m/nofp/crtbegin.o

.rodata         0x08003294       0x2c
                0x08003294                . = ALIGN (0x4)
 *(.rodata)
 *(.rodata*)
 .rodata.AHBPrescTable
                0x08003294       0x10 CMakeFiles/M3508_Motor_Control.elf.dir/Core/Src/system_stm32g4xx.c.obj
                0x08003294                AHBPrescTable
 .rodata.APBPrescTable
                0x080032a4        0x8 CMakeFiles/M3508_Motor_Control.elf.dir/Core/Src/system_stm32g4xx.c.obj
                0x080032a4                APBPrescTable
 .rodata.DLCtoBytes
                0x080032ac       0x10 CMakeFiles/M3508_Motor_Control.elf.dir/Drivers/STM32G4xx_HAL_Driver/Src/stm32g4xx_hal_fdcan.c.obj
 .rodata._global_impure_ptr
                0x080032bc        0x4 d:/stm32cubemx/gcc-arm-none-eabi-10.3-2021.10-win32/gcc-arm-none-eabi-10.3-2021.10/bin/../lib/gcc/arm-none-eabi/10.3.1/../../../../arm-none-eabi/lib/thumb/v7e-m/nofp\libg.a(lib_a-impure.o)
                0x080032bc                _global_impure_ptr
                0x080032c0                . = ALIGN (0x4)

.rel.dyn        0x080032c0        0x0
 .rel.iplt      0x080032c0        0x0 d:/stm32cubemx/gcc-arm-none-eabi-10.3-2021.10-win32/gcc-arm-none-eabi-10.3-2021.10/bin/../lib/gcc/arm-none-eabi/10.3.1/thumb/v7e-m/nofp/crtbegin.o

.ARM.extab      0x080032c0        0x0
                0x080032c0                . = ALIGN (0x4)
 *(.ARM.extab* .gnu.linkonce.armextab.*)
                0x080032c0                . = ALIGN (0x4)

.ARM            0x080032c0        0x0
                0x080032c0                . = ALIGN (0x4)
                0x080032c0                __exidx_start = .
 *(.ARM.exidx*)
                0x080032c0                __exidx_end = .
                0x080032c0                . = ALIGN (0x4)

.preinit_array  0x080032c0        0x0
                0x080032c0                . = ALIGN (0x4)
                0x080032c0                PROVIDE (__preinit_array_start = .)
 *(.preinit_array*)
                0x080032c0                PROVIDE (__preinit_array_end = .)
                0x080032c0                . = ALIGN (0x4)

.init_array     0x080032c0        0x8
                0x080032c0                . = ALIGN (0x4)
                0x080032c0                PROVIDE (__init_array_start = .)
 *(SORT_BY_NAME(.init_array.*))
 .init_array.00000
                0x080032c0        0x4 d:/stm32cubemx/gcc-arm-none-eabi-10.3-2021.10-win32/gcc-arm-none-eabi-10.3-2021.10/bin/../lib/gcc/arm-none-eabi/10.3.1/../../../../arm-none-eabi/lib/thumb/v7e-m/nofp\libg.a(lib_a-__call_atexit.o)
 *(.init_array*)
 .init_array    0x080032c4        0x4 d:/stm32cubemx/gcc-arm-none-eabi-10.3-2021.10-win32/gcc-arm-none-eabi-10.3-2021.10/bin/../lib/gcc/arm-none-eabi/10.3.1/thumb/v7e-m/nofp/crtbegin.o
                0x080032c8                PROVIDE (__init_array_end = .)
                0x080032c8                . = ALIGN (0x4)

.fini_array     0x080032c8        0x4
                0x080032c8                . = ALIGN (0x4)
                0x080032c8                PROVIDE (__fini_array_start = .)
 *(SORT_BY_NAME(.fini_array.*))
 *(.fini_array*)
 .fini_array    0x080032c8        0x4 d:/stm32cubemx/gcc-arm-none-eabi-10.3-2021.10-win32/gcc-arm-none-eabi-10.3-2021.10/bin/../lib/gcc/arm-none-eabi/10.3.1/thumb/v7e-m/nofp/crtbegin.o
                0x080032cc                PROVIDE (__fini_array_end = .)
                0x080032cc                . = ALIGN (0x4)
                0x080032cc                _sidata = LOADADDR (.data)

.data           0x20000000      0x43c load address 0x080032cc
                0x20000000                . = ALIGN (0x4)
                0x20000000                _sdata = .
 *(.data)
 *(.data*)
 .data.SystemCoreClock
                0x20000000        0x4 CMakeFiles/M3508_Motor_Control.elf.dir/Core/Src/system_stm32g4xx.c.obj
                0x20000000                SystemCoreClock
 .data.uwTickFreq
                0x20000004        0x4 CMakeFiles/M3508_Motor_Control.elf.dir/Drivers/STM32G4xx_HAL_Driver/Src/stm32g4xx_hal.c.obj
                0x20000004                uwTickFreq
 .data.uwTickPrio
                0x20000008        0x4 CMakeFiles/M3508_Motor_Control.elf.dir/Drivers/STM32G4xx_HAL_Driver/Src/stm32g4xx_hal.c.obj
                0x20000008                uwTickPrio
 *fill*         0x2000000c        0x4 
 .data.impure_data
                0x20000010      0x428 d:/stm32cubemx/gcc-arm-none-eabi-10.3-2021.10-win32/gcc-arm-none-eabi-10.3-2021.10/bin/../lib/gcc/arm-none-eabi/10.3.1/../../../../arm-none-eabi/lib/thumb/v7e-m/nofp\libg.a(lib_a-impure.o)
 .data.__atexit_recursive_mutex
                0x20000438        0x4 d:/stm32cubemx/gcc-arm-none-eabi-10.3-2021.10-win32/gcc-arm-none-eabi-10.3-2021.10/bin/../lib/gcc/arm-none-eabi/10.3.1/../../../../arm-none-eabi/lib/thumb/v7e-m/nofp\libg.a(lib_a-__call_atexit.o)
                0x20000438                __atexit_recursive_mutex
 *(.RamFunc)
 *(.RamFunc*)
                0x2000043c                . = ALIGN (0x4)
                0x2000043c                _edata = .

.igot.plt       0x2000043c        0x0 load address 0x08003708
 .igot.plt      0x2000043c        0x0 d:/stm32cubemx/gcc-arm-none-eabi-10.3-2021.10-win32/gcc-arm-none-eabi-10.3-2021.10/bin/../lib/gcc/arm-none-eabi/10.3.1/thumb/v7e-m/nofp/crtbegin.o
                0x2000043c                . = ALIGN (0x4)

.bss            0x2000043c      0x360 load address 0x08003708
                0x2000043c                _sbss = .
                0x2000043c                __bss_start__ = _sbss
 *(.bss)
 .bss           0x2000043c       0x1c d:/stm32cubemx/gcc-arm-none-eabi-10.3-2021.10-win32/gcc-arm-none-eabi-10.3-2021.10/bin/../lib/gcc/arm-none-eabi/10.3.1/thumb/v7e-m/nofp/crtbegin.o
 *(.bss*)
 .bss.motor_data
                0x20000458       0x20 CMakeFiles/M3508_Motor_Control.elf.dir/Core/Src/can_communication.c.obj
                0x20000458                motor_data
 .bss.motors    0x20000478      0x210 CMakeFiles/M3508_Motor_Control.elf.dir/Core/Src/m3508_motor.c.obj
                0x20000478                motors
 .bss.hfdcan1   0x20000688       0x64 CMakeFiles/M3508_Motor_Control.elf.dir/Core/Src/main.c.obj
                0x20000688                hfdcan1
 .bss.htim2     0x200006ec       0x4c CMakeFiles/M3508_Motor_Control.elf.dir/Core/Src/main.c.obj
                0x200006ec                htim2
 .bss.led_counter.0
                0x20000738        0x4 CMakeFiles/M3508_Motor_Control.elf.dir/Core/Src/main.c.obj
 .bss.system_counter.1
                0x2000073c        0x4 CMakeFiles/M3508_Motor_Control.elf.dir/Core/Src/main.c.obj
 .bss.test_counter
                0x20000740        0x4 CMakeFiles/M3508_Motor_Control.elf.dir/Core/Src/motor_control.c.obj
 .bss.test_phase.0
                0x20000744        0x1 CMakeFiles/M3508_Motor_Control.elf.dir/Core/Src/motor_control.c.obj
 *fill*         0x20000745        0x3 
 .bss.htim1     0x20000748       0x4c CMakeFiles/M3508_Motor_Control.elf.dir/Core/Src/stm32g4xx_hal_timebase_tim.c.obj
                0x20000748                htim1
 .bss.uwTick    0x20000794        0x4 CMakeFiles/M3508_Motor_Control.elf.dir/Drivers/STM32G4xx_HAL_Driver/Src/stm32g4xx_hal.c.obj
                0x20000794                uwTick
 .bss.__lock___atexit_recursive_mutex
                0x20000798        0x1 d:/stm32cubemx/gcc-arm-none-eabi-10.3-2021.10-win32/gcc-arm-none-eabi-10.3-2021.10/bin/../lib/gcc/arm-none-eabi/10.3.1/../../../../arm-none-eabi/lib/thumb/v7e-m/nofp\libg.a(lib_a-lock.o)
                0x20000798                __lock___atexit_recursive_mutex
 *(COMMON)
                0x2000079c                . = ALIGN (0x4)
 *fill*         0x20000799        0x3 
                0x2000079c                _ebss = .
                0x2000079c                __bss_end__ = _ebss

._user_heap_stack
                0x2000079c      0x604 load address 0x08003708
                0x200007a0                . = ALIGN (0x8)
 *fill*         0x2000079c        0x4 
                [!provide]                PROVIDE (end = .)
                0x200007a0                PROVIDE (_end = .)
                0x200009a0                . = (. + _Min_Heap_Size)
 *fill*         0x200007a0      0x200 
                0x20000da0                . = (. + _Min_Stack_Size)
 *fill*         0x200009a0      0x400 
                0x20000da0                . = ALIGN (0x8)

/DISCARD/
 libc.a(*)
 libm.a(*)
 libgcc.a(*)

.ARM.attributes
                0x00000000       0x2a
 *(.ARM.attributes)
 .ARM.attributes
                0x00000000       0x1e d:/stm32cubemx/gcc-arm-none-eabi-10.3-2021.10-win32/gcc-arm-none-eabi-10.3-2021.10/bin/../lib/gcc/arm-none-eabi/10.3.1/thumb/v7e-m/nofp/crti.o
 .ARM.attributes
                0x0000001e       0x2e d:/stm32cubemx/gcc-arm-none-eabi-10.3-2021.10-win32/gcc-arm-none-eabi-10.3-2021.10/bin/../lib/gcc/arm-none-eabi/10.3.1/thumb/v7e-m/nofp/crtbegin.o
 .ARM.attributes
                0x0000004c       0x2e CMakeFiles/M3508_Motor_Control.elf.dir/Core/Src/can_communication.c.obj
 .ARM.attributes
                0x0000007a       0x2e CMakeFiles/M3508_Motor_Control.elf.dir/Core/Src/m3508_motor.c.obj
 .ARM.attributes
                0x000000a8       0x2e CMakeFiles/M3508_Motor_Control.elf.dir/Core/Src/main.c.obj
 .ARM.attributes
                0x000000d6       0x2e CMakeFiles/M3508_Motor_Control.elf.dir/Core/Src/motor_control.c.obj
 .ARM.attributes
                0x00000104       0x2e CMakeFiles/M3508_Motor_Control.elf.dir/Core/Src/pid_controller.c.obj
 .ARM.attributes
                0x00000132       0x2e CMakeFiles/M3508_Motor_Control.elf.dir/Core/Src/stm32g4xx_hal_msp.c.obj
 .ARM.attributes
                0x00000160       0x2e CMakeFiles/M3508_Motor_Control.elf.dir/Core/Src/stm32g4xx_hal_timebase_tim.c.obj
 .ARM.attributes
                0x0000018e       0x2e CMakeFiles/M3508_Motor_Control.elf.dir/Core/Src/stm32g4xx_it.c.obj
 .ARM.attributes
                0x000001bc       0x2e CMakeFiles/M3508_Motor_Control.elf.dir/Core/Src/system_stm32g4xx.c.obj
 .ARM.attributes
                0x000001ea       0x21 CMakeFiles/M3508_Motor_Control.elf.dir/Core/Startup/startup_stm32g474vetx.s.obj
 .ARM.attributes
                0x0000020b       0x2e CMakeFiles/M3508_Motor_Control.elf.dir/Drivers/STM32G4xx_HAL_Driver/Src/stm32g4xx_hal.c.obj
 .ARM.attributes
                0x00000239       0x2e CMakeFiles/M3508_Motor_Control.elf.dir/Drivers/STM32G4xx_HAL_Driver/Src/stm32g4xx_hal_cortex.c.obj
 .ARM.attributes
                0x00000267       0x2e CMakeFiles/M3508_Motor_Control.elf.dir/Drivers/STM32G4xx_HAL_Driver/Src/stm32g4xx_hal_fdcan.c.obj
 .ARM.attributes
                0x00000295       0x2e CMakeFiles/M3508_Motor_Control.elf.dir/Drivers/STM32G4xx_HAL_Driver/Src/stm32g4xx_hal_gpio.c.obj
 .ARM.attributes
                0x000002c3       0x2e CMakeFiles/M3508_Motor_Control.elf.dir/Drivers/STM32G4xx_HAL_Driver/Src/stm32g4xx_hal_pwr_ex.c.obj
 .ARM.attributes
                0x000002f1       0x2e CMakeFiles/M3508_Motor_Control.elf.dir/Drivers/STM32G4xx_HAL_Driver/Src/stm32g4xx_hal_rcc.c.obj
 .ARM.attributes
                0x0000031f       0x2e CMakeFiles/M3508_Motor_Control.elf.dir/Drivers/STM32G4xx_HAL_Driver/Src/stm32g4xx_hal_rcc_ex.c.obj
 .ARM.attributes
                0x0000034d       0x2e CMakeFiles/M3508_Motor_Control.elf.dir/Drivers/STM32G4xx_HAL_Driver/Src/stm32g4xx_hal_tim.c.obj
 .ARM.attributes
                0x0000037b       0x2e CMakeFiles/M3508_Motor_Control.elf.dir/Drivers/STM32G4xx_HAL_Driver/Src/stm32g4xx_hal_tim_ex.c.obj
 .ARM.attributes
                0x000003a9       0x1e d:/stm32cubemx/gcc-arm-none-eabi-10.3-2021.10-win32/gcc-arm-none-eabi-10.3-2021.10/bin/../lib/gcc/arm-none-eabi/10.3.1/thumb/v7e-m/nofp\libgcc.a(_arm_addsubsf3.o)
 .ARM.attributes
                0x000003c7       0x1e d:/stm32cubemx/gcc-arm-none-eabi-10.3-2021.10-win32/gcc-arm-none-eabi-10.3-2021.10/bin/../lib/gcc/arm-none-eabi/10.3.1/thumb/v7e-m/nofp\libgcc.a(_arm_muldivsf3.o)
 .ARM.attributes
                0x000003e5       0x1e d:/stm32cubemx/gcc-arm-none-eabi-10.3-2021.10-win32/gcc-arm-none-eabi-10.3-2021.10/bin/../lib/gcc/arm-none-eabi/10.3.1/thumb/v7e-m/nofp\libgcc.a(_arm_cmpsf2.o)
 .ARM.attributes
                0x00000403       0x1e d:/stm32cubemx/gcc-arm-none-eabi-10.3-2021.10-win32/gcc-arm-none-eabi-10.3-2021.10/bin/../lib/gcc/arm-none-eabi/10.3.1/thumb/v7e-m/nofp\libgcc.a(_arm_fixsfsi.o)
 .ARM.attributes
                0x00000421       0x2e d:/stm32cubemx/gcc-arm-none-eabi-10.3-2021.10-win32/gcc-arm-none-eabi-10.3-2021.10/bin/../lib/gcc/arm-none-eabi/10.3.1/../../../../arm-none-eabi/lib/thumb/v7e-m/nofp\libg.a(lib_a-impure.o)
 .ARM.attributes
                0x0000044f       0x2e d:/stm32cubemx/gcc-arm-none-eabi-10.3-2021.10-win32/gcc-arm-none-eabi-10.3-2021.10/bin/../lib/gcc/arm-none-eabi/10.3.1/../../../../arm-none-eabi/lib/thumb/v7e-m/nofp\libg.a(lib_a-init.o)
 .ARM.attributes
                0x0000047d       0x2e d:/stm32cubemx/gcc-arm-none-eabi-10.3-2021.10-win32/gcc-arm-none-eabi-10.3-2021.10/bin/../lib/gcc/arm-none-eabi/10.3.1/../../../../arm-none-eabi/lib/thumb/v7e-m/nofp\libg.a(lib_a-memset.o)
 .ARM.attributes
                0x000004ab       0x2e d:/stm32cubemx/gcc-arm-none-eabi-10.3-2021.10-win32/gcc-arm-none-eabi-10.3-2021.10/bin/../lib/gcc/arm-none-eabi/10.3.1/../../../../arm-none-eabi/lib/thumb/v7e-m/nofp\libg.a(lib_a-__call_atexit.o)
 .ARM.attributes
                0x000004d9       0x2e d:/stm32cubemx/gcc-arm-none-eabi-10.3-2021.10-win32/gcc-arm-none-eabi-10.3-2021.10/bin/../lib/gcc/arm-none-eabi/10.3.1/../../../../arm-none-eabi/lib/thumb/v7e-m/nofp\libg.a(lib_a-atexit.o)
 .ARM.attributes
                0x00000507       0x2e d:/stm32cubemx/gcc-arm-none-eabi-10.3-2021.10-win32/gcc-arm-none-eabi-10.3-2021.10/bin/../lib/gcc/arm-none-eabi/10.3.1/../../../../arm-none-eabi/lib/thumb/v7e-m/nofp\libg.a(lib_a-fini.o)
 .ARM.attributes
                0x00000535       0x2e d:/stm32cubemx/gcc-arm-none-eabi-10.3-2021.10-win32/gcc-arm-none-eabi-10.3-2021.10/bin/../lib/gcc/arm-none-eabi/10.3.1/../../../../arm-none-eabi/lib/thumb/v7e-m/nofp\libg.a(lib_a-lock.o)
 .ARM.attributes
                0x00000563       0x2e d:/stm32cubemx/gcc-arm-none-eabi-10.3-2021.10-win32/gcc-arm-none-eabi-10.3-2021.10/bin/../lib/gcc/arm-none-eabi/10.3.1/../../../../arm-none-eabi/lib/thumb/v7e-m/nofp\libg.a(lib_a-__atexit.o)
 .ARM.attributes
                0x00000591       0x1e d:/stm32cubemx/gcc-arm-none-eabi-10.3-2021.10-win32/gcc-arm-none-eabi-10.3-2021.10/bin/../lib/gcc/arm-none-eabi/10.3.1/thumb/v7e-m/nofp/crtn.o
OUTPUT(M3508_Motor_Control.elf elf32-littlearm)
LOAD linker stubs
LOAD d:/stm32cubemx/gcc-arm-none-eabi-10.3-2021.10-win32/gcc-arm-none-eabi-10.3-2021.10/bin/../lib/gcc/arm-none-eabi/10.3.1/../../../../arm-none-eabi/lib/thumb/v7e-m/nofp\libc.a
LOAD d:/stm32cubemx/gcc-arm-none-eabi-10.3-2021.10-win32/gcc-arm-none-eabi-10.3-2021.10/bin/../lib/gcc/arm-none-eabi/10.3.1/../../../../arm-none-eabi/lib/thumb/v7e-m/nofp\libm.a
LOAD d:/stm32cubemx/gcc-arm-none-eabi-10.3-2021.10-win32/gcc-arm-none-eabi-10.3-2021.10/bin/../lib/gcc/arm-none-eabi/10.3.1/thumb/v7e-m/nofp\libgcc.a

.debug_info     0x00000000    0x1387f
 .debug_info    0x00000000      0xa00 CMakeFiles/M3508_Motor_Control.elf.dir/Core/Src/can_communication.c.obj
 .debug_info    0x00000a00      0x63d CMakeFiles/M3508_Motor_Control.elf.dir/Core/Src/m3508_motor.c.obj
 .debug_info    0x0000103d     0x19c9 CMakeFiles/M3508_Motor_Control.elf.dir/Core/Src/main.c.obj
 .debug_info    0x00002a06      0x1fe CMakeFiles/M3508_Motor_Control.elf.dir/Core/Src/motor_control.c.obj
 .debug_info    0x00002c04      0x2ad CMakeFiles/M3508_Motor_Control.elf.dir/Core/Src/pid_controller.c.obj
 .debug_info    0x00002eb1     0x1704 CMakeFiles/M3508_Motor_Control.elf.dir/Core/Src/stm32g4xx_hal_msp.c.obj
 .debug_info    0x000045b5      0xf0b CMakeFiles/M3508_Motor_Control.elf.dir/Core/Src/stm32g4xx_hal_timebase_tim.c.obj
 .debug_info    0x000054c0      0xddf CMakeFiles/M3508_Motor_Control.elf.dir/Core/Src/stm32g4xx_it.c.obj
 .debug_info    0x0000629f      0x3f9 CMakeFiles/M3508_Motor_Control.elf.dir/Core/Src/system_stm32g4xx.c.obj
 .debug_info    0x00006698       0x22 CMakeFiles/M3508_Motor_Control.elf.dir/Core/Startup/startup_stm32g474vetx.s.obj
 .debug_info    0x000066ba      0xc72 CMakeFiles/M3508_Motor_Control.elf.dir/Drivers/STM32G4xx_HAL_Driver/Src/stm32g4xx_hal.c.obj
 .debug_info    0x0000732c     0x10fb CMakeFiles/M3508_Motor_Control.elf.dir/Drivers/STM32G4xx_HAL_Driver/Src/stm32g4xx_hal_cortex.c.obj
 .debug_info    0x00008427     0x1d72 CMakeFiles/M3508_Motor_Control.elf.dir/Drivers/STM32G4xx_HAL_Driver/Src/stm32g4xx_hal_fdcan.c.obj
 .debug_info    0x0000a199      0x865 CMakeFiles/M3508_Motor_Control.elf.dir/Drivers/STM32G4xx_HAL_Driver/Src/stm32g4xx_hal_gpio.c.obj
 .debug_info    0x0000a9fe      0xa07 CMakeFiles/M3508_Motor_Control.elf.dir/Drivers/STM32G4xx_HAL_Driver/Src/stm32g4xx_hal_pwr_ex.c.obj
 .debug_info    0x0000b405      0xefa CMakeFiles/M3508_Motor_Control.elf.dir/Drivers/STM32G4xx_HAL_Driver/Src/stm32g4xx_hal_rcc.c.obj
 .debug_info    0x0000c2ff      0xf39 CMakeFiles/M3508_Motor_Control.elf.dir/Drivers/STM32G4xx_HAL_Driver/Src/stm32g4xx_hal_rcc_ex.c.obj
 .debug_info    0x0000d238     0x410f CMakeFiles/M3508_Motor_Control.elf.dir/Drivers/STM32G4xx_HAL_Driver/Src/stm32g4xx_hal_tim.c.obj
 .debug_info    0x00011347     0x2538 CMakeFiles/M3508_Motor_Control.elf.dir/Drivers/STM32G4xx_HAL_Driver/Src/stm32g4xx_hal_tim_ex.c.obj

.debug_abbrev   0x00000000     0x245e
 .debug_abbrev  0x00000000      0x1a1 CMakeFiles/M3508_Motor_Control.elf.dir/Core/Src/can_communication.c.obj
 .debug_abbrev  0x000001a1      0x19a CMakeFiles/M3508_Motor_Control.elf.dir/Core/Src/m3508_motor.c.obj
 .debug_abbrev  0x0000033b      0x307 CMakeFiles/M3508_Motor_Control.elf.dir/Core/Src/main.c.obj
 .debug_abbrev  0x00000642       0xda CMakeFiles/M3508_Motor_Control.elf.dir/Core/Src/motor_control.c.obj
 .debug_abbrev  0x0000071c      0x10f CMakeFiles/M3508_Motor_Control.elf.dir/Core/Src/pid_controller.c.obj
 .debug_abbrev  0x0000082b      0x20f CMakeFiles/M3508_Motor_Control.elf.dir/Core/Src/stm32g4xx_hal_msp.c.obj
 .debug_abbrev  0x00000a3a      0x230 CMakeFiles/M3508_Motor_Control.elf.dir/Core/Src/stm32g4xx_hal_timebase_tim.c.obj
 .debug_abbrev  0x00000c6a      0x1aa CMakeFiles/M3508_Motor_Control.elf.dir/Core/Src/stm32g4xx_it.c.obj
 .debug_abbrev  0x00000e14      0x119 CMakeFiles/M3508_Motor_Control.elf.dir/Core/Src/system_stm32g4xx.c.obj
 .debug_abbrev  0x00000f2d       0x12 CMakeFiles/M3508_Motor_Control.elf.dir/Core/Startup/startup_stm32g474vetx.s.obj
 .debug_abbrev  0x00000f3f      0x23e CMakeFiles/M3508_Motor_Control.elf.dir/Drivers/STM32G4xx_HAL_Driver/Src/stm32g4xx_hal.c.obj
 .debug_abbrev  0x0000117d      0x361 CMakeFiles/M3508_Motor_Control.elf.dir/Drivers/STM32G4xx_HAL_Driver/Src/stm32g4xx_hal_cortex.c.obj
 .debug_abbrev  0x000014de      0x1c7 CMakeFiles/M3508_Motor_Control.elf.dir/Drivers/STM32G4xx_HAL_Driver/Src/stm32g4xx_hal_fdcan.c.obj
 .debug_abbrev  0x000016a5      0x1e6 CMakeFiles/M3508_Motor_Control.elf.dir/Drivers/STM32G4xx_HAL_Driver/Src/stm32g4xx_hal_gpio.c.obj
 .debug_abbrev  0x0000188b      0x245 CMakeFiles/M3508_Motor_Control.elf.dir/Drivers/STM32G4xx_HAL_Driver/Src/stm32g4xx_hal_pwr_ex.c.obj
 .debug_abbrev  0x00001ad0      0x26f CMakeFiles/M3508_Motor_Control.elf.dir/Drivers/STM32G4xx_HAL_Driver/Src/stm32g4xx_hal_rcc.c.obj
 .debug_abbrev  0x00001d3f      0x243 CMakeFiles/M3508_Motor_Control.elf.dir/Drivers/STM32G4xx_HAL_Driver/Src/stm32g4xx_hal_rcc_ex.c.obj
 .debug_abbrev  0x00001f82      0x263 CMakeFiles/M3508_Motor_Control.elf.dir/Drivers/STM32G4xx_HAL_Driver/Src/stm32g4xx_hal_tim.c.obj
 .debug_abbrev  0x000021e5      0x279 CMakeFiles/M3508_Motor_Control.elf.dir/Drivers/STM32G4xx_HAL_Driver/Src/stm32g4xx_hal_tim_ex.c.obj

.debug_loc      0x00000000     0xd8cf
 .debug_loc     0x00000000      0x115 CMakeFiles/M3508_Motor_Control.elf.dir/Core/Src/can_communication.c.obj
 .debug_loc     0x00000115      0x1fd CMakeFiles/M3508_Motor_Control.elf.dir/Core/Src/m3508_motor.c.obj
 .debug_loc     0x00000312       0xa9 CMakeFiles/M3508_Motor_Control.elf.dir/Core/Src/main.c.obj
 .debug_loc     0x000003bb       0x23 CMakeFiles/M3508_Motor_Control.elf.dir/Core/Src/motor_control.c.obj
 .debug_loc     0x000003de       0xa0 CMakeFiles/M3508_Motor_Control.elf.dir/Core/Src/pid_controller.c.obj
 .debug_loc     0x0000047e      0x105 CMakeFiles/M3508_Motor_Control.elf.dir/Core/Src/stm32g4xx_hal_msp.c.obj
 .debug_loc     0x00000583       0xd0 CMakeFiles/M3508_Motor_Control.elf.dir/Core/Src/stm32g4xx_hal_timebase_tim.c.obj
 .debug_loc     0x00000653       0x9d CMakeFiles/M3508_Motor_Control.elf.dir/Core/Src/system_stm32g4xx.c.obj
 .debug_loc     0x000006f0      0x1ef CMakeFiles/M3508_Motor_Control.elf.dir/Drivers/STM32G4xx_HAL_Driver/Src/stm32g4xx_hal.c.obj
 .debug_loc     0x000008df      0x736 CMakeFiles/M3508_Motor_Control.elf.dir/Drivers/STM32G4xx_HAL_Driver/Src/stm32g4xx_hal_cortex.c.obj
 .debug_loc     0x00001015     0x16a0 CMakeFiles/M3508_Motor_Control.elf.dir/Drivers/STM32G4xx_HAL_Driver/Src/stm32g4xx_hal_fdcan.c.obj
 .debug_loc     0x000026b5      0x3b3 CMakeFiles/M3508_Motor_Control.elf.dir/Drivers/STM32G4xx_HAL_Driver/Src/stm32g4xx_hal_gpio.c.obj
 .debug_loc     0x00002a68      0xa23 CMakeFiles/M3508_Motor_Control.elf.dir/Drivers/STM32G4xx_HAL_Driver/Src/stm32g4xx_hal_pwr_ex.c.obj
 .debug_loc     0x0000348b      0x84d CMakeFiles/M3508_Motor_Control.elf.dir/Drivers/STM32G4xx_HAL_Driver/Src/stm32g4xx_hal_rcc.c.obj
 .debug_loc     0x00003cd8     0x1523 CMakeFiles/M3508_Motor_Control.elf.dir/Drivers/STM32G4xx_HAL_Driver/Src/stm32g4xx_hal_rcc_ex.c.obj
 .debug_loc     0x000051fb     0x5866 CMakeFiles/M3508_Motor_Control.elf.dir/Drivers/STM32G4xx_HAL_Driver/Src/stm32g4xx_hal_tim.c.obj
 .debug_loc     0x0000aa61     0x2e6e CMakeFiles/M3508_Motor_Control.elf.dir/Drivers/STM32G4xx_HAL_Driver/Src/stm32g4xx_hal_tim_ex.c.obj

.debug_aranges  0x00000000      0xf60
 .debug_aranges
                0x00000000       0x30 CMakeFiles/M3508_Motor_Control.elf.dir/Core/Src/can_communication.c.obj
 .debug_aranges
                0x00000030       0x40 CMakeFiles/M3508_Motor_Control.elf.dir/Core/Src/m3508_motor.c.obj
 .debug_aranges
                0x00000070       0x60 CMakeFiles/M3508_Motor_Control.elf.dir/Core/Src/main.c.obj
 .debug_aranges
                0x000000d0       0x30 CMakeFiles/M3508_Motor_Control.elf.dir/Core/Src/motor_control.c.obj
 .debug_aranges
                0x00000100       0x30 CMakeFiles/M3508_Motor_Control.elf.dir/Core/Src/pid_controller.c.obj
 .debug_aranges
                0x00000130       0x40 CMakeFiles/M3508_Motor_Control.elf.dir/Core/Src/stm32g4xx_hal_msp.c.obj
 .debug_aranges
                0x00000170       0x30 CMakeFiles/M3508_Motor_Control.elf.dir/Core/Src/stm32g4xx_hal_timebase_tim.c.obj
 .debug_aranges
                0x000001a0       0x78 CMakeFiles/M3508_Motor_Control.elf.dir/Core/Src/stm32g4xx_it.c.obj
 .debug_aranges
                0x00000218       0x28 CMakeFiles/M3508_Motor_Control.elf.dir/Core/Src/system_stm32g4xx.c.obj
 .debug_aranges
                0x00000240       0x28 CMakeFiles/M3508_Motor_Control.elf.dir/Core/Startup/startup_stm32g474vetx.s.obj
 .debug_aranges
                0x00000268      0x148 CMakeFiles/M3508_Motor_Control.elf.dir/Drivers/STM32G4xx_HAL_Driver/Src/stm32g4xx_hal.c.obj
 .debug_aranges
                0x000003b0       0xa8 CMakeFiles/M3508_Motor_Control.elf.dir/Drivers/STM32G4xx_HAL_Driver/Src/stm32g4xx_hal_cortex.c.obj
 .debug_aranges
                0x00000458      0x208 CMakeFiles/M3508_Motor_Control.elf.dir/Drivers/STM32G4xx_HAL_Driver/Src/stm32g4xx_hal_fdcan.c.obj
 .debug_aranges
                0x00000660       0x58 CMakeFiles/M3508_Motor_Control.elf.dir/Drivers/STM32G4xx_HAL_Driver/Src/stm32g4xx_hal_gpio.c.obj
 .debug_aranges
                0x000006b8      0x140 CMakeFiles/M3508_Motor_Control.elf.dir/Drivers/STM32G4xx_HAL_Driver/Src/stm32g4xx_hal_pwr_ex.c.obj
 .debug_aranges
                0x000007f8       0x98 CMakeFiles/M3508_Motor_Control.elf.dir/Drivers/STM32G4xx_HAL_Driver/Src/stm32g4xx_hal_rcc.c.obj
 .debug_aranges
                0x00000890       0xb0 CMakeFiles/M3508_Motor_Control.elf.dir/Drivers/STM32G4xx_HAL_Driver/Src/stm32g4xx_hal_rcc_ex.c.obj
 .debug_aranges
                0x00000940      0x3e0 CMakeFiles/M3508_Motor_Control.elf.dir/Drivers/STM32G4xx_HAL_Driver/Src/stm32g4xx_hal_tim.c.obj
 .debug_aranges
                0x00000d20      0x240 CMakeFiles/M3508_Motor_Control.elf.dir/Drivers/STM32G4xx_HAL_Driver/Src/stm32g4xx_hal_tim_ex.c.obj

.debug_ranges   0x00000000      0xef8
 .debug_ranges  0x00000000       0x20 CMakeFiles/M3508_Motor_Control.elf.dir/Core/Src/can_communication.c.obj
 .debug_ranges  0x00000020       0x48 CMakeFiles/M3508_Motor_Control.elf.dir/Core/Src/m3508_motor.c.obj
 .debug_ranges  0x00000068       0x68 CMakeFiles/M3508_Motor_Control.elf.dir/Core/Src/main.c.obj
 .debug_ranges  0x000000d0       0x20 CMakeFiles/M3508_Motor_Control.elf.dir/Core/Src/motor_control.c.obj
 .debug_ranges  0x000000f0       0x20 CMakeFiles/M3508_Motor_Control.elf.dir/Core/Src/pid_controller.c.obj
 .debug_ranges  0x00000110       0x30 CMakeFiles/M3508_Motor_Control.elf.dir/Core/Src/stm32g4xx_hal_msp.c.obj
 .debug_ranges  0x00000140       0x20 CMakeFiles/M3508_Motor_Control.elf.dir/Core/Src/stm32g4xx_hal_timebase_tim.c.obj
 .debug_ranges  0x00000160       0x68 CMakeFiles/M3508_Motor_Control.elf.dir/Core/Src/stm32g4xx_it.c.obj
 .debug_ranges  0x000001c8       0x18 CMakeFiles/M3508_Motor_Control.elf.dir/Core/Src/system_stm32g4xx.c.obj
 .debug_ranges  0x000001e0       0x20 CMakeFiles/M3508_Motor_Control.elf.dir/Core/Startup/startup_stm32g474vetx.s.obj
 .debug_ranges  0x00000200      0x138 CMakeFiles/M3508_Motor_Control.elf.dir/Drivers/STM32G4xx_HAL_Driver/Src/stm32g4xx_hal.c.obj
 .debug_ranges  0x00000338       0xf8 CMakeFiles/M3508_Motor_Control.elf.dir/Drivers/STM32G4xx_HAL_Driver/Src/stm32g4xx_hal_cortex.c.obj
 .debug_ranges  0x00000430      0x1f8 CMakeFiles/M3508_Motor_Control.elf.dir/Drivers/STM32G4xx_HAL_Driver/Src/stm32g4xx_hal_fdcan.c.obj
 .debug_ranges  0x00000628       0x48 CMakeFiles/M3508_Motor_Control.elf.dir/Drivers/STM32G4xx_HAL_Driver/Src/stm32g4xx_hal_gpio.c.obj
 .debug_ranges  0x00000670      0x130 CMakeFiles/M3508_Motor_Control.elf.dir/Drivers/STM32G4xx_HAL_Driver/Src/stm32g4xx_hal_pwr_ex.c.obj
 .debug_ranges  0x000007a0       0xa0 CMakeFiles/M3508_Motor_Control.elf.dir/Drivers/STM32G4xx_HAL_Driver/Src/stm32g4xx_hal_rcc.c.obj
 .debug_ranges  0x00000840       0xb8 CMakeFiles/M3508_Motor_Control.elf.dir/Drivers/STM32G4xx_HAL_Driver/Src/stm32g4xx_hal_rcc_ex.c.obj
 .debug_ranges  0x000008f8      0x3d0 CMakeFiles/M3508_Motor_Control.elf.dir/Drivers/STM32G4xx_HAL_Driver/Src/stm32g4xx_hal_tim.c.obj
 .debug_ranges  0x00000cc8      0x230 CMakeFiles/M3508_Motor_Control.elf.dir/Drivers/STM32G4xx_HAL_Driver/Src/stm32g4xx_hal_tim_ex.c.obj

.debug_line     0x00000000    0x1047d
 .debug_line    0x00000000      0x444 CMakeFiles/M3508_Motor_Control.elf.dir/Core/Src/can_communication.c.obj
 .debug_line    0x00000444      0x48a CMakeFiles/M3508_Motor_Control.elf.dir/Core/Src/m3508_motor.c.obj
 .debug_line    0x000008ce      0x813 CMakeFiles/M3508_Motor_Control.elf.dir/Core/Src/main.c.obj
 .debug_line    0x000010e1      0x31f CMakeFiles/M3508_Motor_Control.elf.dir/Core/Src/motor_control.c.obj
 .debug_line    0x00001400      0x23a CMakeFiles/M3508_Motor_Control.elf.dir/Core/Src/pid_controller.c.obj
 .debug_line    0x0000163a      0x4d3 CMakeFiles/M3508_Motor_Control.elf.dir/Core/Src/stm32g4xx_hal_msp.c.obj
 .debug_line    0x00001b0d      0x3bd CMakeFiles/M3508_Motor_Control.elf.dir/Core/Src/stm32g4xx_hal_timebase_tim.c.obj
 .debug_line    0x00001eca      0x40a CMakeFiles/M3508_Motor_Control.elf.dir/Core/Src/stm32g4xx_it.c.obj
 .debug_line    0x000022d4      0x2ce CMakeFiles/M3508_Motor_Control.elf.dir/Core/Src/system_stm32g4xx.c.obj
 .debug_line    0x000025a2       0xc4 CMakeFiles/M3508_Motor_Control.elf.dir/Core/Startup/startup_stm32g474vetx.s.obj
 .debug_line    0x00002666      0x801 CMakeFiles/M3508_Motor_Control.elf.dir/Drivers/STM32G4xx_HAL_Driver/Src/stm32g4xx_hal.c.obj
 .debug_line    0x00002e67      0x896 CMakeFiles/M3508_Motor_Control.elf.dir/Drivers/STM32G4xx_HAL_Driver/Src/stm32g4xx_hal_cortex.c.obj
 .debug_line    0x000036fd     0x1b07 CMakeFiles/M3508_Motor_Control.elf.dir/Drivers/STM32G4xx_HAL_Driver/Src/stm32g4xx_hal_fdcan.c.obj
 .debug_line    0x00005204      0x778 CMakeFiles/M3508_Motor_Control.elf.dir/Drivers/STM32G4xx_HAL_Driver/Src/stm32g4xx_hal_gpio.c.obj
 .debug_line    0x0000597c      0xba9 CMakeFiles/M3508_Motor_Control.elf.dir/Drivers/STM32G4xx_HAL_Driver/Src/stm32g4xx_hal_pwr_ex.c.obj
 .debug_line    0x00006525      0xee0 CMakeFiles/M3508_Motor_Control.elf.dir/Drivers/STM32G4xx_HAL_Driver/Src/stm32g4xx_hal_rcc.c.obj
 .debug_line    0x00007405     0x134b CMakeFiles/M3508_Motor_Control.elf.dir/Drivers/STM32G4xx_HAL_Driver/Src/stm32g4xx_hal_rcc_ex.c.obj
 .debug_line    0x00008750     0x55b8 CMakeFiles/M3508_Motor_Control.elf.dir/Drivers/STM32G4xx_HAL_Driver/Src/stm32g4xx_hal_tim.c.obj
 .debug_line    0x0000dd08     0x2775 CMakeFiles/M3508_Motor_Control.elf.dir/Drivers/STM32G4xx_HAL_Driver/Src/stm32g4xx_hal_tim_ex.c.obj

.debug_str      0x00000000     0x5b93
 .debug_str     0x00000000      0x797 CMakeFiles/M3508_Motor_Control.elf.dir/Core/Src/can_communication.c.obj
                                0x858 (size before relaxing)
 .debug_str     0x00000797      0x24d CMakeFiles/M3508_Motor_Control.elf.dir/Core/Src/m3508_motor.c.obj
                                0x4c9 (size before relaxing)
 .debug_str     0x000009e4      0xb29 CMakeFiles/M3508_Motor_Control.elf.dir/Core/Src/main.c.obj
                               0x113a (size before relaxing)
 .debug_str     0x0000150d       0x6f CMakeFiles/M3508_Motor_Control.elf.dir/Core/Src/motor_control.c.obj
                                0x2de (size before relaxing)
 .debug_str     0x0000157c       0x8d CMakeFiles/M3508_Motor_Control.elf.dir/Core/Src/pid_controller.c.obj
                                0x2c1 (size before relaxing)
 .debug_str     0x00001609      0x937 CMakeFiles/M3508_Motor_Control.elf.dir/Core/Src/stm32g4xx_hal_msp.c.obj
                               0x1623 (size before relaxing)
 .debug_str     0x00001f40      0x11c CMakeFiles/M3508_Motor_Control.elf.dir/Core/Src/stm32g4xx_hal_timebase_tim.c.obj
                               0x112d (size before relaxing)
 .debug_str     0x0000205c      0x14d CMakeFiles/M3508_Motor_Control.elf.dir/Core/Src/stm32g4xx_it.c.obj
                                0xc4b (size before relaxing)
 .debug_str     0x000021a9       0xc2 CMakeFiles/M3508_Motor_Control.elf.dir/Core/Src/system_stm32g4xx.c.obj
                                0x3df (size before relaxing)
 .debug_str     0x0000226b       0x71 CMakeFiles/M3508_Motor_Control.elf.dir/Core/Startup/startup_stm32g474vetx.s.obj
                                 0xc1 (size before relaxing)
 .debug_str     0x000022dc      0x47c CMakeFiles/M3508_Motor_Control.elf.dir/Drivers/STM32G4xx_HAL_Driver/Src/stm32g4xx_hal.c.obj
                                0xea1 (size before relaxing)
 .debug_str     0x00002758      0x4b1 CMakeFiles/M3508_Motor_Control.elf.dir/Drivers/STM32G4xx_HAL_Driver/Src/stm32g4xx_hal_cortex.c.obj
                                0xdc9 (size before relaxing)
 .debug_str     0x00002c09      0xa60 CMakeFiles/M3508_Motor_Control.elf.dir/Drivers/STM32G4xx_HAL_Driver/Src/stm32g4xx_hal_fdcan.c.obj
                               0x1299 (size before relaxing)
 .debug_str     0x00003669      0x14c CMakeFiles/M3508_Motor_Control.elf.dir/Drivers/STM32G4xx_HAL_Driver/Src/stm32g4xx_hal_gpio.c.obj
                                0x5ac (size before relaxing)
 .debug_str     0x000037b5      0x526 CMakeFiles/M3508_Motor_Control.elf.dir/Drivers/STM32G4xx_HAL_Driver/Src/stm32g4xx_hal_pwr_ex.c.obj
                                0x84e (size before relaxing)
 .debug_str     0x00003cdb      0x28e CMakeFiles/M3508_Motor_Control.elf.dir/Drivers/STM32G4xx_HAL_Driver/Src/stm32g4xx_hal_rcc.c.obj
                                0x8c1 (size before relaxing)
 .debug_str     0x00003f69      0x3b8 CMakeFiles/M3508_Motor_Control.elf.dir/Drivers/STM32G4xx_HAL_Driver/Src/stm32g4xx_hal_rcc_ex.c.obj
                                0xad1 (size before relaxing)
 .debug_str     0x00004321      0xf22 CMakeFiles/M3508_Motor_Control.elf.dir/Drivers/STM32G4xx_HAL_Driver/Src/stm32g4xx_hal_tim.c.obj
                               0x18db (size before relaxing)
 .debug_str     0x00005243      0x950 CMakeFiles/M3508_Motor_Control.elf.dir/Drivers/STM32G4xx_HAL_Driver/Src/stm32g4xx_hal_tim_ex.c.obj
                               0x1533 (size before relaxing)

.comment        0x00000000       0x49
 .comment       0x00000000       0x49 CMakeFiles/M3508_Motor_Control.elf.dir/Core/Src/can_communication.c.obj
                                 0x4a (size before relaxing)
 .comment       0x00000049       0x4a CMakeFiles/M3508_Motor_Control.elf.dir/Core/Src/m3508_motor.c.obj
 .comment       0x00000049       0x4a CMakeFiles/M3508_Motor_Control.elf.dir/Core/Src/main.c.obj
 .comment       0x00000049       0x4a CMakeFiles/M3508_Motor_Control.elf.dir/Core/Src/motor_control.c.obj
 .comment       0x00000049       0x4a CMakeFiles/M3508_Motor_Control.elf.dir/Core/Src/pid_controller.c.obj
 .comment       0x00000049       0x4a CMakeFiles/M3508_Motor_Control.elf.dir/Core/Src/stm32g4xx_hal_msp.c.obj
 .comment       0x00000049       0x4a CMakeFiles/M3508_Motor_Control.elf.dir/Core/Src/stm32g4xx_hal_timebase_tim.c.obj
 .comment       0x00000049       0x4a CMakeFiles/M3508_Motor_Control.elf.dir/Core/Src/stm32g4xx_it.c.obj
 .comment       0x00000049       0x4a CMakeFiles/M3508_Motor_Control.elf.dir/Core/Src/system_stm32g4xx.c.obj
 .comment       0x00000049       0x4a CMakeFiles/M3508_Motor_Control.elf.dir/Drivers/STM32G4xx_HAL_Driver/Src/stm32g4xx_hal.c.obj
 .comment       0x00000049       0x4a CMakeFiles/M3508_Motor_Control.elf.dir/Drivers/STM32G4xx_HAL_Driver/Src/stm32g4xx_hal_cortex.c.obj
 .comment       0x00000049       0x4a CMakeFiles/M3508_Motor_Control.elf.dir/Drivers/STM32G4xx_HAL_Driver/Src/stm32g4xx_hal_fdcan.c.obj
 .comment       0x00000049       0x4a CMakeFiles/M3508_Motor_Control.elf.dir/Drivers/STM32G4xx_HAL_Driver/Src/stm32g4xx_hal_gpio.c.obj
 .comment       0x00000049       0x4a CMakeFiles/M3508_Motor_Control.elf.dir/Drivers/STM32G4xx_HAL_Driver/Src/stm32g4xx_hal_pwr_ex.c.obj
 .comment       0x00000049       0x4a CMakeFiles/M3508_Motor_Control.elf.dir/Drivers/STM32G4xx_HAL_Driver/Src/stm32g4xx_hal_rcc.c.obj
 .comment       0x00000049       0x4a CMakeFiles/M3508_Motor_Control.elf.dir/Drivers/STM32G4xx_HAL_Driver/Src/stm32g4xx_hal_rcc_ex.c.obj
 .comment       0x00000049       0x4a CMakeFiles/M3508_Motor_Control.elf.dir/Drivers/STM32G4xx_HAL_Driver/Src/stm32g4xx_hal_tim.c.obj
 .comment       0x00000049       0x4a CMakeFiles/M3508_Motor_Control.elf.dir/Drivers/STM32G4xx_HAL_Driver/Src/stm32g4xx_hal_tim_ex.c.obj

.debug_frame    0x00000000     0x2888
 .debug_frame   0x00000000       0x74 CMakeFiles/M3508_Motor_Control.elf.dir/Core/Src/can_communication.c.obj
 .debug_frame   0x00000074       0xa0 CMakeFiles/M3508_Motor_Control.elf.dir/Core/Src/m3508_motor.c.obj
 .debug_frame   0x00000114      0x10c CMakeFiles/M3508_Motor_Control.elf.dir/Core/Src/main.c.obj
 .debug_frame   0x00000220       0x58 CMakeFiles/M3508_Motor_Control.elf.dir/Core/Src/motor_control.c.obj
 .debug_frame   0x00000278       0x50 CMakeFiles/M3508_Motor_Control.elf.dir/Core/Src/pid_controller.c.obj
 .debug_frame   0x000002c8       0x98 CMakeFiles/M3508_Motor_Control.elf.dir/Core/Src/stm32g4xx_hal_msp.c.obj
 .debug_frame   0x00000360       0x54 CMakeFiles/M3508_Motor_Control.elf.dir/Core/Src/stm32g4xx_hal_timebase_tim.c.obj
 .debug_frame   0x000003b4       0xe8 CMakeFiles/M3508_Motor_Control.elf.dir/Core/Src/stm32g4xx_it.c.obj
 .debug_frame   0x0000049c       0x30 CMakeFiles/M3508_Motor_Control.elf.dir/Core/Src/system_stm32g4xx.c.obj
 .debug_frame   0x000004cc      0x2a4 CMakeFiles/M3508_Motor_Control.elf.dir/Drivers/STM32G4xx_HAL_Driver/Src/stm32g4xx_hal.c.obj
 .debug_frame   0x00000770      0x148 CMakeFiles/M3508_Motor_Control.elf.dir/Drivers/STM32G4xx_HAL_Driver/Src/stm32g4xx_hal_cortex.c.obj
 .debug_frame   0x000008b8      0x4a4 CMakeFiles/M3508_Motor_Control.elf.dir/Drivers/STM32G4xx_HAL_Driver/Src/stm32g4xx_hal_fdcan.c.obj
 .debug_frame   0x00000d5c       0xd0 CMakeFiles/M3508_Motor_Control.elf.dir/Drivers/STM32G4xx_HAL_Driver/Src/stm32g4xx_hal_gpio.c.obj
 .debug_frame   0x00000e2c      0x268 CMakeFiles/M3508_Motor_Control.elf.dir/Drivers/STM32G4xx_HAL_Driver/Src/stm32g4xx_hal_pwr_ex.c.obj
 .debug_frame   0x00001094      0x198 CMakeFiles/M3508_Motor_Control.elf.dir/Drivers/STM32G4xx_HAL_Driver/Src/stm32g4xx_hal_rcc.c.obj
 .debug_frame   0x0000122c      0x1a0 CMakeFiles/M3508_Motor_Control.elf.dir/Drivers/STM32G4xx_HAL_Driver/Src/stm32g4xx_hal_rcc_ex.c.obj
 .debug_frame   0x000013cc      0xb50 CMakeFiles/M3508_Motor_Control.elf.dir/Drivers/STM32G4xx_HAL_Driver/Src/stm32g4xx_hal_tim.c.obj
 .debug_frame   0x00001f1c      0x610 CMakeFiles/M3508_Motor_Control.elf.dir/Drivers/STM32G4xx_HAL_Driver/Src/stm32g4xx_hal_tim_ex.c.obj
 .debug_frame   0x0000252c       0x4c d:/stm32cubemx/gcc-arm-none-eabi-10.3-2021.10-win32/gcc-arm-none-eabi-10.3-2021.10/bin/../lib/gcc/arm-none-eabi/10.3.1/thumb/v7e-m/nofp\libgcc.a(_arm_addsubsf3.o)
 .debug_frame   0x00002578       0x38 d:/stm32cubemx/gcc-arm-none-eabi-10.3-2021.10-win32/gcc-arm-none-eabi-10.3-2021.10/bin/../lib/gcc/arm-none-eabi/10.3.1/thumb/v7e-m/nofp\libgcc.a(_arm_muldivsf3.o)
 .debug_frame   0x000025b0       0xc8 d:/stm32cubemx/gcc-arm-none-eabi-10.3-2021.10-win32/gcc-arm-none-eabi-10.3-2021.10/bin/../lib/gcc/arm-none-eabi/10.3.1/thumb/v7e-m/nofp\libgcc.a(_arm_cmpsf2.o)
 .debug_frame   0x00002678       0x24 d:/stm32cubemx/gcc-arm-none-eabi-10.3-2021.10-win32/gcc-arm-none-eabi-10.3-2021.10/bin/../lib/gcc/arm-none-eabi/10.3.1/thumb/v7e-m/nofp\libgcc.a(_arm_fixsfsi.o)
 .debug_frame   0x0000269c       0x2c d:/stm32cubemx/gcc-arm-none-eabi-10.3-2021.10-win32/gcc-arm-none-eabi-10.3-2021.10/bin/../lib/gcc/arm-none-eabi/10.3.1/../../../../arm-none-eabi/lib/thumb/v7e-m/nofp\libg.a(lib_a-init.o)
 .debug_frame   0x000026c8       0x2c d:/stm32cubemx/gcc-arm-none-eabi-10.3-2021.10-win32/gcc-arm-none-eabi-10.3-2021.10/bin/../lib/gcc/arm-none-eabi/10.3.1/../../../../arm-none-eabi/lib/thumb/v7e-m/nofp\libg.a(lib_a-memset.o)
 .debug_frame   0x000026f4       0x5c d:/stm32cubemx/gcc-arm-none-eabi-10.3-2021.10-win32/gcc-arm-none-eabi-10.3-2021.10/bin/../lib/gcc/arm-none-eabi/10.3.1/../../../../arm-none-eabi/lib/thumb/v7e-m/nofp\libg.a(lib_a-__call_atexit.o)
 .debug_frame   0x00002750       0x20 d:/stm32cubemx/gcc-arm-none-eabi-10.3-2021.10-win32/gcc-arm-none-eabi-10.3-2021.10/bin/../lib/gcc/arm-none-eabi/10.3.1/../../../../arm-none-eabi/lib/thumb/v7e-m/nofp\libg.a(lib_a-atexit.o)
 .debug_frame   0x00002770       0x34 d:/stm32cubemx/gcc-arm-none-eabi-10.3-2021.10-win32/gcc-arm-none-eabi-10.3-2021.10/bin/../lib/gcc/arm-none-eabi/10.3.1/../../../../arm-none-eabi/lib/thumb/v7e-m/nofp\libg.a(lib_a-fini.o)
 .debug_frame   0x000027a4       0xb0 d:/stm32cubemx/gcc-arm-none-eabi-10.3-2021.10-win32/gcc-arm-none-eabi-10.3-2021.10/bin/../lib/gcc/arm-none-eabi/10.3.1/../../../../arm-none-eabi/lib/thumb/v7e-m/nofp\libg.a(lib_a-lock.o)
 .debug_frame   0x00002854       0x34 d:/stm32cubemx/gcc-arm-none-eabi-10.3-2021.10-win32/gcc-arm-none-eabi-10.3-2021.10/bin/../lib/gcc/arm-none-eabi/10.3.1/../../../../arm-none-eabi/lib/thumb/v7e-m/nofp\libg.a(lib_a-__atexit.o)
