Archive member included to satisfy reference by file (symbol)

d:/stm32cubemx/gcc-arm-none-eabi-10.3-2021.10-win32/gcc-arm-none-eabi-10.3-2021.10/bin/../lib/gcc/arm-none-eabi/10.3.1/thumb/v7e-m/nofp\libgcc.a(_arm_mulsf3.o)
                              CMakeFiles/M3508_Motor_Control.elf.dir/Core/Src/m3508_motor.c.obj (__aeabi_fmul)
d:/stm32cubemx/gcc-arm-none-eabi-10.3-2021.10-win32/gcc-arm-none-eabi-10.3-2021.10/bin/../lib/gcc/arm-none-eabi/10.3.1/thumb/v7e-m/nofp\libgcc.a(_arm_addsubdf3.o)
                              CMakeFiles/M3508_Motor_Control.elf.dir/Core/Src/vofa_protocol.c.obj (__aeabi_f2d)
d:/stm32cubemx/gcc-arm-none-eabi-10.3-2021.10-win32/gcc-arm-none-eabi-10.3-2021.10/bin/../lib/gcc/arm-none-eabi/10.3.1/thumb/v7e-m/nofp\libgcc.a(_arm_addsubsf3.o)
                              CMakeFiles/M3508_Motor_Control.elf.dir/Core/Src/pid_controller.c.obj (__aeabi_fsub)
d:/stm32cubemx/gcc-arm-none-eabi-10.3-2021.10-win32/gcc-arm-none-eabi-10.3-2021.10/bin/../lib/gcc/arm-none-eabi/10.3.1/thumb/v7e-m/nofp\libgcc.a(_arm_muldivsf3.o)
                              CMakeFiles/M3508_Motor_Control.elf.dir/Core/Src/m3508_motor.c.obj (__aeabi_fdiv)
d:/stm32cubemx/gcc-arm-none-eabi-10.3-2021.10-win32/gcc-arm-none-eabi-10.3-2021.10/bin/../lib/gcc/arm-none-eabi/10.3.1/thumb/v7e-m/nofp\libgcc.a(_arm_cmpsf2.o)
                              CMakeFiles/M3508_Motor_Control.elf.dir/Core/Src/pid_controller.c.obj (__aeabi_fcmplt)
d:/stm32cubemx/gcc-arm-none-eabi-10.3-2021.10-win32/gcc-arm-none-eabi-10.3-2021.10/bin/../lib/gcc/arm-none-eabi/10.3.1/thumb/v7e-m/nofp\libgcc.a(_arm_fixsfsi.o)
                              CMakeFiles/M3508_Motor_Control.elf.dir/Core/Src/m3508_motor.c.obj (__aeabi_f2iz)
d:/stm32cubemx/gcc-arm-none-eabi-10.3-2021.10-win32/gcc-arm-none-eabi-10.3-2021.10/bin/../lib/gcc/arm-none-eabi/10.3.1/thumb/v7e-m/nofp\libgcc.a(_arm_fixunssfsi.o)
                              CMakeFiles/M3508_Motor_Control.elf.dir/Core/Src/vofa_protocol.c.obj (__aeabi_f2uiz)
d:/stm32cubemx/gcc-arm-none-eabi-10.3-2021.10-win32/gcc-arm-none-eabi-10.3-2021.10/bin/../lib/gcc/arm-none-eabi/10.3.1/thumb/v7e-m/nofp\libgcc.a(_aeabi_uldivmod.o)
                              CMakeFiles/M3508_Motor_Control.elf.dir/Drivers/STM32G4xx_HAL_Driver/Src/stm32g4xx_hal_uart.c.obj (__aeabi_uldivmod)
d:/stm32cubemx/gcc-arm-none-eabi-10.3-2021.10-win32/gcc-arm-none-eabi-10.3-2021.10/bin/../lib/gcc/arm-none-eabi/10.3.1/thumb/v7e-m/nofp\libgcc.a(_udivmoddi4.o)
                              d:/stm32cubemx/gcc-arm-none-eabi-10.3-2021.10-win32/gcc-arm-none-eabi-10.3-2021.10/bin/../lib/gcc/arm-none-eabi/10.3.1/thumb/v7e-m/nofp\libgcc.a(_aeabi_uldivmod.o) (__udivmoddi4)
d:/stm32cubemx/gcc-arm-none-eabi-10.3-2021.10-win32/gcc-arm-none-eabi-10.3-2021.10/bin/../lib/gcc/arm-none-eabi/10.3.1/thumb/v7e-m/nofp\libgcc.a(_dvmd_tls.o)
                              d:/stm32cubemx/gcc-arm-none-eabi-10.3-2021.10-win32/gcc-arm-none-eabi-10.3-2021.10/bin/../lib/gcc/arm-none-eabi/10.3.1/thumb/v7e-m/nofp\libgcc.a(_aeabi_uldivmod.o) (__aeabi_ldiv0)
d:/stm32cubemx/gcc-arm-none-eabi-10.3-2021.10-win32/gcc-arm-none-eabi-10.3-2021.10/bin/../lib/gcc/arm-none-eabi/10.3.1/../../../../arm-none-eabi/lib/thumb/v7e-m/nofp\libg.a(lib_a-errno.o)
                              CMakeFiles/M3508_Motor_Control.elf.dir/Core/Src/syscalls.c.obj (__errno)
d:/stm32cubemx/gcc-arm-none-eabi-10.3-2021.10-win32/gcc-arm-none-eabi-10.3-2021.10/bin/../lib/gcc/arm-none-eabi/10.3.1/../../../../arm-none-eabi/lib/thumb/v7e-m/nofp\libg.a(lib_a-exit.o)
                              d:/stm32cubemx/gcc-arm-none-eabi-10.3-2021.10-win32/gcc-arm-none-eabi-10.3-2021.10/bin/../lib/gcc/arm-none-eabi/10.3.1/../../../../arm-none-eabi/lib/thumb/v7e-m/nofp/crt0.o (exit)
d:/stm32cubemx/gcc-arm-none-eabi-10.3-2021.10-win32/gcc-arm-none-eabi-10.3-2021.10/bin/../lib/gcc/arm-none-eabi/10.3.1/../../../../arm-none-eabi/lib/thumb/v7e-m/nofp\libg.a(lib_a-impure.o)
                              d:/stm32cubemx/gcc-arm-none-eabi-10.3-2021.10-win32/gcc-arm-none-eabi-10.3-2021.10/bin/../lib/gcc/arm-none-eabi/10.3.1/../../../../arm-none-eabi/lib/thumb/v7e-m/nofp\libg.a(lib_a-exit.o) (_global_impure_ptr)
d:/stm32cubemx/gcc-arm-none-eabi-10.3-2021.10-win32/gcc-arm-none-eabi-10.3-2021.10/bin/../lib/gcc/arm-none-eabi/10.3.1/../../../../arm-none-eabi/lib/thumb/v7e-m/nofp\libg.a(lib_a-init.o)
                              d:/stm32cubemx/gcc-arm-none-eabi-10.3-2021.10-win32/gcc-arm-none-eabi-10.3-2021.10/bin/../lib/gcc/arm-none-eabi/10.3.1/../../../../arm-none-eabi/lib/thumb/v7e-m/nofp/crt0.o (__libc_init_array)
d:/stm32cubemx/gcc-arm-none-eabi-10.3-2021.10-win32/gcc-arm-none-eabi-10.3-2021.10/bin/../lib/gcc/arm-none-eabi/10.3.1/../../../../arm-none-eabi/lib/thumb/v7e-m/nofp\libg.a(lib_a-memset.o)
                              d:/stm32cubemx/gcc-arm-none-eabi-10.3-2021.10-win32/gcc-arm-none-eabi-10.3-2021.10/bin/../lib/gcc/arm-none-eabi/10.3.1/../../../../arm-none-eabi/lib/thumb/v7e-m/nofp/crt0.o (memset)
[...]
Memory Configuration

Name             Origin             Length             Attributes
RAM              0x20000000         0x00020000         xrw
FLASH            0x08000000         0x00080000         xr
*default*        0x00000000         0xffffffff

Linker script and memory map

LOAD d:/stm32cubemx/gcc-arm-none-eabi-10.3-2021.10-win32/gcc-arm-none-eabi-10.3-2021.10/bin/../lib/gcc/arm-none-eabi/10.3.1/thumb/v7e-m/nofp/crti.o
LOAD d:/stm32cubemx/gcc-arm-none-eabi-10.3-2021.10-win32/gcc-arm-none-eabi-10.3-2021.10/bin/../lib/gcc/arm-none-eabi/10.3.1/thumb/v7e-m/nofp/crtbegin.o
LOAD d:/stm32cubemx/gcc-arm-none-eabi-10.3-2021.10-win32/gcc-arm-none-eabi-10.3-2021.10/bin/../lib/gcc/arm-none-eabi/10.3.1/../../../../arm-none-eabi/lib/thumb/v7e-m/nofp/crt0.o
LOAD CMakeFiles/M3508_Motor_Control.elf.dir/Core/Src/can_communication.c.obj
LOAD CMakeFiles/M3508_Motor_Control.elf.dir/Core/Src/m3508_motor.c.obj
LOAD CMakeFiles/M3508_Motor_Control.elf.dir/Core/Src/main.c.obj
LOAD CMakeFiles/M3508_Motor_Control.elf.dir/Core/Src/motor_control.c.obj
LOAD CMakeFiles/M3508_Motor_Control.elf.dir/Core/Src/pid_controller.c.obj
LOAD CMakeFiles/M3508_Motor_Control.elf.dir/Core/Src/stm32g4xx_hal_msp.c.obj
LOAD CMakeFiles/M3508_Motor_Control.elf.dir/Core/Src/stm32g4xx_hal_timebase_tim.c.obj
LOAD CMakeFiles/M3508_Motor_Control.elf.dir/Core/Src/stm32g4xx_it.c.obj
LOAD CMakeFiles/M3508_Motor_Control.elf.dir/Core/Src/syscalls.c.obj
LOAD CMakeFiles/M3508_Motor_Control.elf.dir/Core/Src/sysmem.c.obj
LOAD CMakeFiles/M3508_Motor_Control.elf.dir/Core/Src/system_stm32g4xx.c.obj
LOAD CMakeFiles/M3508_Motor_Control.elf.dir/Core/Src/vofa_protocol.c.obj
LOAD CMakeFiles/M3508_Motor_Control.elf.dir/Core/Startup/startup_stm32g474vetx.s.obj
LOAD CMakeFiles/M3508_Motor_Control.elf.dir/Drivers/STM32G4xx_HAL_Driver/Src/stm32g4xx_hal.c.obj
LOAD CMakeFiles/M3508_Motor_Control.elf.dir/Drivers/STM32G4xx_HAL_Driver/Src/stm32g4xx_hal_cortex.c.obj
LOAD CMakeFiles/M3508_Motor_Control.elf.dir/Drivers/STM32G4xx_HAL_Driver/Src/stm32g4xx_hal_dma.c.obj
LOAD CMakeFiles/M3508_Motor_Control.elf.dir/Drivers/STM32G4xx_HAL_Driver/Src/stm32g4xx_hal_dma_ex.c.obj
LOAD CMakeFiles/M3508_Motor_Control.elf.dir/Drivers/STM32G4xx_HAL_Driver/Src/stm32g4xx_hal_exti.c.obj
LOAD CMakeFiles/M3508_Motor_Control.elf.dir/Drivers/STM32G4xx_HAL_Driver/Src/stm32g4xx_hal_fdcan.c.obj
LOAD CMakeFiles/M3508_Motor_Control.elf.dir/Drivers/STM32G4xx_HAL_Driver/Src/stm32g4xx_hal_flash.c.obj
LOAD CMakeFiles/M3508_Motor_Control.elf.dir/Drivers/STM32G4xx_HAL_Driver/Src/stm32g4xx_hal_flash_ex.c.obj
LOAD CMakeFiles/M3508_Motor_Control.elf.dir/Drivers/STM32G4xx_HAL_Driver/Src/stm32g4xx_hal_flash_ramfunc.c.obj
LOAD CMakeFiles/M3508_Motor_Control.elf.dir/Drivers/STM32G4xx_HAL_Driver/Src/stm32g4xx_hal_gpio.c.obj
LOAD CMakeFiles/M3508_Motor_Control.elf.dir/Drivers/STM32G4xx_HAL_Driver/Src/stm32g4xx_hal_pwr.c.obj
LOAD CMakeFiles/M3508_Motor_Control.elf.dir/Drivers/STM32G4xx_HAL_Driver/Src/stm32g4xx_hal_pwr_ex.c.obj
LOAD CMakeFiles/M3508_Motor_Control.elf.dir/Drivers/STM32G4xx_HAL_Driver/Src/stm32g4xx_hal_rcc.c.obj
LOAD CMakeFiles/M3508_Motor_Control.elf.dir/Drivers/STM32G4xx_HAL_Driver/Src/stm32g4xx_hal_rcc_ex.c.obj
LOAD CMakeFiles/M3508_Motor_Control.elf.dir/Drivers/STM32G4xx_HAL_Driver/Src/stm32g4xx_hal_tim.c.obj
LOAD CMakeFiles/M3508_Motor_Control.elf.dir/Drivers/STM32G4xx_HAL_Driver/Src/stm32g4xx_hal_tim_ex.c.obj
LOAD CMakeFiles/M3508_Motor_Control.elf.dir/Drivers/STM32G4xx_HAL_Driver/Src/stm32g4xx_hal_uart.c.obj
LOAD CMakeFiles/M3508_Motor_Control.elf.dir/Drivers/STM32G4xx_HAL_Driver/Src/stm32g4xx_hal_uart_ex.c.obj
START GROUP
LOAD d:/stm32cubemx/gcc-arm-none-eabi-10.3-2021.10-win32/gcc-arm-none-eabi-10.3-2021.10/bin/../lib/gcc/arm-none-eabi/10.3.1/thumb/v7e-m/nofp\libgcc.a
LOAD d:/stm32cubemx/gcc-arm-none-eabi-10.3-2021.10-win32/gcc-arm-none-eabi-10.3-2021.10/bin/../lib/gcc/arm-none-eabi/10.3.1/../../../../arm-none-eabi/lib/thumb/v7e-m/nofp\libg.a
LOAD d:/stm32cubemx/gcc-arm-none-eabi-10.3-2021.10-win32/gcc-arm-none-eabi-10.3-2021.10/bin/../lib/gcc/arm-none-eabi/10.3.1/../../../../arm-none-eabi/lib/thumb/v7e-m/nofp\libc.a
END GROUP
LOAD d:/stm32cubemx/gcc-arm-none-eabi-10.3-2021.10-win32/gcc-arm-none-eabi-10.3-2021.10/bin/../lib/gcc/arm-none-eabi/10.3.1/thumb/v7e-m/nofp/crtend.o
LOAD d:/stm32cubemx/gcc-arm-none-eabi-10.3-2021.10-win32/gcc-arm-none-eabi-10.3-2021.10/bin/../lib/gcc/arm-none-eabi/10.3.1/thumb/v7e-m/nofp/crtn.o
                0x20020000                _estack = (ORIGIN (RAM) + LENGTH (RAM))
                0x00000200                _Min_Heap_Size = 0x200
                0x00000400                _Min_Stack_Size = 0x400

.isr_vector     0x08000000      0x1d8
                0x08000000                . = ALIGN (0x4)
 *(.isr_vector)
 .isr_vector    0x08000000      0x1d8 CMakeFiles/M3508_Motor_Control.elf.dir/Core/Startup/startup_stm32g474vetx.s.obj
                0x08000000                g_pfnVectors
                0x080001d8                . = ALIGN (0x4)

.text           0x08000200     0xf050
                0x08000200                . = ALIGN (0x4)
 *(.text)
 .text          0x08000200       0x40 d:/stm32cubemx/gcc-arm-none-eabi-10.3-2021.10-win32/gcc-arm-none-eabi-10.3-2021.10/bin/../lib/gcc/arm-none-eabi/10.3.1/thumb/v7e-m/nofp/crtbegin.o
 .text          0x08000240      0x378 d:/stm32cubemx/gcc-arm-none-eabi-10.3-2021.10-win32/gcc-arm-none-eabi-10.3-2021.10/bin/../lib/gcc/arm-none-eabi/10.3.1/thumb/v7e-m/nofp\libgcc.a(_arm_addsubdf3.o)
                0x08000240                __aeabi_drsub
                0x08000248                __aeabi_dsub
                0x08000248                __subdf3
                0x0800024c                __aeabi_dadd
                0x0800024c                __adddf3
                0x080004c4                __floatunsidf
                0x080004c4                __aeabi_ui2d
                0x080004e4                __floatsidf
                0x080004e4                __aeabi_i2d
                0x08000508                __aeabi_f2d
                0x08000508                __extendsfdf2
                0x0800054c                __floatundidf
                0x0800054c                __aeabi_ul2d
                0x0800055c                __floatdidf
                0x0800055c                __aeabi_l2d
 .text          0x080005b8      0x21c d:/stm32cubemx/gcc-arm-none-eabi-10.3-2021.10-win32/gcc-arm-none-eabi-10.3-2021.10/bin/../lib/gcc/arm-none-eabi/10.3.1/thumb/v7e-m/nofp\libgcc.a(_arm_addsubsf3.o)
                0x080005b8                __aeabi_frsub
                0x080005c0                __subsf3
                0x080005c0                __aeabi_fsub
                0x080005c4                __aeabi_fadd
                0x080005c4                __addsf3
                0x08000724                __aeabi_ui2f
                0x08000724                __floatunsisf
                0x0800072c                __aeabi_i2f
                0x0800072c                __floatsisf
                0x08000748                __aeabi_ul2f
                0x08000748                __floatundisf
                0x08000758                __aeabi_l2f
                0x08000758                __floatdisf
 .text          0x080007d4      0x2a0 d:/stm32cubemx/gcc-arm-none-eabi-10.3-2021.10-win32/gcc-arm-none-eabi-10.3-2021.10/bin/../lib/gcc/arm-none-eabi/10.3.1/thumb/v7e-m/nofp\libgcc.a(_arm_muldivsf3.o)
                0x080007d4                __mulsf3
                0x080007d4                __aeabi_fmul
                0x0800093c                __aeabi_fdiv
                0x0800093c                __divsf3
 .text          0x08000a74       0xec d:/stm32cubemx/gcc-arm-none-eabi-10.3-2021.10-win32/gcc-arm-none-eabi-10.3-2021.10/bin/../lib/gcc/arm-none-eabi/10.3.1/thumb/v7e-m/nofp\libgcc.a(_arm_cmpsf2.o)
                0x08000a74                __gesf2
                0x08000a74                __gtsf2
                0x08000a7c                __lesf2
                0x08000a7c                __ltsf2
                0x08000a84                __nesf2
                0x08000a84                __eqsf2
                0x08000a84                __cmpsf2
                0x08000ae4                __aeabi_cfrcmple
                0x08000aec                __aeabi_cfcmpeq
                0x08000aec                __aeabi_cfcmple
                0x08000afc                __aeabi_fcmpeq
                0x08000b10                __aeabi_fcmplt
                0x08000b24                __aeabi_fcmple
                0x08000b38                __aeabi_fcmpge
                0x08000b4c                __aeabi_fcmpgt
 .text          0x08000b60       0x4c d:/stm32cubemx/gcc-arm-none-eabi-10.3-2021.10-win32/gcc-arm-none-eabi-10.3-2021.10/bin/../lib/gcc/arm-none-eabi/10.3.1/thumb/v7e-m/nofp\libgcc.a(_arm_fixsfsi.o)
                0x08000b60                __aeabi_f2iz
                0x08000b60                __fixsfsi
 .text          0x08000bac       0x40 d:/stm32cubemx/gcc-arm-none-eabi-10.3-2021.10-win32/gcc-arm-none-eabi-10.3-2021.10/bin/../lib/gcc/arm-none-eabi/10.3.1/thumb/v7e-m/nofp\libgcc.a(_arm_fixunssfsi.o)
                0x08000bac                __fixunssfsi
                0x08000bac                __aeabi_f2uiz
 .text          0x08000bec       0x30 d:/stm32cubemx/gcc-arm-none-eabi-10.3-2021.10-win32/gcc-arm-none-eabi-10.3-2021.10/bin/../lib/gcc/arm-none-eabi/10.3.1/thumb/v7e-m/nofp\libgcc.a(_aeabi_uldivmod.o)
                0x08000bec                __aeabi_uldivmod
 .text          0x08000c1c      0x2d0 d:/stm32cubemx/gcc-arm-none-eabi-10.3-2021.10-win32/gcc-arm-none-eabi-10.3-2021.10/bin/../lib/gcc/arm-none-eabi/10.3.1/thumb/v7e-m/nofp\libgcc.a(_udivmoddi4.o)
                0x08000c1c                __udivmoddi4
 .text          0x08000eec        0x4 d:/stm32cubemx/gcc-arm-none-eabi-10.3-2021.10-win32/gcc-arm-none-eabi-10.3-2021.10/bin/../lib/gcc/arm-none-eabi/10.3.1/thumb/v7e-m/nofp\libgcc.a(_dvmd_tls.o)
                0x08000eec                __aeabi_idiv0
                0x08000eec                __aeabi_ldiv0
 *fill*         0x08000ef0       0x10 
 .text          0x08000f00       0xdc d:/stm32cubemx/gcc-arm-none-eabi-10.3-2021.10-win32/gcc-arm-none-eabi-10.3-2021.10/bin/../lib/gcc/arm-none-eabi/10.3.1/../../../../arm-none-eabi/lib/thumb/v7e-m/nofp\libg.a(lib_a-strlen.o)
                0x08000f00                strlen
 *fill*         0x08000fdc        0x4 
 .text          0x08000fe0       0xa0 d:/stm32cubemx/gcc-arm-none-eabi-10.3-2021.10-win32/gcc-arm-none-eabi-10.3-2021.10/bin/../lib/gcc/arm-none-eabi/10.3.1/../../../../arm-none-eabi/lib/thumb/v7e-m/nofp\libg.a(lib_a-memchr.o)
                0x08000fe0                memchr
 .text          0x08001080      0x134 d:/stm32cubemx/gcc-arm-none-eabi-10.3-2021.10-win32/gcc-arm-none-eabi-10.3-2021.10/bin/../lib/gcc/arm-none-eabi/10.3.1/../../../../arm-none-eabi/lib/thumb/v7e-m/nofp\libg.a(lib_a-memcpy.o)
                0x08001080                memcpy
 .text          0x080011b4      0x424 d:/stm32cubemx/gcc-arm-none-eabi-10.3-2021.10-win32/gcc-arm-none-eabi-10.3-2021.10/bin/../lib/gcc/arm-none-eabi/10.3.1/thumb/v7e-m/nofp\libgcc.a(_arm_muldivdf3.o)
                0x080011b4                __aeabi_dmul
                0x080011b4                __muldf3
                0x08001408                __divdf3
                0x08001408                __aeabi_ddiv
 .text          0x080015d8      0x110 d:/stm32cubemx/gcc-arm-none-eabi-10.3-2021.10-win32/gcc-arm-none-eabi-10.3-2021.10/bin/../lib/gcc/arm-none-eabi/10.3.1/thumb/v7e-m/nofp\libgcc.a(_arm_cmpdf2.o)
                0x080015d8                __gtdf2
                0x080015d8                __gedf2
                0x080015e0                __ltdf2
                0x080015e0                __ledf2
                0x080015e8                __nedf2
                0x080015e8                __eqdf2
                0x080015e8                __cmpdf2
                0x08001664                __aeabi_cdrcmple
                0x08001674                __aeabi_cdcmpeq
                0x08001674                __aeabi_cdcmple
                0x08001684                __aeabi_dcmpeq
                0x08001698                __aeabi_dcmplt
                0x080016ac                __aeabi_dcmple
                0x080016c0                __aeabi_dcmpge
                0x080016d4                __aeabi_dcmpgt
 .text          0x080016e8       0x2c d:/stm32cubemx/gcc-arm-none-eabi-10.3-2021.10-win32/gcc-arm-none-eabi-10.3-2021.10/bin/../lib/gcc/arm-none-eabi/10.3.1/thumb/v7e-m/nofp\libgcc.a(_arm_unorddf2.o)
                0x080016e8                __unorddf2
                0x080016e8                __aeabi_dcmpun
 .text          0x08001714       0x50 d:/stm32cubemx/gcc-arm-none-eabi-10.3-2021.10-win32/gcc-arm-none-eabi-10.3-2021.10/bin/../lib/gcc/arm-none-eabi/10.3.1/thumb/v7e-m/nofp\libgcc.a(_arm_fixdfsi.o)
                0x08001714                __aeabi_d2iz
                0x08001714                __fixdfsi
 .text          0x08001764       0x40 d:/stm32cubemx/gcc-arm-none-eabi-10.3-2021.10-win32/gcc-arm-none-eabi-10.3-2021.10/bin/../lib/gcc/arm-none-eabi/10.3.1/thumb/v7e-m/nofp\libgcc.a(_arm_fixunsdfsi.o)
                0x08001764                __aeabi_d2uiz
                0x08001764                __fixunsdfsi
 .text          0x080017a4       0xa0 d:/stm32cubemx/gcc-arm-none-eabi-10.3-2021.10-win32/gcc-arm-none-eabi-10.3-2021.10/bin/../lib/gcc/arm-none-eabi/10.3.1/thumb/v7e-m/nofp\libgcc.a(_arm_truncdfsf2.o)
                0x080017a4                __truncdfsf2
                0x080017a4                __aeabi_d2f
 .text          0x08001844       0x34 d:/stm32cubemx/gcc-arm-none-eabi-10.3-2021.10-win32/gcc-arm-none-eabi-10.3-2021.10/bin/../lib/gcc/arm-none-eabi/10.3.1/thumb/v7e-m/nofp\libgcc.a(_fixdfdi.o)
                0x08001844                __fixdfdi
                0x08001844                __aeabi_d2lz
 .text          0x08001878       0x3c d:/stm32cubemx/gcc-arm-none-eabi-10.3-2021.10-win32/gcc-arm-none-eabi-10.3-2021.10/bin/../lib/gcc/arm-none-eabi/10.3.1/thumb/v7e-m/nofp\libgcc.a(_fixunsdfdi.o)
                0x08001878                __fixunsdfdi
                0x08001878                __aeabi_d2ulz
 *(.text*)
 .text.CAN_Init
                0x080018b4       0x3c CMakeFiles/M3508_Motor_Control.elf.dir/Core/Src/can_communication.c.obj
                0x080018b4                CAN_Init
 .text.CAN_SendMotorCommand
                0x080018f0       0x40 CMakeFiles/M3508_Motor_Control.elf.dir/Core/Src/can_communication.c.obj
                0x080018f0                CAN_SendMotorCommand
 .text.CAN_ReceiveCallback
                0x08001930       0x58 CMakeFiles/M3508_Motor_Control.elf.dir/Core/Src/can_communication.c.obj
                0x08001930                CAN_ReceiveCallback
 .text.M3508_Init
                0x08001988       0x58 CMakeFiles/M3508_Motor_Control.elf.dir/Core/Src/m3508_motor.c.obj
                0x08001988                M3508_Init
 .text.M3508_UpdateFeedback
                0x080019e0       0x88 CMakeFiles/M3508_Motor_Control.elf.dir/Core/Src/m3508_motor.c.obj
                0x080019e0                M3508_UpdateFeedback
 .text.M3508_SetTargetPosition
                0x08001a68        0xc CMakeFiles/M3508_Motor_Control.elf.dir/Core/Src/m3508_motor.c.obj
                0x08001a68                M3508_SetTargetPosition
 .text.M3508_SetPositionPID
                0x08001a74       0x10 CMakeFiles/M3508_Motor_Control.elf.dir/Core/Src/m3508_motor.c.obj
                0x08001a74                M3508_SetPositionPID
 .text.M3508_ControlUpdate
                0x08001a84       0xa0 CMakeFiles/M3508_Motor_Control.elf.dir/Core/Src/m3508_motor.c.obj
                0x08001a84                M3508_ControlUpdate
 .text.MX_GPIO_Init
                0x08001b24       0x8c CMakeFiles/M3508_Motor_Control.elf.dir/Core/Src/main.c.obj
 .text.LED_Init
                0x08001bb0       0x54 CMakeFiles/M3508_Motor_Control.elf.dir/Core/Src/main.c.obj
 .text.HAL_FDCAN_RxFifo0Callback
                0x08001c04       0x10 CMakeFiles/M3508_Motor_Control.elf.dir/Core/Src/main.c.obj
                0x08001c04                HAL_FDCAN_RxFifo0Callback
 .text.HAL_UART_RxCpltCallback
                0x08001c14       0x18 CMakeFiles/M3508_Motor_Control.elf.dir/Core/Src/main.c.obj
                0x08001c14                HAL_UART_RxCpltCallback
 .text.HAL_TIM_PeriodElapsedCallback
                0x08001c2c       0x9c CMakeFiles/M3508_Motor_Control.elf.dir/Core/Src/main.c.obj
                0x08001c2c                HAL_TIM_PeriodElapsedCallback
 .text.Error_Handler
                0x08001cc8       0x48 CMakeFiles/M3508_Motor_Control.elf.dir/Core/Src/main.c.obj
                0x08001cc8                Error_Handler
 .text.MX_FDCAN1_Init
                0x08001d10       0x48 CMakeFiles/M3508_Motor_Control.elf.dir/Core/Src/main.c.obj
 .text.MX_TIM2_Init
                0x08001d58       0x6c CMakeFiles/M3508_Motor_Control.elf.dir/Core/Src/main.c.obj
 .text.MX_USART1_UART_Init
                0x08001dc4       0x60 CMakeFiles/M3508_Motor_Control.elf.dir/Core/Src/main.c.obj
 .text.SystemClock_Config
                0x08001e24       0x76 CMakeFiles/M3508_Motor_Control.elf.dir/Core/Src/main.c.obj
                0x08001e24                SystemClock_Config
 *fill*         0x08001e9a        0x2 
 .text.main     0x08001e9c       0xbc CMakeFiles/M3508_Motor_Control.elf.dir/Core/Src/main.c.obj
                0x08001e9c                main
 .text.MotorControl_Init
                0x08001f58       0x16 CMakeFiles/M3508_Motor_Control.elf.dir/Core/Src/motor_control.c.obj
                0x08001f58                MotorControl_Init
 .text.MotorControl_Task
                0x08001f6e       0x10 CMakeFiles/M3508_Motor_Control.elf.dir/Core/Src/motor_control.c.obj
                0x08001f6e                MotorControl_Task
 .text.PID_Init
                0x08001f7e       0x20 CMakeFiles/M3508_Motor_Control.elf.dir/Core/Src/pid_controller.c.obj
                0x08001f7e                PID_Init
 .text.PID_Calculate
                0x08001f9e       0xa0 CMakeFiles/M3508_Motor_Control.elf.dir/Core/Src/pid_controller.c.obj
                0x08001f9e                PID_Calculate
 .text.PID_Reset
                0x0800203e        0xe CMakeFiles/M3508_Motor_Control.elf.dir/Core/Src/pid_controller.c.obj
                0x0800203e                PID_Reset
 .text.HAL_MspInit
                0x0800204c       0x38 CMakeFiles/M3508_Motor_Control.elf.dir/Core/Src/stm32g4xx_hal_msp.c.obj
                0x0800204c                HAL_MspInit
 .text.HAL_FDCAN_MspInit
                0x08002084       0xa0 CMakeFiles/M3508_Motor_Control.elf.dir/Core/Src/stm32g4xx_hal_msp.c.obj
                0x08002084                HAL_FDCAN_MspInit
 .text.HAL_TIM_Base_MspInit
                0x08002124       0x3a CMakeFiles/M3508_Motor_Control.elf.dir/Core/Src/stm32g4xx_hal_msp.c.obj
                0x08002124                HAL_TIM_Base_MspInit
 *fill*         0x0800215e        0x2 
 .text.HAL_UART_MspInit
                0x08002160       0x98 CMakeFiles/M3508_Motor_Control.elf.dir/Core/Src/stm32g4xx_hal_msp.c.obj
                0x08002160                HAL_UART_MspInit
 .text.HAL_InitTick
                0x080021f8       0x94 CMakeFiles/M3508_Motor_Control.elf.dir/Core/Src/stm32g4xx_hal_timebase_tim.c.obj
                0x080021f8                HAL_InitTick
 .text.NMI_Handler
                0x0800228c        0x2 CMakeFiles/M3508_Motor_Control.elf.dir/Core/Src/stm32g4xx_it.c.obj
                0x0800228c                NMI_Handler
 .text.HardFault_Handler
                0x0800228e        0x2 CMakeFiles/M3508_Motor_Control.elf.dir/Core/Src/stm32g4xx_it.c.obj
                0x0800228e                HardFault_Handler
 .text.MemManage_Handler
                0x08002290        0x2 CMakeFiles/M3508_Motor_Control.elf.dir/Core/Src/stm32g4xx_it.c.obj
                0x08002290                MemManage_Handler
 .text.BusFault_Handler
                0x08002292        0x2 CMakeFiles/M3508_Motor_Control.elf.dir/Core/Src/stm32g4xx_it.c.obj
                0x08002292                BusFault_Handler
 .text.UsageFault_Handler
                0x08002294        0x2 CMakeFiles/M3508_Motor_Control.elf.dir/Core/Src/stm32g4xx_it.c.obj
                0x08002294                UsageFault_Handler
 .text.SVC_Handler
                0x08002296        0x2 CMakeFiles/M3508_Motor_Control.elf.dir/Core/Src/stm32g4xx_it.c.obj
                0x08002296                SVC_Handler
 .text.DebugMon_Handler
                0x08002298        0x2 CMakeFiles/M3508_Motor_Control.elf.dir/Core/Src/stm32g4xx_it.c.obj
                0x08002298                DebugMon_Handler
 .text.PendSV_Handler
                0x0800229a        0x2 CMakeFiles/M3508_Motor_Control.elf.dir/Core/Src/stm32g4xx_it.c.obj
                0x0800229a                PendSV_Handler
 .text.SysTick_Handler
                0x0800229c        0x2 CMakeFiles/M3508_Motor_Control.elf.dir/Core/Src/stm32g4xx_it.c.obj
                0x0800229c                SysTick_Handler
 *fill*         0x0800229e        0x2 
 .text.FDCAN1_IT0_IRQHandler
                0x080022a0       0x10 CMakeFiles/M3508_Motor_Control.elf.dir/Core/Src/stm32g4xx_it.c.obj
                0x080022a0                FDCAN1_IT0_IRQHandler
 .text.TIM1_UP_TIM16_IRQHandler
                0x080022b0       0x10 CMakeFiles/M3508_Motor_Control.elf.dir/Core/Src/stm32g4xx_it.c.obj
                0x080022b0                TIM1_UP_TIM16_IRQHandler
 .text.TIM2_IRQHandler
                0x080022c0       0x10 CMakeFiles/M3508_Motor_Control.elf.dir/Core/Src/stm32g4xx_it.c.obj
                0x080022c0                TIM2_IRQHandler
 .text.USART1_IRQHandler
                0x080022d0       0x10 CMakeFiles/M3508_Motor_Control.elf.dir/Core/Src/stm32g4xx_it.c.obj
                0x080022d0                USART1_IRQHandler
 .text._getpid  0x080022e0        0x4 CMakeFiles/M3508_Motor_Control.elf.dir/Core/Src/syscalls.c.obj
                0x080022e0                _getpid
 .text._kill    0x080022e4       0x10 CMakeFiles/M3508_Motor_Control.elf.dir/Core/Src/syscalls.c.obj
                0x080022e4                _kill
 .text._exit    0x080022f4        0xc CMakeFiles/M3508_Motor_Control.elf.dir/Core/Src/syscalls.c.obj
                0x080022f4                _exit
 .text._read    0x08002300       0x20 CMakeFiles/M3508_Motor_Control.elf.dir/Core/Src/syscalls.c.obj
                0x08002300                _read
 .text._write   0x08002320       0x1c CMakeFiles/M3508_Motor_Control.elf.dir/Core/Src/syscalls.c.obj
                0x08002320                _write
 .text._close   0x0800233c        0x6 CMakeFiles/M3508_Motor_Control.elf.dir/Core/Src/syscalls.c.obj
                0x0800233c                _close
 .text._fstat   0x08002342        0xa CMakeFiles/M3508_Motor_Control.elf.dir/Core/Src/syscalls.c.obj
                0x08002342                _fstat
 .text._isatty  0x0800234c        0x4 CMakeFiles/M3508_Motor_Control.elf.dir/Core/Src/syscalls.c.obj
                0x0800234c                _isatty
 .text._lseek   0x08002350        0x4 CMakeFiles/M3508_Motor_Control.elf.dir/Core/Src/syscalls.c.obj
                0x08002350                _lseek
 .text._sbrk    0x08002354       0x48 CMakeFiles/M3508_Motor_Control.elf.dir/Core/Src/sysmem.c.obj
                0x08002354                _sbrk
 .text.SystemInit
                0x0800239c        0x2 CMakeFiles/M3508_Motor_Control.elf.dir/Core/Src/system_stm32g4xx.c.obj
                0x0800239c                SystemInit
 *fill*         0x0800239e        0x2 
 .text.VOFA_Init
                0x080023a0       0x18 CMakeFiles/M3508_Motor_Control.elf.dir/Core/Src/vofa_protocol.c.obj
                0x080023a0                VOFA_Init
 .text.VOFA_ProcessCommand
                0x080023b8      0x14c CMakeFiles/M3508_Motor_Control.elf.dir/Core/Src/vofa_protocol.c.obj
                0x080023b8                VOFA_ProcessCommand
 .text.VOFA_SendData
                0x08002504       0x7c CMakeFiles/M3508_Motor_Control.elf.dir/Core/Src/vofa_protocol.c.obj
                0x08002504                VOFA_SendData
 .text.VOFA_UART_RxCallback
                0x08002580       0x50 CMakeFiles/M3508_Motor_Control.elf.dir/Core/Src/vofa_protocol.c.obj
                0x08002580                VOFA_UART_RxCallback
 .text.Reset_Handler
                0x080025d0       0x50 CMakeFiles/M3508_Motor_Control.elf.dir/Core/Startup/startup_stm32g474vetx.s.obj
                0x080025d0                Reset_Handler
 .text.Default_Handler
                0x08002620        0x2 CMakeFiles/M3508_Motor_Control.elf.dir/Core/Startup/startup_stm32g474vetx.s.obj
                0x08002620                RTC_Alarm_IRQHandler
                0x08002620                EXTI2_IRQHandler
                0x08002620                TIM8_TRG_COM_IRQHandler
                0x08002620                TIM8_CC_IRQHandler
                0x08002620                HRTIM1_Master_IRQHandler
                0x08002620                SPI4_IRQHandler
                0x08002620                FDCAN3_IT0_IRQHandler
                0x08002620                TIM1_CC_IRQHandler
                0x08002620                HRTIM1_FLT_IRQHandler
                0x08002620                HRTIM1_TIMF_IRQHandler
                0x08002620                USB_HP_IRQHandler
                0x08002620                CORDIC_IRQHandler
                0x08002620                HRTIM1_TIMD_IRQHandler
                0x08002620                DMA2_Channel8_IRQHandler
                0x08002620                EXTI3_IRQHandler
                0x08002620                I2C3_ER_IRQHandler
                0x08002620                EXTI0_IRQHandler
                0x08002620                I2C2_EV_IRQHandler
                0x08002620                FPU_IRQHandler
                0x08002620                FDCAN1_IT1_IRQHandler
                0x08002620                ADC1_2_IRQHandler
                0x08002620                HRTIM1_TIME_IRQHandler
                0x08002620                SPI1_IRQHandler
                0x08002620                TIM6_DAC_IRQHandler
                0x08002620                HRTIM1_TIMC_IRQHandler
                0x08002620                TIM8_UP_IRQHandler
                0x08002620                DMA2_Channel2_IRQHandler
                0x08002620                DMA1_Channel4_IRQHandler
                0x08002620                TIM20_TRG_COM_IRQHandler
                0x08002620                USART3_IRQHandler
                0x08002620                DMA1_Channel7_IRQHandler
                0x08002620                UART5_IRQHandler
                0x08002620                ADC3_IRQHandler
                0x08002620                TIM4_IRQHandler
                0x08002620                DMA2_Channel1_IRQHandler
                0x08002620                QUADSPI_IRQHandler
                0x08002620                I2C1_EV_IRQHandler
                0x08002620                DMA1_Channel6_IRQHandler
                0x08002620                UART4_IRQHandler
                0x08002620                DMA2_Channel4_IRQHandler
                0x08002620                TIM3_IRQHandler
                0x08002620                RCC_IRQHandler
                0x08002620                TIM20_UP_IRQHandler
                0x08002620                DMA1_Channel1_IRQHandler
                0x08002620                Default_Handler
                0x08002620                DMA2_Channel7_IRQHandler
                0x08002620                RTC_TAMP_LSECSS_IRQHandler
                0x08002620                FMAC_IRQHandler
                0x08002620                EXTI15_10_IRQHandler
                0x08002620                DMA1_Channel8_IRQHandler
                0x08002620                HRTIM1_TIMA_IRQHandler
                0x08002620                TIM7_DAC_IRQHandler
                0x08002620                FDCAN3_IT1_IRQHandler
                0x08002620                TIM5_IRQHandler
                0x08002620                UCPD1_IRQHandler
                0x08002620                I2C3_EV_IRQHandler
                0x08002620                EXTI9_5_IRQHandler
                0x08002620                RTC_WKUP_IRQHandler
                0x08002620                PVD_PVM_IRQHandler
                0x08002620                SPI2_IRQHandler
                0x08002620                ADC5_IRQHandler
                0x08002620                DMA2_Channel5_IRQHandler
                0x08002620                CRS_IRQHandler
                0x08002620                DMA1_Channel5_IRQHandler
                0x08002620                USB_LP_IRQHandler
                0x08002620                EXTI4_IRQHandler
                0x08002620                RNG_IRQHandler
                0x08002620                HRTIM1_TIMB_IRQHandler
                0x08002620                TIM1_TRG_COM_TIM17_IRQHandler
                0x08002620                FDCAN2_IT1_IRQHandler
                0x08002620                DMA1_Channel3_IRQHandler
                0x08002620                ADC4_IRQHandler
                0x08002620                WWDG_IRQHandler
                0x08002620                I2C4_EV_IRQHandler
                0x08002620                FDCAN2_IT0_IRQHandler
                0x08002620                LPUART1_IRQHandler
                0x08002620                DMA2_Channel6_IRQHandler
                0x08002620                COMP7_IRQHandler
                0x08002620                COMP1_2_3_IRQHandler
                0x08002620                EXTI1_IRQHandler
                0x08002620                USART2_IRQHandler
                0x08002620                COMP4_5_6_IRQHandler
                0x08002620                TIM20_BRK_IRQHandler
                0x08002620                I2C2_ER_IRQHandler
                0x08002620                DMA1_Channel2_IRQHandler
                0x08002620                TIM8_BRK_IRQHandler
                0x08002620                FLASH_IRQHandler
                0x08002620                TIM20_CC_IRQHandler
                0x08002620                SPI3_IRQHandler
                0x08002620                I2C1_ER_IRQHandler
                0x08002620                FMC_IRQHandler
                0x08002620                LPTIM1_IRQHandler
                0x08002620                DMAMUX_OVR_IRQHandler
                0x08002620                I2C4_ER_IRQHandler
                0x08002620                USBWakeUp_IRQHandler
                0x08002620                SAI1_IRQHandler
                0x08002620                DMA2_Channel3_IRQHandler
                0x08002620                TIM1_BRK_TIM15_IRQHandler
 .text.HAL_Init
                0x08002622       0x1e CMakeFiles/M3508_Motor_Control.elf.dir/Drivers/STM32G4xx_HAL_Driver/Src/stm32g4xx_hal.c.obj
                0x08002622                HAL_Init
 .text.HAL_IncTick
                0x08002640       0x18 CMakeFiles/M3508_Motor_Control.elf.dir/Drivers/STM32G4xx_HAL_Driver/Src/stm32g4xx_hal.c.obj
                0x08002640                HAL_IncTick
 .text.HAL_GetTick
                0x08002658        0xc CMakeFiles/M3508_Motor_Control.elf.dir/Drivers/STM32G4xx_HAL_Driver/Src/stm32g4xx_hal.c.obj
                0x08002658                HAL_GetTick
 .text.HAL_Delay
                0x08002664       0x28 CMakeFiles/M3508_Motor_Control.elf.dir/Drivers/STM32G4xx_HAL_Driver/Src/stm32g4xx_hal.c.obj
                0x08002664                HAL_Delay
 .text.HAL_NVIC_SetPriorityGrouping
                0x0800268c       0x24 CMakeFiles/M3508_Motor_Control.elf.dir/Drivers/STM32G4xx_HAL_Driver/Src/stm32g4xx_hal_cortex.c.obj
                0x0800268c                HAL_NVIC_SetPriorityGrouping
 .text.HAL_NVIC_SetPriority
                0x080026b0       0x70 CMakeFiles/M3508_Motor_Control.elf.dir/Drivers/STM32G4xx_HAL_Driver/Src/stm32g4xx_hal_cortex.c.obj
                0x080026b0                HAL_NVIC_SetPriority
 .text.HAL_NVIC_EnableIRQ
                0x08002720       0x1c CMakeFiles/M3508_Motor_Control.elf.dir/Drivers/STM32G4xx_HAL_Driver/Src/stm32g4xx_hal_cortex.c.obj
                0x08002720                HAL_NVIC_EnableIRQ
 .text.HAL_DMA_Abort
                0x0800273c       0x6c CMakeFiles/M3508_Motor_Control.elf.dir/Drivers/STM32G4xx_HAL_Driver/Src/stm32g4xx_hal_dma.c.obj
                0x0800273c                HAL_DMA_Abort
 .text.HAL_DMA_Abort_IT
                0x080027a8       0x7e CMakeFiles/M3508_Motor_Control.elf.dir/Drivers/STM32G4xx_HAL_Driver/Src/stm32g4xx_hal_dma.c.obj
                0x080027a8                HAL_DMA_Abort_IT
 *fill*         0x08002826        0x2 
 .text.FDCAN_CalcultateRamBlockAddresses
                0x08002828       0x88 CMakeFiles/M3508_Motor_Control.elf.dir/Drivers/STM32G4xx_HAL_Driver/Src/stm32g4xx_hal_fdcan.c.obj
 .text.FDCAN_CopyMessageToRAM
                0x080028b0       0x88 CMakeFiles/M3508_Motor_Control.elf.dir/Drivers/STM32G4xx_HAL_Driver/Src/stm32g4xx_hal_fdcan.c.obj
 .text.HAL_FDCAN_Init
                0x08002938      0x1d4 CMakeFiles/M3508_Motor_Control.elf.dir/Drivers/STM32G4xx_HAL_Driver/Src/stm32g4xx_hal_fdcan.c.obj
                0x08002938                HAL_FDCAN_Init
 .text.HAL_FDCAN_ConfigFilter
                0x08002b0c       0x60 CMakeFiles/M3508_Motor_Control.elf.dir/Drivers/STM32G4xx_HAL_Driver/Src/stm32g4xx_hal_fdcan.c.obj
                0x08002b0c                HAL_FDCAN_ConfigFilter
 .text.HAL_FDCAN_Start
                0x08002b6c       0x2e CMakeFiles/M3508_Motor_Control.elf.dir/Drivers/STM32G4xx_HAL_Driver/Src/stm32g4xx_hal_fdcan.c.obj
                0x08002b6c                HAL_FDCAN_Start
 .text.HAL_FDCAN_AddMessageToTxFifoQ
                0x08002b9a       0x52 CMakeFiles/M3508_Motor_Control.elf.dir/Drivers/STM32G4xx_HAL_Driver/Src/stm32g4xx_hal_fdcan.c.obj
                0x08002b9a                HAL_FDCAN_AddMessageToTxFifoQ
 .text.HAL_FDCAN_GetRxMessage
                0x08002bec      0x164 CMakeFiles/M3508_Motor_Control.elf.dir/Drivers/STM32G4xx_HAL_Driver/Src/stm32g4xx_hal_fdcan.c.obj
                0x08002bec                HAL_FDCAN_GetRxMessage
 .text.HAL_FDCAN_ActivateNotification
                0x08002d50      0x106 CMakeFiles/M3508_Motor_Control.elf.dir/Drivers/STM32G4xx_HAL_Driver/Src/stm32g4xx_hal_fdcan.c.obj
                0x08002d50                HAL_FDCAN_ActivateNotification
 .text.HAL_FDCAN_TxEventFifoCallback
                0x08002e56        0x2 CMakeFiles/M3508_Motor_Control.elf.dir/Drivers/STM32G4xx_HAL_Driver/Src/stm32g4xx_hal_fdcan.c.obj
                0x08002e56                HAL_FDCAN_TxEventFifoCallback
 .text.HAL_FDCAN_RxFifo1Callback
                0x08002e58        0x2 CMakeFiles/M3508_Motor_Control.elf.dir/Drivers/STM32G4xx_HAL_Driver/Src/stm32g4xx_hal_fdcan.c.obj
                0x08002e58                HAL_FDCAN_RxFifo1Callback
 .text.HAL_FDCAN_TxFifoEmptyCallback
                0x08002e5a        0x2 CMakeFiles/M3508_Motor_Control.elf.dir/Drivers/STM32G4xx_HAL_Driver/Src/stm32g4xx_hal_fdcan.c.obj
                0x08002e5a                HAL_FDCAN_TxFifoEmptyCallback
 .text.HAL_FDCAN_TxBufferCompleteCallback
                0x08002e5c        0x2 CMakeFiles/M3508_Motor_Control.elf.dir/Drivers/STM32G4xx_HAL_Driver/Src/stm32g4xx_hal_fdcan.c.obj
                0x08002e5c                HAL_FDCAN_TxBufferCompleteCallback
 .text.HAL_FDCAN_TxBufferAbortCallback
                0x08002e5e        0x2 CMakeFiles/M3508_Motor_Control.elf.dir/Drivers/STM32G4xx_HAL_Driver/Src/stm32g4xx_hal_fdcan.c.obj
                0x08002e5e                HAL_FDCAN_TxBufferAbortCallback
 .text.HAL_FDCAN_TimestampWraparoundCallback
                0x08002e60        0x2 CMakeFiles/M3508_Motor_Control.elf.dir/Drivers/STM32G4xx_HAL_Driver/Src/stm32g4xx_hal_fdcan.c.obj
                0x08002e60                HAL_FDCAN_TimestampWraparoundCallback
 .text.HAL_FDCAN_TimeoutOccurredCallback
                0x08002e62        0x2 CMakeFiles/M3508_Motor_Control.elf.dir/Drivers/STM32G4xx_HAL_Driver/Src/stm32g4xx_hal_fdcan.c.obj
                0x08002e62                HAL_FDCAN_TimeoutOccurredCallback
 .text.HAL_FDCAN_HighPriorityMessageCallback
                0x08002e64        0x2 CMakeFiles/M3508_Motor_Control.elf.dir/Drivers/STM32G4xx_HAL_Driver/Src/stm32g4xx_hal_fdcan.c.obj
                0x08002e64                HAL_FDCAN_HighPriorityMessageCallback
 .text.HAL_FDCAN_ErrorCallback
                0x08002e66        0x2 CMakeFiles/M3508_Motor_Control.elf.dir/Drivers/STM32G4xx_HAL_Driver/Src/stm32g4xx_hal_fdcan.c.obj
                0x08002e66                HAL_FDCAN_ErrorCallback
 .text.HAL_FDCAN_ErrorStatusCallback
                0x08002e68        0x2 CMakeFiles/M3508_Motor_Control.elf.dir/Drivers/STM32G4xx_HAL_Driver/Src/stm32g4xx_hal_fdcan.c.obj
                0x08002e68                HAL_FDCAN_ErrorStatusCallback
 .text.HAL_FDCAN_IRQHandler
                0x08002e6a      0x188 CMakeFiles/M3508_Motor_Control.elf.dir/Drivers/STM32G4xx_HAL_Driver/Src/stm32g4xx_hal_fdcan.c.obj
                0x08002e6a                HAL_FDCAN_IRQHandler
 *fill*         0x08002ff2        0x2 
 .text.HAL_GPIO_Init
                0x08002ff4      0x1dc CMakeFiles/M3508_Motor_Control.elf.dir/Drivers/STM32G4xx_HAL_Driver/Src/stm32g4xx_hal_gpio.c.obj
                0x08002ff4                HAL_GPIO_Init
 .text.HAL_GPIO_WritePin
                0x080031d0        0xa CMakeFiles/M3508_Motor_Control.elf.dir/Drivers/STM32G4xx_HAL_Driver/Src/stm32g4xx_hal_gpio.c.obj
                0x080031d0                HAL_GPIO_WritePin
 .text.HAL_GPIO_TogglePin
                0x080031da       0x12 CMakeFiles/M3508_Motor_Control.elf.dir/Drivers/STM32G4xx_HAL_Driver/Src/stm32g4xx_hal_gpio.c.obj
                0x080031da                HAL_GPIO_TogglePin
 .text.HAL_PWREx_ControlVoltageScaling
                0x080031ec      0x10c CMakeFiles/M3508_Motor_Control.elf.dir/Drivers/STM32G4xx_HAL_Driver/Src/stm32g4xx_hal_pwr_ex.c.obj
                0x080031ec                HAL_PWREx_ControlVoltageScaling
 .text.HAL_PWREx_DisableUCPDDeadBattery
                0x080032f8       0x10 CMakeFiles/M3508_Motor_Control.elf.dir/Drivers/STM32G4xx_HAL_Driver/Src/stm32g4xx_hal_pwr_ex.c.obj
                0x080032f8                HAL_PWREx_DisableUCPDDeadBattery
 .text.RCC_GetSysClockFreqFromPLLSource
                0x08003308       0x58 CMakeFiles/M3508_Motor_Control.elf.dir/Drivers/STM32G4xx_HAL_Driver/Src/stm32g4xx_hal_rcc.c.obj
 .text.HAL_RCC_OscConfig
                0x08003360      0x4e4 CMakeFiles/M3508_Motor_Control.elf.dir/Drivers/STM32G4xx_HAL_Driver/Src/stm32g4xx_hal_rcc.c.obj
                0x08003360                HAL_RCC_OscConfig
 .text.HAL_RCC_GetSysClockFreq
                0x08003844       0x88 CMakeFiles/M3508_Motor_Control.elf.dir/Drivers/STM32G4xx_HAL_Driver/Src/stm32g4xx_hal_rcc.c.obj
                0x08003844                HAL_RCC_GetSysClockFreq
 .text.HAL_RCC_ClockConfig
                0x080038cc      0x1f8 CMakeFiles/M3508_Motor_Control.elf.dir/Drivers/STM32G4xx_HAL_Driver/Src/stm32g4xx_hal_rcc.c.obj
                0x080038cc                HAL_RCC_ClockConfig
 .text.HAL_RCC_GetHCLKFreq
                0x08003ac4        0xc CMakeFiles/M3508_Motor_Control.elf.dir/Drivers/STM32G4xx_HAL_Driver/Src/stm32g4xx_hal_rcc.c.obj
                0x08003ac4                HAL_RCC_GetHCLKFreq
 .text.HAL_RCC_GetPCLK1Freq
                0x08003ad0       0x24 CMakeFiles/M3508_Motor_Control.elf.dir/Drivers/STM32G4xx_HAL_Driver/Src/stm32g4xx_hal_rcc.c.obj
                0x08003ad0                HAL_RCC_GetPCLK1Freq
 .text.HAL_RCC_GetPCLK2Freq
                0x08003af4       0x24 CMakeFiles/M3508_Motor_Control.elf.dir/Drivers/STM32G4xx_HAL_Driver/Src/stm32g4xx_hal_rcc.c.obj
                0x08003af4                HAL_RCC_GetPCLK2Freq
 .text.HAL_RCC_GetClockConfig
                0x08003b18       0x3c CMakeFiles/M3508_Motor_Control.elf.dir/Drivers/STM32G4xx_HAL_Driver/Src/stm32g4xx_hal_rcc.c.obj
                0x08003b18                HAL_RCC_GetClockConfig
 .text.HAL_RCCEx_PeriphCLKConfig
                0x08003b54      0x378 CMakeFiles/M3508_Motor_Control.elf.dir/Drivers/STM32G4xx_HAL_Driver/Src/stm32g4xx_hal_rcc_ex.c.obj
                0x08003b54                HAL_RCCEx_PeriphCLKConfig
 .text.TIM_TI1_ConfigInputStage
                0x08003ecc       0x24 CMakeFiles/M3508_Motor_Control.elf.dir/Drivers/STM32G4xx_HAL_Driver/Src/stm32g4xx_hal_tim.c.obj
 .text.TIM_TI2_ConfigInputStage
                0x08003ef0       0x26 CMakeFiles/M3508_Motor_Control.elf.dir/Drivers/STM32G4xx_HAL_Driver/Src/stm32g4xx_hal_tim.c.obj
 .text.TIM_ITRx_SetConfig
                0x08003f16       0x14 CMakeFiles/M3508_Motor_Control.elf.dir/Drivers/STM32G4xx_HAL_Driver/Src/stm32g4xx_hal_tim.c.obj
 *fill*         0x08003f2a        0x2 
 .text.HAL_TIM_Base_Start_IT
                0x08003f2c       0x94 CMakeFiles/M3508_Motor_Control.elf.dir/Drivers/STM32G4xx_HAL_Driver/Src/stm32g4xx_hal_tim.c.obj
                0x08003f2c                HAL_TIM_Base_Start_IT
 .text.HAL_TIM_OC_DelayElapsedCallback
                0x08003fc0        0x2 CMakeFiles/M3508_Motor_Control.elf.dir/Drivers/STM32G4xx_HAL_Driver/Src/stm32g4xx_hal_tim.c.obj
                0x08003fc0                HAL_TIM_OC_DelayElapsedCallback
 .text.HAL_TIM_IC_CaptureCallback
                0x08003fc2        0x2 CMakeFiles/M3508_Motor_Control.elf.dir/Drivers/STM32G4xx_HAL_Driver/Src/stm32g4xx_hal_tim.c.obj
                0x08003fc2                HAL_TIM_IC_CaptureCallback
 .text.HAL_TIM_PWM_PulseFinishedCallback
                0x08003fc4        0x2 CMakeFiles/M3508_Motor_Control.elf.dir/Drivers/STM32G4xx_HAL_Driver/Src/stm32g4xx_hal_tim.c.obj
                0x08003fc4                HAL_TIM_PWM_PulseFinishedCallback
 .text.HAL_TIM_TriggerCallback
                0x08003fc6        0x2 CMakeFiles/M3508_Motor_Control.elf.dir/Drivers/STM32G4xx_HAL_Driver/Src/stm32g4xx_hal_tim.c.obj
                0x08003fc6                HAL_TIM_TriggerCallback
 .text.HAL_TIM_IRQHandler
                0x08003fc8      0x1ea CMakeFiles/M3508_Motor_Control.elf.dir/Drivers/STM32G4xx_HAL_Driver/Src/stm32g4xx_hal_tim.c.obj
                0x08003fc8                HAL_TIM_IRQHandler
 *fill*         0x080041b2        0x2 
 .text.TIM_Base_SetConfig
                0x080041b4       0xf0 CMakeFiles/M3508_Motor_Control.elf.dir/Drivers/STM32G4xx_HAL_Driver/Src/stm32g4xx_hal_tim.c.obj
                0x080041b4                TIM_Base_SetConfig
 .text.HAL_TIM_Base_Init
                0x080042a4       0x60 CMakeFiles/M3508_Motor_Control.elf.dir/Drivers/STM32G4xx_HAL_Driver/Src/stm32g4xx_hal_tim.c.obj
                0x080042a4                HAL_TIM_Base_Init
 .text.TIM_ETR_SetConfig
                0x08004304       0x18 CMakeFiles/M3508_Motor_Control.elf.dir/Drivers/STM32G4xx_HAL_Driver/Src/stm32g4xx_hal_tim.c.obj
                0x08004304                TIM_ETR_SetConfig
 .text.HAL_TIM_ConfigClockSource
                0x0800431c      0x154 CMakeFiles/M3508_Motor_Control.elf.dir/Drivers/STM32G4xx_HAL_Driver/Src/stm32g4xx_hal_tim.c.obj
                0x0800431c                HAL_TIM_ConfigClockSource
 .text.HAL_TIMEx_MasterConfigSynchronization
                0x08004470       0xac CMakeFiles/M3508_Motor_Control.elf.dir/Drivers/STM32G4xx_HAL_Driver/Src/stm32g4xx_hal_tim_ex.c.obj
                0x08004470                HAL_TIMEx_MasterConfigSynchronization
 .text.HAL_TIMEx_CommutCallback
                0x0800451c        0x2 CMakeFiles/M3508_Motor_Control.elf.dir/Drivers/STM32G4xx_HAL_Driver/Src/stm32g4xx_hal_tim_ex.c.obj
                0x0800451c                HAL_TIMEx_CommutCallback
 .text.HAL_TIMEx_BreakCallback
                0x0800451e        0x2 CMakeFiles/M3508_Motor_Control.elf.dir/Drivers/STM32G4xx_HAL_Driver/Src/stm32g4xx_hal_tim_ex.c.obj
                0x0800451e                HAL_TIMEx_BreakCallback
 .text.HAL_TIMEx_Break2Callback
                0x08004520        0x2 CMakeFiles/M3508_Motor_Control.elf.dir/Drivers/STM32G4xx_HAL_Driver/Src/stm32g4xx_hal_tim_ex.c.obj
                0x08004520                HAL_TIMEx_Break2Callback
 .text.HAL_TIMEx_EncoderIndexCallback
                0x08004522        0x2 CMakeFiles/M3508_Motor_Control.elf.dir/Drivers/STM32G4xx_HAL_Driver/Src/stm32g4xx_hal_tim_ex.c.obj
                0x08004522                HAL_TIMEx_EncoderIndexCallback
 .text.HAL_TIMEx_DirectionChangeCallback
                0x08004524        0x2 CMakeFiles/M3508_Motor_Control.elf.dir/Drivers/STM32G4xx_HAL_Driver/Src/stm32g4xx_hal_tim_ex.c.obj
                0x08004524                HAL_TIMEx_DirectionChangeCallback
 .text.HAL_TIMEx_IndexErrorCallback
                0x08004526        0x2 CMakeFiles/M3508_Motor_Control.elf.dir/Drivers/STM32G4xx_HAL_Driver/Src/stm32g4xx_hal_tim_ex.c.obj
                0x08004526                HAL_TIMEx_IndexErrorCallback
 .text.HAL_TIMEx_TransitionErrorCallback
                0x08004528        0x2 CMakeFiles/M3508_Motor_Control.elf.dir/Drivers/STM32G4xx_HAL_Driver/Src/stm32g4xx_hal_tim_ex.c.obj
                0x08004528                HAL_TIMEx_TransitionErrorCallback
 .text.UART_EndRxTransfer
                0x0800452a       0x56 CMakeFiles/M3508_Motor_Control.elf.dir/Drivers/STM32G4xx_HAL_Driver/Src/stm32g4xx_hal_uart.c.obj
 .text.HAL_UART_TxCpltCallback
                0x08004580        0x2 CMakeFiles/M3508_Motor_Control.elf.dir/Drivers/STM32G4xx_HAL_Driver/Src/stm32g4xx_hal_uart.c.obj
                0x08004580                HAL_UART_TxCpltCallback
 .text.UART_EndTransmit_IT
                0x08004582       0x24 CMakeFiles/M3508_Motor_Control.elf.dir/Drivers/STM32G4xx_HAL_Driver/Src/stm32g4xx_hal_uart.c.obj
 .text.HAL_UART_ErrorCallback
                0x080045a6        0x2 CMakeFiles/M3508_Motor_Control.elf.dir/Drivers/STM32G4xx_HAL_Driver/Src/stm32g4xx_hal_uart.c.obj
                0x080045a6                HAL_UART_ErrorCallback
 .text.UART_DMAAbortOnError
                0x080045a8       0x14 CMakeFiles/M3508_Motor_Control.elf.dir/Drivers/STM32G4xx_HAL_Driver/Src/stm32g4xx_hal_uart.c.obj
 .text.HAL_UARTEx_RxEventCallback
                0x080045bc        0x2 CMakeFiles/M3508_Motor_Control.elf.dir/Drivers/STM32G4xx_HAL_Driver/Src/stm32g4xx_hal_uart.c.obj
                0x080045bc                HAL_UARTEx_RxEventCallback
 *fill*         0x080045be        0x2 
 .text.HAL_UART_IRQHandler
                0x080045c0      0x348 CMakeFiles/M3508_Motor_Control.elf.dir/Drivers/STM32G4xx_HAL_Driver/Src/stm32g4xx_hal_uart.c.obj
                0x080045c0                HAL_UART_IRQHandler
 .text.UART_RxISR_8BIT
                0x08004908       0xdc CMakeFiles/M3508_Motor_Control.elf.dir/Drivers/STM32G4xx_HAL_Driver/Src/stm32g4xx_hal_uart.c.obj
 .text.UART_RxISR_16BIT
                0x080049e4       0xd8 CMakeFiles/M3508_Motor_Control.elf.dir/Drivers/STM32G4xx_HAL_Driver/Src/stm32g4xx_hal_uart.c.obj
 .text.UART_RxISR_8BIT_FIFOEN
                0x08004abc      0x1cc CMakeFiles/M3508_Motor_Control.elf.dir/Drivers/STM32G4xx_HAL_Driver/Src/stm32g4xx_hal_uart.c.obj
 .text.UART_RxISR_16BIT_FIFOEN
                0x08004c88      0x1c8 CMakeFiles/M3508_Motor_Control.elf.dir/Drivers/STM32G4xx_HAL_Driver/Src/stm32g4xx_hal_uart.c.obj
 .text.UART_SetConfig
                0x08004e50      0x388 CMakeFiles/M3508_Motor_Control.elf.dir/Drivers/STM32G4xx_HAL_Driver/Src/stm32g4xx_hal_uart.c.obj
                0x08004e50                UART_SetConfig
 .text.UART_AdvFeatureConfig
                0x080051d8       0xca CMakeFiles/M3508_Motor_Control.elf.dir/Drivers/STM32G4xx_HAL_Driver/Src/stm32g4xx_hal_uart.c.obj
                0x080051d8                UART_AdvFeatureConfig
 .text.UART_WaitOnFlagUntilTimeout
                0x080052a2       0xa2 CMakeFiles/M3508_Motor_Control.elf.dir/Drivers/STM32G4xx_HAL_Driver/Src/stm32g4xx_hal_uart.c.obj
                0x080052a2                UART_WaitOnFlagUntilTimeout
 .text.HAL_UART_Transmit
                0x08005344       0xd2 CMakeFiles/M3508_Motor_Control.elf.dir/Drivers/STM32G4xx_HAL_Driver/Src/stm32g4xx_hal_uart.c.obj
                0x08005344                HAL_UART_Transmit
 .text.UART_CheckIdleState
                0x08005416       0xca CMakeFiles/M3508_Motor_Control.elf.dir/Drivers/STM32G4xx_HAL_Driver/Src/stm32g4xx_hal_uart.c.obj
                0x08005416                UART_CheckIdleState
 .text.HAL_UART_Init
                0x080054e0       0x66 CMakeFiles/M3508_Motor_Control.elf.dir/Drivers/STM32G4xx_HAL_Driver/Src/stm32g4xx_hal_uart.c.obj
                0x080054e0                HAL_UART_Init
 *fill*         0x08005546        0x2 
 .text.UART_Start_Receive_IT
                0x08005548      0x13c CMakeFiles/M3508_Motor_Control.elf.dir/Drivers/STM32G4xx_HAL_Driver/Src/stm32g4xx_hal_uart.c.obj
                0x08005548                UART_Start_Receive_IT
 .text.HAL_UART_Receive_IT
                0x08005684       0x4c CMakeFiles/M3508_Motor_Control.elf.dir/Drivers/STM32G4xx_HAL_Driver/Src/stm32g4xx_hal_uart.c.obj
                0x08005684                HAL_UART_Receive_IT
 .text.UARTEx_SetNbDataToProcess
                0x080056d0       0x4c CMakeFiles/M3508_Motor_Control.elf.dir/Drivers/STM32G4xx_HAL_Driver/Src/stm32g4xx_hal_uart_ex.c.obj
 .text.HAL_UARTEx_WakeupCallback
                0x0800571c        0x2 CMakeFiles/M3508_Motor_Control.elf.dir/Drivers/STM32G4xx_HAL_Driver/Src/stm32g4xx_hal_uart_ex.c.obj
                0x0800571c                HAL_UARTEx_WakeupCallback
 .text.HAL_UARTEx_RxFifoFullCallback
                0x0800571e        0x2 CMakeFiles/M3508_Motor_Control.elf.dir/Drivers/STM32G4xx_HAL_Driver/Src/stm32g4xx_hal_uart_ex.c.obj
                0x0800571e                HAL_UARTEx_RxFifoFullCallback
 .text.HAL_UARTEx_TxFifoEmptyCallback
                0x08005720        0x2 CMakeFiles/M3508_Motor_Control.elf.dir/Drivers/STM32G4xx_HAL_Driver/Src/stm32g4xx_hal_uart_ex.c.obj
                0x08005720                HAL_UARTEx_TxFifoEmptyCallback
 .text.HAL_UARTEx_DisableFifoMode
                0x08005722       0x3e CMakeFiles/M3508_Motor_Control.elf.dir/Drivers/STM32G4xx_HAL_Driver/Src/stm32g4xx_hal_uart_ex.c.obj
                0x08005722                HAL_UARTEx_DisableFifoMode
 .text.HAL_UARTEx_SetTxFifoThreshold
                0x08005760       0x4a CMakeFiles/M3508_Motor_Control.elf.dir/Drivers/STM32G4xx_HAL_Driver/Src/stm32g4xx_hal_uart_ex.c.obj
                0x08005760                HAL_UARTEx_SetTxFifoThreshold
 .text.HAL_UARTEx_SetRxFifoThreshold
                0x080057aa       0x4a CMakeFiles/M3508_Motor_Control.elf.dir/Drivers/STM32G4xx_HAL_Driver/Src/stm32g4xx_hal_uart_ex.c.obj
                0x080057aa                HAL_UARTEx_SetRxFifoThreshold
 .text.__errno  0x080057f4        0xc d:/stm32cubemx/gcc-arm-none-eabi-10.3-2021.10-win32/gcc-arm-none-eabi-10.3-2021.10/bin/../lib/gcc/arm-none-eabi/10.3.1/../../../../arm-none-eabi/lib/thumb/v7e-m/nofp\libg.a(lib_a-errno.o)
                0x080057f4                __errno
 .text.__libc_init_array
                0x08005800       0x48 d:/stm32cubemx/gcc-arm-none-eabi-10.3-2021.10-win32/gcc-arm-none-eabi-10.3-2021.10/bin/../lib/gcc/arm-none-eabi/10.3.1/../../../../arm-none-eabi/lib/thumb/v7e-m/nofp\libg.a(lib_a-init.o)
                0x08005800                __libc_init_array
 .text.memset   0x08005848       0xa4 d:/stm32cubemx/gcc-arm-none-eabi-10.3-2021.10-win32/gcc-arm-none-eabi-10.3-2021.10/bin/../lib/gcc/arm-none-eabi/10.3.1/../../../../arm-none-eabi/lib/thumb/v7e-m/nofp\libg.a(lib_a-memset.o)
                0x08005848                memset
 .text.snprintf
                0x080058ec       0x88 d:/stm32cubemx/gcc-arm-none-eabi-10.3-2021.10-win32/gcc-arm-none-eabi-10.3-2021.10/bin/../lib/gcc/arm-none-eabi/10.3.1/../../../../arm-none-eabi/lib/thumb/v7e-m/nofp\libg.a(lib_a-snprintf.o)
                0x080058ec                snprintf
 .text.sscanf   0x08005974       0x54 d:/stm32cubemx/gcc-arm-none-eabi-10.3-2021.10-win32/gcc-arm-none-eabi-10.3-2021.10/bin/../lib/gcc/arm-none-eabi/10.3.1/../../../../arm-none-eabi/lib/thumb/v7e-m/nofp\libg.a(lib_a-sscanf.o)
                0x08005974                sscanf
 .text.__sread  0x080059c8       0x24 d:/stm32cubemx/gcc-arm-none-eabi-10.3-2021.10-win32/gcc-arm-none-eabi-10.3-2021.10/bin/../lib/gcc/arm-none-eabi/10.3.1/../../../../arm-none-eabi/lib/thumb/v7e-m/nofp\libg.a(lib_a-stdio.o)
                0x080059c8                __sread
 .text.__seofread
                0x080059ec        0x4 d:/stm32cubemx/gcc-arm-none-eabi-10.3-2021.10-win32/gcc-arm-none-eabi-10.3-2021.10/bin/../lib/gcc/arm-none-eabi/10.3.1/../../../../arm-none-eabi/lib/thumb/v7e-m/nofp\libg.a(lib_a-stdio.o)
                0x080059ec                __seofread
 .text.__swrite
                0x080059f0       0x40 d:/stm32cubemx/gcc-arm-none-eabi-10.3-2021.10-win32/gcc-arm-none-eabi-10.3-2021.10/bin/../lib/gcc/arm-none-eabi/10.3.1/../../../../arm-none-eabi/lib/thumb/v7e-m/nofp\libg.a(lib_a-stdio.o)
                0x080059f0                __swrite
 .text.__sseek  0x08005a30       0x20 d:/stm32cubemx/gcc-arm-none-eabi-10.3-2021.10-win32/gcc-arm-none-eabi-10.3-2021.10/bin/../lib/gcc/arm-none-eabi/10.3.1/../../../../arm-none-eabi/lib/thumb/v7e-m/nofp\libg.a(lib_a-stdio.o)
                0x08005a30                __sseek
 .text.__sclose
                0x08005a50        0x8 d:/stm32cubemx/gcc-arm-none-eabi-10.3-2021.10-win32/gcc-arm-none-eabi-10.3-2021.10/bin/../lib/gcc/arm-none-eabi/10.3.1/../../../../arm-none-eabi/lib/thumb/v7e-m/nofp\libg.a(lib_a-stdio.o)
                0x08005a50                __sclose
 .text._svfprintf_r
                0x08005a58     0x1a3c d:/stm32cubemx/gcc-arm-none-eabi-10.3-2021.10-win32/gcc-arm-none-eabi-10.3-2021.10/bin/../lib/gcc/arm-none-eabi/10.3.1/../../../../arm-none-eabi/lib/thumb/v7e-m/nofp\libg.a(lib_a-svfprintf.o)
                0x08005a58                _svfprintf_r
 .text.__ssvfscanf_r
                0x08007494     0x170c d:/stm32cubemx/gcc-arm-none-eabi-10.3-2021.10-win32/gcc-arm-none-eabi-10.3-2021.10/bin/../lib/gcc/arm-none-eabi/10.3.1/../../../../arm-none-eabi/lib/thumb/v7e-m/nofp\libg.a(lib_a-svfscanf.o)
                0x08007494                __ssvfscanf_r
 .text._write_r
                0x08008ba0       0x2c d:/stm32cubemx/gcc-arm-none-eabi-10.3-2021.10-win32/gcc-arm-none-eabi-10.3-2021.10/bin/../lib/gcc/arm-none-eabi/10.3.1/../../../../arm-none-eabi/lib/thumb/v7e-m/nofp\libg.a(lib_a-writer.o)
                0x08008ba0                _write_r
 .text.startup.register_fini
                0x08008bcc       0x14 d:/stm32cubemx/gcc-arm-none-eabi-10.3-2021.10-win32/gcc-arm-none-eabi-10.3-2021.10/bin/../lib/gcc/arm-none-eabi/10.3.1/../../../../arm-none-eabi/lib/thumb/v7e-m/nofp\libg.a(lib_a-__call_atexit.o)
 .text.atexit   0x08008be0        0xc d:/stm32cubemx/gcc-arm-none-eabi-10.3-2021.10-win32/gcc-arm-none-eabi-10.3-2021.10/bin/../lib/gcc/arm-none-eabi/10.3.1/../../../../arm-none-eabi/lib/thumb/v7e-m/nofp\libg.a(lib_a-atexit.o)
                0x08008be0                atexit
 .text._close_r
                0x08008bec       0x24 d:/stm32cubemx/gcc-arm-none-eabi-10.3-2021.10-win32/gcc-arm-none-eabi-10.3-2021.10/bin/../lib/gcc/arm-none-eabi/10.3.1/../../../../arm-none-eabi/lib/thumb/v7e-m/nofp\libg.a(lib_a-closer.o)
                0x08008bec                _close_r
 .text.quorem   0x08008c10      0x124 d:/stm32cubemx/gcc-arm-none-eabi-10.3-2021.10-win32/gcc-arm-none-eabi-10.3-2021.10/bin/../lib/gcc/arm-none-eabi/10.3.1/../../../../arm-none-eabi/lib/thumb/v7e-m/nofp\libg.a(lib_a-dtoa.o)
 *fill*         0x08008d34        0x4 
 .text._dtoa_r  0x08008d38      0xec4 d:/stm32cubemx/gcc-arm-none-eabi-10.3-2021.10-win32/gcc-arm-none-eabi-10.3-2021.10/bin/../lib/gcc/arm-none-eabi/10.3.1/../../../../arm-none-eabi/lib/thumb/v7e-m/nofp\libg.a(lib_a-dtoa.o)
                0x08008d38                _dtoa_r
 .text.__libc_fini_array
                0x08009bfc       0x2c d:/stm32cubemx/gcc-arm-none-eabi-10.3-2021.10-win32/gcc-arm-none-eabi-10.3-2021.10/bin/../lib/gcc/arm-none-eabi/10.3.1/../../../../arm-none-eabi/lib/thumb/v7e-m/nofp\libg.a(lib_a-fini.o)
                0x08009bfc                __libc_fini_array
 .text._malloc_trim_r
                0x08009c28       0xa0 d:/stm32cubemx/gcc-arm-none-eabi-10.3-2021.10-win32/gcc-arm-none-eabi-10.3-2021.10/bin/../lib/gcc/arm-none-eabi/10.3.1/../../../../arm-none-eabi/lib/thumb/v7e-m/nofp\libg.a(lib_a-freer.o)
                0x08009c28                _malloc_trim_r
 .text._free_r  0x08009cc8      0x20c d:/stm32cubemx/gcc-arm-none-eabi-10.3-2021.10-win32/gcc-arm-none-eabi-10.3-2021.10/bin/../lib/gcc/arm-none-eabi/10.3.1/../../../../arm-none-eabi/lib/thumb/v7e-m/nofp\libg.a(lib_a-freer.o)
                0x08009cc8                _free_r
 .text.iswspace
                0x08009ed4        0x8 d:/stm32cubemx/gcc-arm-none-eabi-10.3-2021.10-win32/gcc-arm-none-eabi-10.3-2021.10/bin/../lib/gcc/arm-none-eabi/10.3.1/../../../../arm-none-eabi/lib/thumb/v7e-m/nofp\libg.a(lib_a-iswspace.o)
                0x08009ed4                iswspace
 .text.iswspace_l
                0x08009edc       0x14 d:/stm32cubemx/gcc-arm-none-eabi-10.3-2021.10-win32/gcc-arm-none-eabi-10.3-2021.10/bin/../lib/gcc/arm-none-eabi/10.3.1/../../../../arm-none-eabi/lib/thumb/v7e-m/nofp\libg.a(lib_a-iswspace_l.o)
                0x08009edc                iswspace_l
 .text.__locale_mb_cur_max
                0x08009ef0        0xc d:/stm32cubemx/gcc-arm-none-eabi-10.3-2021.10-win32/gcc-arm-none-eabi-10.3-2021.10/bin/../lib/gcc/arm-none-eabi/10.3.1/../../../../arm-none-eabi/lib/thumb/v7e-m/nofp\libg.a(lib_a-locale.o)
                0x08009ef0                __locale_mb_cur_max
 .text._localeconv_r
                0x08009efc        0x8 d:/stm32cubemx/gcc-arm-none-eabi-10.3-2021.10-win32/gcc-arm-none-eabi-10.3-2021.10/bin/../lib/gcc/arm-none-eabi/10.3.1/../../../../arm-none-eabi/lib/thumb/v7e-m/nofp\libg.a(lib_a-localeconv.o)
                0x08009efc                _localeconv_r
 .text.__retarget_lock_init_recursive
                0x08009f04        0x4 d:/stm32cubemx/gcc-arm-none-eabi-10.3-2021.10-win32/gcc-arm-none-eabi-10.3-2021.10/bin/../lib/gcc/arm-none-eabi/10.3.1/../../../../arm-none-eabi/lib/thumb/v7e-m/nofp\libg.a(lib_a-lock.o)
                0x08009f04                __retarget_lock_init_recursive
 .text.__retarget_lock_close_recursive
                0x08009f08        0x4 d:/stm32cubemx/gcc-arm-none-eabi-10.3-2021.10-win32/gcc-arm-none-eabi-10.3-2021.10/bin/../lib/gcc/arm-none-eabi/10.3.1/../../../../arm-none-eabi/lib/thumb/v7e-m/nofp\libg.a(lib_a-lock.o)
                0x08009f08                __retarget_lock_close_recursive
 .text.__retarget_lock_acquire_recursive
                0x08009f0c        0x4 d:/stm32cubemx/gcc-arm-none-eabi-10.3-2021.10-win32/gcc-arm-none-eabi-10.3-2021.10/bin/../lib/gcc/arm-none-eabi/10.3.1/../../../../arm-none-eabi/lib/thumb/v7e-m/nofp\libg.a(lib_a-lock.o)
                0x08009f0c                __retarget_lock_acquire_recursive
 .text.__retarget_lock_release_recursive
                0x08009f10        0x4 d:/stm32cubemx/gcc-arm-none-eabi-10.3-2021.10-win32/gcc-arm-none-eabi-10.3-2021.10/bin/../lib/gcc/arm-none-eabi/10.3.1/../../../../arm-none-eabi/lib/thumb/v7e-m/nofp\libg.a(lib_a-lock.o)
                0x08009f10                __retarget_lock_release_recursive
 .text._lseek_r
                0x08009f14       0x2c d:/stm32cubemx/gcc-arm-none-eabi-10.3-2021.10-win32/gcc-arm-none-eabi-10.3-2021.10/bin/../lib/gcc/arm-none-eabi/10.3.1/../../../../arm-none-eabi/lib/thumb/v7e-m/nofp\libg.a(lib_a-lseekr.o)
                0x08009f14                _lseek_r
 .text.malloc   0x08009f40       0x10 d:/stm32cubemx/gcc-arm-none-eabi-10.3-2021.10-win32/gcc-arm-none-eabi-10.3-2021.10/bin/../lib/gcc/arm-none-eabi/10.3.1/../../../../arm-none-eabi/lib/thumb/v7e-m/nofp\libg.a(lib_a-malloc.o)
                0x08009f40                malloc
 .text.free     0x08009f50       0x10 d:/stm32cubemx/gcc-arm-none-eabi-10.3-2021.10-win32/gcc-arm-none-eabi-10.3-2021.10/bin/../lib/gcc/arm-none-eabi/10.3.1/../../../../arm-none-eabi/lib/thumb/v7e-m/nofp\libg.a(lib_a-malloc.o)
                0x08009f50                free
 .text._malloc_r
                0x08009f60      0x560 d:/stm32cubemx/gcc-arm-none-eabi-10.3-2021.10-win32/gcc-arm-none-eabi-10.3-2021.10/bin/../lib/gcc/arm-none-eabi/10.3.1/../../../../arm-none-eabi/lib/thumb/v7e-m/nofp\libg.a(lib_a-mallocr.o)
                0x08009f60                _malloc_r
 .text._mbrtowc_r
                0x0800a4c0       0x44 d:/stm32cubemx/gcc-arm-none-eabi-10.3-2021.10-win32/gcc-arm-none-eabi-10.3-2021.10/bin/../lib/gcc/arm-none-eabi/10.3.1/../../../../arm-none-eabi/lib/thumb/v7e-m/nofp\libg.a(lib_a-mbrtowc.o)
                0x0800a4c0                _mbrtowc_r
 .text.__ascii_mbtowc
                0x0800a504       0x2c d:/stm32cubemx/gcc-arm-none-eabi-10.3-2021.10-win32/gcc-arm-none-eabi-10.3-2021.10/bin/../lib/gcc/arm-none-eabi/10.3.1/../../../../arm-none-eabi/lib/thumb/v7e-m/nofp\libg.a(lib_a-mbtowc_r.o)
                0x0800a504                __ascii_mbtowc
 .text.__malloc_lock
                0x0800a530        0xc d:/stm32cubemx/gcc-arm-none-eabi-10.3-2021.10-win32/gcc-arm-none-eabi-10.3-2021.10/bin/../lib/gcc/arm-none-eabi/10.3.1/../../../../arm-none-eabi/lib/thumb/v7e-m/nofp\libg.a(lib_a-mlock.o)
                0x0800a530                __malloc_lock
 .text.__malloc_unlock
                0x0800a53c        0xc d:/stm32cubemx/gcc-arm-none-eabi-10.3-2021.10-win32/gcc-arm-none-eabi-10.3-2021.10/bin/../lib/gcc/arm-none-eabi/10.3.1/../../../../arm-none-eabi/lib/thumb/v7e-m/nofp\libg.a(lib_a-mlock.o)
                0x0800a53c                __malloc_unlock
 .text._Balloc  0x0800a548       0x4c d:/stm32cubemx/gcc-arm-none-eabi-10.3-2021.10-win32/gcc-arm-none-eabi-10.3-2021.10/bin/../lib/gcc/arm-none-eabi/10.3.1/../../../../arm-none-eabi/lib/thumb/v7e-m/nofp\libg.a(lib_a-mprec.o)
                0x0800a548                _Balloc
 .text._Bfree   0x0800a594       0x14 d:/stm32cubemx/gcc-arm-none-eabi-10.3-2021.10-win32/gcc-arm-none-eabi-10.3-2021.10/bin/../lib/gcc/arm-none-eabi/10.3.1/../../../../arm-none-eabi/lib/thumb/v7e-m/nofp\libg.a(lib_a-mprec.o)
                0x0800a594                _Bfree
 .text.__multadd
                0x0800a5a8       0xa0 d:/stm32cubemx/gcc-arm-none-eabi-10.3-2021.10-win32/gcc-arm-none-eabi-10.3-2021.10/bin/../lib/gcc/arm-none-eabi/10.3.1/../../../../arm-none-eabi/lib/thumb/v7e-m/nofp\libg.a(lib_a-mprec.o)
                0x0800a5a8                __multadd
 .text.__s2b    0x0800a648       0xb4 d:/stm32cubemx/gcc-arm-none-eabi-10.3-2021.10-win32/gcc-arm-none-eabi-10.3-2021.10/bin/../lib/gcc/arm-none-eabi/10.3.1/../../../../arm-none-eabi/lib/thumb/v7e-m/nofp\libg.a(lib_a-mprec.o)
                0x0800a648                __s2b
 .text.__hi0bits
                0x0800a6fc       0x40 d:/stm32cubemx/gcc-arm-none-eabi-10.3-2021.10-win32/gcc-arm-none-eabi-10.3-2021.10/bin/../lib/gcc/arm-none-eabi/10.3.1/../../../../arm-none-eabi/lib/thumb/v7e-m/nofp\libg.a(lib_a-mprec.o)
                0x0800a6fc                __hi0bits
 .text.__lo0bits
                0x0800a73c       0x5c d:/stm32cubemx/gcc-arm-none-eabi-10.3-2021.10-win32/gcc-arm-none-eabi-10.3-2021.10/bin/../lib/gcc/arm-none-eabi/10.3.1/../../../../arm-none-eabi/lib/thumb/v7e-m/nofp\libg.a(lib_a-mprec.o)
                0x0800a73c                __lo0bits
 .text.__i2b    0x0800a798       0x5c d:/stm32cubemx/gcc-arm-none-eabi-10.3-2021.10-win32/gcc-arm-none-eabi-10.3-2021.10/bin/../lib/gcc/arm-none-eabi/10.3.1/../../../../arm-none-eabi/lib/thumb/v7e-m/nofp\libg.a(lib_a-mprec.o)
                0x0800a798                __i2b
 .text.__multiply
                0x0800a7f4      0x15c d:/stm32cubemx/gcc-arm-none-eabi-10.3-2021.10-win32/gcc-arm-none-eabi-10.3-2021.10/bin/../lib/gcc/arm-none-eabi/10.3.1/../../../../arm-none-eabi/lib/thumb/v7e-m/nofp\libg.a(lib_a-mprec.o)
                0x0800a7f4                __multiply
 .text.__pow5mult
                0x0800a950       0xc0 d:/stm32cubemx/gcc-arm-none-eabi-10.3-2021.10-win32/gcc-arm-none-eabi-10.3-2021.10/bin/../lib/gcc/arm-none-eabi/10.3.1/../../../../arm-none-eabi/lib/thumb/v7e-m/nofp\libg.a(lib_a-mprec.o)
                0x0800a950                __pow5mult
 .text.__lshift
                0x0800aa10       0xf0 d:/stm32cubemx/gcc-arm-none-eabi-10.3-2021.10-win32/gcc-arm-none-eabi-10.3-2021.10/bin/../lib/gcc/arm-none-eabi/10.3.1/../../../../arm-none-eabi/lib/thumb/v7e-m/nofp\libg.a(lib_a-mprec.o)
                0x0800aa10                __lshift
 .text.__mcmp   0x0800ab00       0x40 d:/stm32cubemx/gcc-arm-none-eabi-10.3-2021.10-win32/gcc-arm-none-eabi-10.3-2021.10/bin/../lib/gcc/arm-none-eabi/10.3.1/../../../../arm-none-eabi/lib/thumb/v7e-m/nofp\libg.a(lib_a-mprec.o)
                0x0800ab00                __mcmp
 .text.__mdiff  0x0800ab40      0x14c d:/stm32cubemx/gcc-arm-none-eabi-10.3-2021.10-win32/gcc-arm-none-eabi-10.3-2021.10/bin/../lib/gcc/arm-none-eabi/10.3.1/../../../../arm-none-eabi/lib/thumb/v7e-m/nofp\libg.a(lib_a-mprec.o)
                0x0800ab40                __mdiff
 .text.__ulp    0x0800ac8c       0x44 d:/stm32cubemx/gcc-arm-none-eabi-10.3-2021.10-win32/gcc-arm-none-eabi-10.3-2021.10/bin/../lib/gcc/arm-none-eabi/10.3.1/../../../../arm-none-eabi/lib/thumb/v7e-m/nofp\libg.a(lib_a-mprec.o)
                0x0800ac8c                __ulp
 .text.__b2d    0x0800acd0       0xd0 d:/stm32cubemx/gcc-arm-none-eabi-10.3-2021.10-win32/gcc-arm-none-eabi-10.3-2021.10/bin/../lib/gcc/arm-none-eabi/10.3.1/../../../../arm-none-eabi/lib/thumb/v7e-m/nofp\libg.a(lib_a-mprec.o)
                0x0800acd0                __b2d
 .text.__d2b    0x0800ada0       0xc4 d:/stm32cubemx/gcc-arm-none-eabi-10.3-2021.10-win32/gcc-arm-none-eabi-10.3-2021.10/bin/../lib/gcc/arm-none-eabi/10.3.1/../../../../arm-none-eabi/lib/thumb/v7e-m/nofp\libg.a(lib_a-mprec.o)
                0x0800ada0                __d2b
 .text.__ratio  0x0800ae64       0x5c d:/stm32cubemx/gcc-arm-none-eabi-10.3-2021.10-win32/gcc-arm-none-eabi-10.3-2021.10/bin/../lib/gcc/arm-none-eabi/10.3.1/../../../../arm-none-eabi/lib/thumb/v7e-m/nofp\libg.a(lib_a-mprec.o)
                0x0800ae64                __ratio
 .text.__copybits
                0x0800aec0       0x5c d:/stm32cubemx/gcc-arm-none-eabi-10.3-2021.10-win32/gcc-arm-none-eabi-10.3-2021.10/bin/../lib/gcc/arm-none-eabi/10.3.1/../../../../arm-none-eabi/lib/thumb/v7e-m/nofp\libg.a(lib_a-mprec.o)
                0x0800aec0                __copybits
 .text.__any_on
                0x0800af1c       0x60 d:/stm32cubemx/gcc-arm-none-eabi-10.3-2021.10-win32/gcc-arm-none-eabi-10.3-2021.10/bin/../lib/gcc/arm-none-eabi/10.3.1/../../../../arm-none-eabi/lib/thumb/v7e-m/nofp\libg.a(lib_a-mprec.o)
                0x0800af1c                __any_on
 .text._read_r  0x0800af7c       0x2c d:/stm32cubemx/gcc-arm-none-eabi-10.3-2021.10-win32/gcc-arm-none-eabi-10.3-2021.10/bin/../lib/gcc/arm-none-eabi/10.3.1/../../../../arm-none-eabi/lib/thumb/v7e-m/nofp\libg.a(lib_a-readr.o)
                0x0800af7c                _read_r
 .text.realloc  0x0800afa8       0x18 d:/stm32cubemx/gcc-arm-none-eabi-10.3-2021.10-win32/gcc-arm-none-eabi-10.3-2021.10/bin/../lib/gcc/arm-none-eabi/10.3.1/../../../../arm-none-eabi/lib/thumb/v7e-m/nofp\libg.a(lib_a-realloc.o)
                0x0800afa8                realloc
 .text._realloc_r
                0x0800afc0      0x3d8 d:/stm32cubemx/gcc-arm-none-eabi-10.3-2021.10-win32/gcc-arm-none-eabi-10.3-2021.10/bin/../lib/gcc/arm-none-eabi/10.3.1/../../../../arm-none-eabi/lib/thumb/v7e-m/nofp\libg.a(lib_a-reallocr.o)
                0x0800afc0                _realloc_r
 .text.frexp    0x0800b398       0x70 d:/stm32cubemx/gcc-arm-none-eabi-10.3-2021.10-win32/gcc-arm-none-eabi-10.3-2021.10/bin/../lib/gcc/arm-none-eabi/10.3.1/../../../../arm-none-eabi/lib/thumb/v7e-m/nofp\libg.a(lib_a-s_frexp.o)
                0x0800b398                frexp
 .text._sbrk_r  0x0800b408       0x24 d:/stm32cubemx/gcc-arm-none-eabi-10.3-2021.10-win32/gcc-arm-none-eabi-10.3-2021.10/bin/../lib/gcc/arm-none-eabi/10.3.1/../../../../arm-none-eabi/lib/thumb/v7e-m/nofp\libg.a(lib_a-sbrkr.o)
                0x0800b408                _sbrk_r
 .text.__sccl   0x0800b42c       0x8c d:/stm32cubemx/gcc-arm-none-eabi-10.3-2021.10-win32/gcc-arm-none-eabi-10.3-2021.10/bin/../lib/gcc/arm-none-eabi/10.3.1/../../../../arm-none-eabi/lib/thumb/v7e-m/nofp\libg.a(lib_a-sccl.o)
                0x0800b42c                __sccl
 .text.nanf     0x0800b4b8        0x8 d:/stm32cubemx/gcc-arm-none-eabi-10.3-2021.10-win32/gcc-arm-none-eabi-10.3-2021.10/bin/../lib/gcc/arm-none-eabi/10.3.1/../../../../arm-none-eabi/lib/thumb/v7e-m/nofp\libg.a(lib_a-sf_nan.o)
                0x0800b4b8                nanf
 .text.sprintf  0x0800b4c0       0x40 d:/stm32cubemx/gcc-arm-none-eabi-10.3-2021.10-win32/gcc-arm-none-eabi-10.3-2021.10/bin/../lib/gcc/arm-none-eabi/10.3.1/../../../../arm-none-eabi/lib/thumb/v7e-m/nofp\libg.a(lib_a-sprintf.o)
                0x0800b4c0                sprintf
 .text.strncpy  0x0800b500       0x64 d:/stm32cubemx/gcc-arm-none-eabi-10.3-2021.10-win32/gcc-arm-none-eabi-10.3-2021.10/bin/../lib/gcc/arm-none-eabi/10.3.1/../../../../arm-none-eabi/lib/thumb/v7e-m/nofp\libg.a(lib_a-strncpy.o)
                0x0800b500                strncpy
 *fill*         0x0800b564        0x4 
 .text._strtod_l
                0x0800b568      0xf30 d:/stm32cubemx/gcc-arm-none-eabi-10.3-2021.10-win32/gcc-arm-none-eabi-10.3-2021.10/bin/../lib/gcc/arm-none-eabi/10.3.1/../../../../arm-none-eabi/lib/thumb/v7e-m/nofp\libg.a(lib_a-strtod.o)
                0x0800b568                _strtod_l
 .text._strtod_r
                0x0800c498        0xc d:/stm32cubemx/gcc-arm-none-eabi-10.3-2021.10-win32/gcc-arm-none-eabi-10.3-2021.10/bin/../lib/gcc/arm-none-eabi/10.3.1/../../../../arm-none-eabi/lib/thumb/v7e-m/nofp\libg.a(lib_a-strtod.o)
                0x0800c498                _strtod_r
 .text._strtol_l.part.0
                0x0800c4a4      0x120 d:/stm32cubemx/gcc-arm-none-eabi-10.3-2021.10-win32/gcc-arm-none-eabi-10.3-2021.10/bin/../lib/gcc/arm-none-eabi/10.3.1/../../../../arm-none-eabi/lib/thumb/v7e-m/nofp\libg.a(lib_a-strtol.o)
 .text._strtol_r
                0x0800c5c4       0x1c d:/stm32cubemx/gcc-arm-none-eabi-10.3-2021.10-win32/gcc-arm-none-eabi-10.3-2021.10/bin/../lib/gcc/arm-none-eabi/10.3.1/../../../../arm-none-eabi/lib/thumb/v7e-m/nofp\libg.a(lib_a-strtol.o)
                0x0800c5c4                _strtol_r
 .text._strtoll_l.constprop.0
                0x0800c5e0      0x170 d:/stm32cubemx/gcc-arm-none-eabi-10.3-2021.10-win32/gcc-arm-none-eabi-10.3-2021.10/bin/../lib/gcc/arm-none-eabi/10.3.1/../../../../arm-none-eabi/lib/thumb/v7e-m/nofp\libg.a(lib_a-strtoll.o)
 .text._strtoll_r
                0x0800c750        0x4 d:/stm32cubemx/gcc-arm-none-eabi-10.3-2021.10-win32/gcc-arm-none-eabi-10.3-2021.10/bin/../lib/gcc/arm-none-eabi/10.3.1/../../../../arm-none-eabi/lib/thumb/v7e-m/nofp\libg.a(lib_a-strtoll.o)
                0x0800c750                _strtoll_r
 .text._strtoul_l.constprop.0
                0x0800c754      0x13c d:/stm32cubemx/gcc-arm-none-eabi-10.3-2021.10-win32/gcc-arm-none-eabi-10.3-2021.10/bin/../lib/gcc/arm-none-eabi/10.3.1/../../../../arm-none-eabi/lib/thumb/v7e-m/nofp\libg.a(lib_a-strtoul.o)
 .text._strtoul_r
                0x0800c890        0x4 d:/stm32cubemx/gcc-arm-none-eabi-10.3-2021.10-win32/gcc-arm-none-eabi-10.3-2021.10/bin/../lib/gcc/arm-none-eabi/10.3.1/../../../../arm-none-eabi/lib/thumb/v7e-m/nofp\libg.a(lib_a-strtoul.o)
                0x0800c890                _strtoul_r
 .text._strtoull_l.constprop.0
                0x0800c894      0x198 d:/stm32cubemx/gcc-arm-none-eabi-10.3-2021.10-win32/gcc-arm-none-eabi-10.3-2021.10/bin/../lib/gcc/arm-none-eabi/10.3.1/../../../../arm-none-eabi/lib/thumb/v7e-m/nofp\libg.a(lib_a-strtoull.o)
 .text._strtoull_r
                0x0800ca2c        0x4 d:/stm32cubemx/gcc-arm-none-eabi-10.3-2021.10-win32/gcc-arm-none-eabi-10.3-2021.10/bin/../lib/gcc/arm-none-eabi/10.3.1/../../../../arm-none-eabi/lib/thumb/v7e-m/nofp\libg.a(lib_a-strtoull.o)
                0x0800ca2c                _strtoull_r
 .text.__ssprint_r
                0x0800ca30       0xf8 d:/stm32cubemx/gcc-arm-none-eabi-10.3-2021.10-win32/gcc-arm-none-eabi-10.3-2021.10/bin/../lib/gcc/arm-none-eabi/10.3.1/../../../../arm-none-eabi/lib/thumb/v7e-m/nofp\libg.a(lib_a-svfiprintf.o)
                0x0800ca30                __ssprint_r
 .text._sungetc_r
                0x0800cb28       0x80 d:/stm32cubemx/gcc-arm-none-eabi-10.3-2021.10-win32/gcc-arm-none-eabi-10.3-2021.10/bin/../lib/gcc/arm-none-eabi/10.3.1/../../../../arm-none-eabi/lib/thumb/v7e-m/nofp\libg.a(lib_a-svfiscanf.o)
                0x0800cb28                _sungetc_r
 .text.__ssrefill_r
                0x0800cba8       0x3c d:/stm32cubemx/gcc-arm-none-eabi-10.3-2021.10-win32/gcc-arm-none-eabi-10.3-2021.10/bin/../lib/gcc/arm-none-eabi/10.3.1/../../../../arm-none-eabi/lib/thumb/v7e-m/nofp\libg.a(lib_a-svfiscanf.o)
                0x0800cba8                __ssrefill_r
 .text._sfread_r
                0x0800cbe4       0xb4 d:/stm32cubemx/gcc-arm-none-eabi-10.3-2021.10-win32/gcc-arm-none-eabi-10.3-2021.10/bin/../lib/gcc/arm-none-eabi/10.3.1/../../../../arm-none-eabi/lib/thumb/v7e-m/nofp\libg.a(lib_a-svfiscanf.o)
                0x0800cbe4                _sfread_r
 .text.__submore
                0x0800cc98       0x78 d:/stm32cubemx/gcc-arm-none-eabi-10.3-2021.10-win32/gcc-arm-none-eabi-10.3-2021.10/bin/../lib/gcc/arm-none-eabi/10.3.1/../../../../arm-none-eabi/lib/thumb/v7e-m/nofp\libg.a(lib_a-ungetc.o)
                0x0800cc98                __submore
 .text.__ascii_wctomb
                0x0800cd10       0x1c d:/stm32cubemx/gcc-arm-none-eabi-10.3-2021.10-win32/gcc-arm-none-eabi-10.3-2021.10/bin/../lib/gcc/arm-none-eabi/10.3.1/../../../../arm-none-eabi/lib/thumb/v7e-m/nofp\libg.a(lib_a-wctomb_r.o)
                0x0800cd10                __ascii_wctomb
 .text.__register_exitproc
                0x0800cd2c       0x8c d:/stm32cubemx/gcc-arm-none-eabi-10.3-2021.10-win32/gcc-arm-none-eabi-10.3-2021.10/bin/../lib/gcc/arm-none-eabi/10.3.1/../../../../arm-none-eabi/lib/thumb/v7e-m/nofp\libg.a(lib_a-__atexit.o)
                0x0800cd2c                __register_exitproc
 .text.__assert_func
                0x0800cdb8       0x40 d:/stm32cubemx/gcc-arm-none-eabi-10.3-2021.10-win32/gcc-arm-none-eabi-10.3-2021.10/bin/../lib/gcc/arm-none-eabi/10.3.1/../../../../arm-none-eabi/lib/thumb/v7e-m/nofp\libg.a(lib_a-assert.o)
                0x0800cdb8                __assert_func
 .text._calloc_r
                0x0800cdf8       0x78 d:/stm32cubemx/gcc-arm-none-eabi-10.3-2021.10-win32/gcc-arm-none-eabi-10.3-2021.10/bin/../lib/gcc/arm-none-eabi/10.3.1/../../../../arm-none-eabi/lib/thumb/v7e-m/nofp\libg.a(lib_a-callocr.o)
                0x0800cdf8                _calloc_r
 .text.__sflush_r
                0x0800ce70      0x120 d:/stm32cubemx/gcc-arm-none-eabi-10.3-2021.10-win32/gcc-arm-none-eabi-10.3-2021.10/bin/../lib/gcc/arm-none-eabi/10.3.1/../../../../arm-none-eabi/lib/thumb/v7e-m/nofp\libg.a(lib_a-fflush.o)
                0x0800ce70                __sflush_r
 .text._fflush_r
                0x0800cf90       0x5c d:/stm32cubemx/gcc-arm-none-eabi-10.3-2021.10-win32/gcc-arm-none-eabi-10.3-2021.10/bin/../lib/gcc/arm-none-eabi/10.3.1/../../../../arm-none-eabi/lib/thumb/v7e-m/nofp\libg.a(lib_a-fflush.o)
                0x0800cf90                _fflush_r
 .text._cleanup_r
                0x0800cfec        0xc d:/stm32cubemx/gcc-arm-none-eabi-10.3-2021.10-win32/gcc-arm-none-eabi-10.3-2021.10/bin/../lib/gcc/arm-none-eabi/10.3.1/../../../../arm-none-eabi/lib/thumb/v7e-m/nofp\libg.a(lib_a-findfp.o)
                0x0800cfec                _cleanup_r
 .text.__sinit  0x0800cff8      0x10c d:/stm32cubemx/gcc-arm-none-eabi-10.3-2021.10-win32/gcc-arm-none-eabi-10.3-2021.10/bin/../lib/gcc/arm-none-eabi/10.3.1/../../../../arm-none-eabi/lib/thumb/v7e-m/nofp\libg.a(lib_a-findfp.o)
                0x0800cff8                __sinit
 .text.__sfp_lock_acquire
                0x0800d104        0xc d:/stm32cubemx/gcc-arm-none-eabi-10.3-2021.10-win32/gcc-arm-none-eabi-10.3-2021.10/bin/../lib/gcc/arm-none-eabi/10.3.1/../../../../arm-none-eabi/lib/thumb/v7e-m/nofp\libg.a(lib_a-findfp.o)
                0x0800d104                __sfp_lock_acquire
 .text.__sfp_lock_release
                0x0800d110        0xc d:/stm32cubemx/gcc-arm-none-eabi-10.3-2021.10-win32/gcc-arm-none-eabi-10.3-2021.10/bin/../lib/gcc/arm-none-eabi/10.3.1/../../../../arm-none-eabi/lib/thumb/v7e-m/nofp\libg.a(lib_a-findfp.o)
                0x0800d110                __sfp_lock_release
 .text.fiprintf
                0x0800d11c       0x28 d:/stm32cubemx/gcc-arm-none-eabi-10.3-2021.10-win32/gcc-arm-none-eabi-10.3-2021.10/bin/../lib/gcc/arm-none-eabi/10.3.1/../../../../arm-none-eabi/lib/thumb/v7e-m/nofp\libg.a(lib_a-fiprintf.o)
                0x0800d11c                fiprintf
 .text._fwalk_reent
                0x0800d144       0x48 d:/stm32cubemx/gcc-arm-none-eabi-10.3-2021.10-win32/gcc-arm-none-eabi-10.3-2021.10/bin/../lib/gcc/arm-none-eabi/10.3.1/../../../../arm-none-eabi/lib/thumb/v7e-m/nofp\libg.a(lib_a-fwalk.o)
                0x0800d144                _fwalk_reent
 .text.rshift   0x0800d18c       0xa4 d:/stm32cubemx/gcc-arm-none-eabi-10.3-2021.10-win32/gcc-arm-none-eabi-10.3-2021.10/bin/../lib/gcc/arm-none-eabi/10.3.1/../../../../arm-none-eabi/lib/thumb/v7e-m/nofp\libg.a(lib_a-gdtoa-gethex.o)
 .text.__gethex
                0x0800d230      0x5bc d:/stm32cubemx/gcc-arm-none-eabi-10.3-2021.10-win32/gcc-arm-none-eabi-10.3-2021.10/bin/../lib/gcc/arm-none-eabi/10.3.1/../../../../arm-none-eabi/lib/thumb/v7e-m/nofp\libg.a(lib_a-gdtoa-gethex.o)
                0x0800d230                __gethex
 .text.__match  0x0800d7ec       0x34 d:/stm32cubemx/gcc-arm-none-eabi-10.3-2021.10-win32/gcc-arm-none-eabi-10.3-2021.10/bin/../lib/gcc/arm-none-eabi/10.3.1/../../../../arm-none-eabi/lib/thumb/v7e-m/nofp\libg.a(lib_a-gdtoa-hexnan.o)
                0x0800d7ec                __match
 .text.__hexnan
                0x0800d820      0x1ac d:/stm32cubemx/gcc-arm-none-eabi-10.3-2021.10-win32/gcc-arm-none-eabi-10.3-2021.10/bin/../lib/gcc/arm-none-eabi/10.3.1/../../../../arm-none-eabi/lib/thumb/v7e-m/nofp\libg.a(lib_a-gdtoa-hexnan.o)
                0x0800d820                __hexnan
 .text.memmove  0x0800d9cc       0xf8 d:/stm32cubemx/gcc-arm-none-eabi-10.3-2021.10-win32/gcc-arm-none-eabi-10.3-2021.10/bin/../lib/gcc/arm-none-eabi/10.3.1/../../../../arm-none-eabi/lib/thumb/v7e-m/nofp\libg.a(lib_a-memmove.o)
                0x0800d9cc                memmove
 .text.nan      0x0800dac4        0xc d:/stm32cubemx/gcc-arm-none-eabi-10.3-2021.10-win32/gcc-arm-none-eabi-10.3-2021.10/bin/../lib/gcc/arm-none-eabi/10.3.1/../../../../arm-none-eabi/lib/thumb/v7e-m/nofp\libg.a(lib_a-s_nan.o)
                0x0800dac4                nan
 .text.strncmp  0x0800dad0       0x80 d:/stm32cubemx/gcc-arm-none-eabi-10.3-2021.10-win32/gcc-arm-none-eabi-10.3-2021.10/bin/../lib/gcc/arm-none-eabi/10.3.1/../../../../arm-none-eabi/lib/thumb/v7e-m/nofp\libg.a(lib_a-strncmp.o)
                0x0800dad0                strncmp
 .text.__sprint_r.part.0
                0x0800db50       0x78 d:/stm32cubemx/gcc-arm-none-eabi-10.3-2021.10-win32/gcc-arm-none-eabi-10.3-2021.10/bin/../lib/gcc/arm-none-eabi/10.3.1/../../../../arm-none-eabi/lib/thumb/v7e-m/nofp\libg.a(lib_a-vfiprintf.o)
 .text._vfiprintf_r
                0x0800dbc8      0xda0 d:/stm32cubemx/gcc-arm-none-eabi-10.3-2021.10-win32/gcc-arm-none-eabi-10.3-2021.10/bin/../lib/gcc/arm-none-eabi/10.3.1/../../../../arm-none-eabi/lib/thumb/v7e-m/nofp\libg.a(lib_a-vfiprintf.o)
                0x0800dbc8                _vfiprintf_r
 .text.__sbprintf
                0x0800e968       0x80 d:/stm32cubemx/gcc-arm-none-eabi-10.3-2021.10-win32/gcc-arm-none-eabi-10.3-2021.10/bin/../lib/gcc/arm-none-eabi/10.3.1/../../../../arm-none-eabi/lib/thumb/v7e-m/nofp\libg.a(lib_a-vfiprintf.o)
 .text.__swsetup_r
                0x0800e9e8       0xd4 d:/stm32cubemx/gcc-arm-none-eabi-10.3-2021.10-win32/gcc-arm-none-eabi-10.3-2021.10/bin/../lib/gcc/arm-none-eabi/10.3.1/../../../../arm-none-eabi/lib/thumb/v7e-m/nofp\libg.a(lib_a-wsetup.o)
                0x0800e9e8                __swsetup_r
 .text.abort    0x0800eabc       0x10 d:/stm32cubemx/gcc-arm-none-eabi-10.3-2021.10-win32/gcc-arm-none-eabi-10.3-2021.10/bin/../lib/gcc/arm-none-eabi/10.3.1/../../../../arm-none-eabi/lib/thumb/v7e-m/nofp\libg.a(lib_a-abort.o)
                0x0800eabc                abort
 .text._fclose_r
                0x0800eacc       0xcc d:/stm32cubemx/gcc-arm-none-eabi-10.3-2021.10-win32/gcc-arm-none-eabi-10.3-2021.10/bin/../lib/gcc/arm-none-eabi/10.3.1/../../../../arm-none-eabi/lib/thumb/v7e-m/nofp\libg.a(lib_a-fclose.o)
                0x0800eacc                _fclose_r
 .text.__fputwc
                0x0800eb98       0xa8 d:/stm32cubemx/gcc-arm-none-eabi-10.3-2021.10-win32/gcc-arm-none-eabi-10.3-2021.10/bin/../lib/gcc/arm-none-eabi/10.3.1/../../../../arm-none-eabi/lib/thumb/v7e-m/nofp\libg.a(lib_a-fputwc.o)
                0x0800eb98                __fputwc
 .text._fputwc_r
                0x0800ec40       0x68 d:/stm32cubemx/gcc-arm-none-eabi-10.3-2021.10-win32/gcc-arm-none-eabi-10.3-2021.10/bin/../lib/gcc/arm-none-eabi/10.3.1/../../../../arm-none-eabi/lib/thumb/v7e-m/nofp\libg.a(lib_a-fputwc.o)
                0x0800ec40                _fputwc_r
 .text.__sfvwrite_r
                0x0800eca8      0x2e8 d:/stm32cubemx/gcc-arm-none-eabi-10.3-2021.10-win32/gcc-arm-none-eabi-10.3-2021.10/bin/../lib/gcc/arm-none-eabi/10.3.1/../../../../arm-none-eabi/lib/thumb/v7e-m/nofp\libg.a(lib_a-fvwrite.o)
                0x0800eca8                __sfvwrite_r
 .text.__smakebuf_r
                0x0800ef90       0xe0 d:/stm32cubemx/gcc-arm-none-eabi-10.3-2021.10-win32/gcc-arm-none-eabi-10.3-2021.10/bin/../lib/gcc/arm-none-eabi/10.3.1/../../../../arm-none-eabi/lib/thumb/v7e-m/nofp\libg.a(lib_a-makebuf.o)
                0x0800ef90                __smakebuf_r
 .text.raise    0x0800f070       0x5c d:/stm32cubemx/gcc-arm-none-eabi-10.3-2021.10-win32/gcc-arm-none-eabi-10.3-2021.10/bin/../lib/gcc/arm-none-eabi/10.3.1/../../../../arm-none-eabi/lib/thumb/v7e-m/nofp\libg.a(lib_a-signal.o)
                0x0800f070                raise
 .text._kill_r  0x0800f0cc       0x2c d:/stm32cubemx/gcc-arm-none-eabi-10.3-2021.10-win32/gcc-arm-none-eabi-10.3-2021.10/bin/../lib/gcc/arm-none-eabi/10.3.1/../../../../arm-none-eabi/lib/thumb/v7e-m/nofp\libg.a(lib_a-signalr.o)
                0x0800f0cc                _kill_r
 .text._getpid_r
                0x0800f0f8        0x4 d:/stm32cubemx/gcc-arm-none-eabi-10.3-2021.10-win32/gcc-arm-none-eabi-10.3-2021.10/bin/../lib/gcc/arm-none-eabi/10.3.1/../../../../arm-none-eabi/lib/thumb/v7e-m/nofp\libg.a(lib_a-signalr.o)
                0x0800f0f8                _getpid_r
 .text.__swbuf_r
                0x0800f0fc       0xb0 d:/stm32cubemx/gcc-arm-none-eabi-10.3-2021.10-win32/gcc-arm-none-eabi-10.3-2021.10/bin/../lib/gcc/arm-none-eabi/10.3.1/../../../../arm-none-eabi/lib/thumb/v7e-m/nofp\libg.a(lib_a-wbuf.o)
                0x0800f0fc                __swbuf_r
 .text._wcrtomb_r
                0x0800f1ac       0x3c d:/stm32cubemx/gcc-arm-none-eabi-10.3-2021.10-win32/gcc-arm-none-eabi-10.3-2021.10/bin/../lib/gcc/arm-none-eabi/10.3.1/../../../../arm-none-eabi/lib/thumb/v7e-m/nofp\libg.a(lib_a-wcrtomb.o)
                0x0800f1ac                _wcrtomb_r
 .text._fstat_r
                0x0800f1e8       0x2c d:/stm32cubemx/gcc-arm-none-eabi-10.3-2021.10-win32/gcc-arm-none-eabi-10.3-2021.10/bin/../lib/gcc/arm-none-eabi/10.3.1/../../../../arm-none-eabi/lib/thumb/v7e-m/nofp\libg.a(lib_a-fstatr.o)
                0x0800f1e8                _fstat_r
 .text._isatty_r
                0x0800f214       0x24 d:/stm32cubemx/gcc-arm-none-eabi-10.3-2021.10-win32/gcc-arm-none-eabi-10.3-2021.10/bin/../lib/gcc/arm-none-eabi/10.3.1/../../../../arm-none-eabi/lib/thumb/v7e-m/nofp\libg.a(lib_a-isattyr.o)
                0x0800f214                _isatty_r
 *(.glue_7)
 .glue_7        0x0800f238        0x0 linker stubs
 *(.glue_7t)
 .glue_7t       0x0800f238        0x0 linker stubs
 *(.eh_frame)
 .eh_frame      0x0800f238        0x0 d:/stm32cubemx/gcc-arm-none-eabi-10.3-2021.10-win32/gcc-arm-none-eabi-10.3-2021.10/bin/../lib/gcc/arm-none-eabi/10.3.1/thumb/v7e-m/nofp/crtbegin.o
 *(.init)
 .init          0x0800f238        0x4 d:/stm32cubemx/gcc-arm-none-eabi-10.3-2021.10-win32/gcc-arm-none-eabi-10.3-2021.10/bin/../lib/gcc/arm-none-eabi/10.3.1/thumb/v7e-m/nofp/crti.o
                0x0800f238                _init
 .init          0x0800f23c        0x8 d:/stm32cubemx/gcc-arm-none-eabi-10.3-2021.10-win32/gcc-arm-none-eabi-10.3-2021.10/bin/../lib/gcc/arm-none-eabi/10.3.1/thumb/v7e-m/nofp/crtn.o
 *(.fini)
 .fini          0x0800f244        0x4 d:/stm32cubemx/gcc-arm-none-eabi-10.3-2021.10-win32/gcc-arm-none-eabi-10.3-2021.10/bin/../lib/gcc/arm-none-eabi/10.3.1/thumb/v7e-m/nofp/crti.o
                0x0800f244                _fini
 .fini          0x0800f248        0x8 d:/stm32cubemx/gcc-arm-none-eabi-10.3-2021.10-win32/gcc-arm-none-eabi-10.3-2021.10/bin/../lib/gcc/arm-none-eabi/10.3.1/thumb/v7e-m/nofp/crtn.o
                0x0800f250                . = ALIGN (0x4)
                0x0800f250                _etext = .

.vfp11_veneer   0x0800f250        0x0
 .vfp11_veneer  0x0800f250        0x0 linker stubs

.v4_bx          0x0800f250        0x0
 .v4_bx         0x0800f250        0x0 linker stubs

.iplt           0x0800f250        0x0
 .iplt          0x0800f250        0x0 d:/stm32cubemx/gcc-arm-none-eabi-10.3-2021.10-win32/gcc-arm-none-eabi-10.3-2021.10/bin/../lib/gcc/arm-none-eabi/10.3.1/thumb/v7e-m/nofp/crtbegin.o

.rodata         0x0800f250      0x714
                0x0800f250                . = ALIGN (0x4)
 *(.rodata)
 *(.rodata*)
 .rodata.AHBPrescTable
                0x0800f250       0x10 CMakeFiles/M3508_Motor_Control.elf.dir/Core/Src/system_stm32g4xx.c.obj
                0x0800f250                AHBPrescTable
 .rodata.APBPrescTable
                0x0800f260        0x8 CMakeFiles/M3508_Motor_Control.elf.dir/Core/Src/system_stm32g4xx.c.obj
                0x0800f260                APBPrescTable
 .rodata.VOFA_ProcessCommand.str1.4
                0x0800f268       0x82 CMakeFiles/M3508_Motor_Control.elf.dir/Core/Src/vofa_protocol.c.obj
 *fill*         0x0800f2ea        0x2 
 .rodata.VOFA_SendData.str1.4
                0x0800f2ec       0x1a CMakeFiles/M3508_Motor_Control.elf.dir/Core/Src/vofa_protocol.c.obj
 *fill*         0x0800f306        0x2 
 .rodata.DLCtoBytes
                0x0800f308       0x10 CMakeFiles/M3508_Motor_Control.elf.dir/Drivers/STM32G4xx_HAL_Driver/Src/stm32g4xx_hal_fdcan.c.obj
 .rodata.UARTPrescTable
                0x0800f318       0x18 CMakeFiles/M3508_Motor_Control.elf.dir/Drivers/STM32G4xx_HAL_Driver/Src/stm32g4xx_hal_uart.c.obj
                0x0800f318                UARTPrescTable
 .rodata.denominator.0
                0x0800f330        0x8 CMakeFiles/M3508_Motor_Control.elf.dir/Drivers/STM32G4xx_HAL_Driver/Src/stm32g4xx_hal_uart_ex.c.obj
 .rodata.numerator.1
                0x0800f338        0x8 CMakeFiles/M3508_Motor_Control.elf.dir/Drivers/STM32G4xx_HAL_Driver/Src/stm32g4xx_hal_uart_ex.c.obj
 .rodata._global_impure_ptr
                0x0800f340        0x4 d:/stm32cubemx/gcc-arm-none-eabi-10.3-2021.10-win32/gcc-arm-none-eabi-10.3-2021.10/bin/../lib/gcc/arm-none-eabi/10.3.1/../../../../arm-none-eabi/lib/thumb/v7e-m/nofp\libg.a(lib_a-impure.o)
                0x0800f340                _global_impure_ptr
 .rodata._svfprintf_r.str1.4
                0x0800f344       0x42 d:/stm32cubemx/gcc-arm-none-eabi-10.3-2021.10-win32/gcc-arm-none-eabi-10.3-2021.10/bin/../lib/gcc/arm-none-eabi/10.3.1/../../../../arm-none-eabi/lib/thumb/v7e-m/nofp\libg.a(lib_a-svfprintf.o)
 *fill*         0x0800f386        0x2 
 .rodata.blanks.1
                0x0800f388       0x10 d:/stm32cubemx/gcc-arm-none-eabi-10.3-2021.10-win32/gcc-arm-none-eabi-10.3-2021.10/bin/../lib/gcc/arm-none-eabi/10.3.1/../../../../arm-none-eabi/lib/thumb/v7e-m/nofp\libg.a(lib_a-svfprintf.o)
 .rodata.zeroes.0
                0x0800f398       0x10 d:/stm32cubemx/gcc-arm-none-eabi-10.3-2021.10-win32/gcc-arm-none-eabi-10.3-2021.10/bin/../lib/gcc/arm-none-eabi/10.3.1/../../../../arm-none-eabi/lib/thumb/v7e-m/nofp\libg.a(lib_a-svfprintf.o)
 .rodata.__ssvfscanf_r.str1.4
                0x0800f3a8        0x5 d:/stm32cubemx/gcc-arm-none-eabi-10.3-2021.10-win32/gcc-arm-none-eabi-10.3-2021.10/bin/../lib/gcc/arm-none-eabi/10.3.1/../../../../arm-none-eabi/lib/thumb/v7e-m/nofp\libg.a(lib_a-svfscanf.o)
                                  0x9 (size before relaxing)
 *fill*         0x0800f3ad        0x3 
 .rodata.basefix.0
                0x0800f3b0       0x22 d:/stm32cubemx/gcc-arm-none-eabi-10.3-2021.10-win32/gcc-arm-none-eabi-10.3-2021.10/bin/../lib/gcc/arm-none-eabi/10.3.1/../../../../arm-none-eabi/lib/thumb/v7e-m/nofp\libg.a(lib_a-svfscanf.o)
 *fill*         0x0800f3d2        0x2 
 .rodata._ctype_
                0x0800f3d4      0x101 d:/stm32cubemx/gcc-arm-none-eabi-10.3-2021.10-win32/gcc-arm-none-eabi-10.3-2021.10/bin/../lib/gcc/arm-none-eabi/10.3.1/../../../../arm-none-eabi/lib/thumb/v7e-m/nofp\libg.a(lib_a-ctype_.o)
                0x0800f3d4                _ctype_
 *fill*         0x0800f4d5        0x3 
 .rodata._dtoa_r.str1.4
                0x0800f4d8       0xa2 d:/stm32cubemx/gcc-arm-none-eabi-10.3-2021.10-win32/gcc-arm-none-eabi-10.3-2021.10/bin/../lib/gcc/arm-none-eabi/10.3.1/../../../../arm-none-eabi/lib/thumb/v7e-m/nofp\libg.a(lib_a-dtoa.o)
                                 0xa6 (size before relaxing)
 *fill*         0x0800f57a        0x2 
 .rodata._setlocale_r.str1.4
                0x0800f57c        0xa d:/stm32cubemx/gcc-arm-none-eabi-10.3-2021.10-win32/gcc-arm-none-eabi-10.3-2021.10/bin/../lib/gcc/arm-none-eabi/10.3.1/../../../../arm-none-eabi/lib/thumb/v7e-m/nofp\libg.a(lib_a-locale.o)
                                  0xd (size before relaxing)
 *fill*         0x0800f586        0x2 
 .rodata.str1.4
                0x0800f588        0x2 d:/stm32cubemx/gcc-arm-none-eabi-10.3-2021.10-win32/gcc-arm-none-eabi-10.3-2021.10/bin/../lib/gcc/arm-none-eabi/10.3.1/../../../../arm-none-eabi/lib/thumb/v7e-m/nofp\libg.a(lib_a-locale.o)
 .rodata._mbrtowc_r.str1.4
                0x0800f58a        0x1 d:/stm32cubemx/gcc-arm-none-eabi-10.3-2021.10-win32/gcc-arm-none-eabi-10.3-2021.10/bin/../lib/gcc/arm-none-eabi/10.3.1/../../../../arm-none-eabi/lib/thumb/v7e-m/nofp\libg.a(lib_a-mbrtowc.o)
 *fill*         0x0800f58a        0x2 
 .rodata.__multadd.str1.4
                0x0800f58c       0x7f d:/stm32cubemx/gcc-arm-none-eabi-10.3-2021.10-win32/gcc-arm-none-eabi-10.3-2021.10/bin/../lib/gcc/arm-none-eabi/10.3.1/../../../../arm-none-eabi/lib/thumb/v7e-m/nofp\libg.a(lib_a-mprec.o)
                                 0x93 (size before relaxing)
 *fill*         0x0800f60b        0x5 
 .rodata.__mprec_bigtens
                0x0800f610       0x28 d:/stm32cubemx/gcc-arm-none-eabi-10.3-2021.10-win32/gcc-arm-none-eabi-10.3-2021.10/bin/../lib/gcc/arm-none-eabi/10.3.1/../../../../arm-none-eabi/lib/thumb/v7e-m/nofp\libg.a(lib_a-mprec.o)
                0x0800f610                __mprec_bigtens
 .rodata.__mprec_tens
                0x0800f638       0xc8 d:/stm32cubemx/gcc-arm-none-eabi-10.3-2021.10-win32/gcc-arm-none-eabi-10.3-2021.10/bin/../lib/gcc/arm-none-eabi/10.3.1/../../../../arm-none-eabi/lib/thumb/v7e-m/nofp\libg.a(lib_a-mprec.o)
                0x0800f638                __mprec_tens
 .rodata.p05.0  0x0800f700        0xc d:/stm32cubemx/gcc-arm-none-eabi-10.3-2021.10-win32/gcc-arm-none-eabi-10.3-2021.10/bin/../lib/gcc/arm-none-eabi/10.3.1/../../../../arm-none-eabi/lib/thumb/v7e-m/nofp\libg.a(lib_a-mprec.o)
 .rodata._strtod_l.str1.4
                0x0800f70c        0xf d:/stm32cubemx/gcc-arm-none-eabi-10.3-2021.10-win32/gcc-arm-none-eabi-10.3-2021.10/bin/../lib/gcc/arm-none-eabi/10.3.1/../../../../arm-none-eabi/lib/thumb/v7e-m/nofp\libg.a(lib_a-strtod.o)
                                 0x11 (size before relaxing)
 *fill*         0x0800f71b        0x1 
 .rodata.fpi.1  0x0800f71c       0x14 d:/stm32cubemx/gcc-arm-none-eabi-10.3-2021.10-win32/gcc-arm-none-eabi-10.3-2021.10/bin/../lib/gcc/arm-none-eabi/10.3.1/../../../../arm-none-eabi/lib/thumb/v7e-m/nofp\libg.a(lib_a-strtod.o)
 .rodata.fpinan.0
                0x0800f730       0x14 d:/stm32cubemx/gcc-arm-none-eabi-10.3-2021.10-win32/gcc-arm-none-eabi-10.3-2021.10/bin/../lib/gcc/arm-none-eabi/10.3.1/../../../../arm-none-eabi/lib/thumb/v7e-m/nofp\libg.a(lib_a-strtod.o)
 *fill*         0x0800f744        0x4 
 .rodata.tinytens
                0x0800f748       0x28 d:/stm32cubemx/gcc-arm-none-eabi-10.3-2021.10-win32/gcc-arm-none-eabi-10.3-2021.10/bin/../lib/gcc/arm-none-eabi/10.3.1/../../../../arm-none-eabi/lib/thumb/v7e-m/nofp\libg.a(lib_a-strtod.o)
 .rodata.__assert_func.str1.4
                0x0800f770       0x3f d:/stm32cubemx/gcc-arm-none-eabi-10.3-2021.10-win32/gcc-arm-none-eabi-10.3-2021.10/bin/../lib/gcc/arm-none-eabi/10.3.1/../../../../arm-none-eabi/lib/thumb/v7e-m/nofp\libg.a(lib_a-assert.o)
                                 0x43 (size before relaxing)
 *fill*         0x0800f7af        0x1 
 .rodata.__gethex.str1.4
                0x0800f7b0       0x86 d:/stm32cubemx/gcc-arm-none-eabi-10.3-2021.10-win32/gcc-arm-none-eabi-10.3-2021.10/bin/../lib/gcc/arm-none-eabi/10.3.1/../../../../arm-none-eabi/lib/thumb/v7e-m/nofp\libg.a(lib_a-gdtoa-gethex.o)
                                 0x9a (size before relaxing)
 *fill*         0x0800f836        0x2 
 .rodata.__hexdig
                0x0800f838      0x100 d:/stm32cubemx/gcc-arm-none-eabi-10.3-2021.10-win32/gcc-arm-none-eabi-10.3-2021.10/bin/../lib/gcc/arm-none-eabi/10.3.1/../../../../arm-none-eabi/lib/thumb/v7e-m/nofp\libg.a(lib_a-gdtoa-gethex.o)
                0x0800f838                __hexdig
 .rodata.str1.4
                0x0800f938        0x5 d:/stm32cubemx/gcc-arm-none-eabi-10.3-2021.10-win32/gcc-arm-none-eabi-10.3-2021.10/bin/../lib/gcc/arm-none-eabi/10.3.1/../../../../arm-none-eabi/lib/thumb/v7e-m/nofp\libg.a(lib_a-lnumeric.o)
 .rodata._C_numeric_locale
                0x0800f938        0xc d:/stm32cubemx/gcc-arm-none-eabi-10.3-2021.10-win32/gcc-arm-none-eabi-10.3-2021.10/bin/../lib/gcc/arm-none-eabi/10.3.1/../../../../arm-none-eabi/lib/thumb/v7e-m/nofp\libg.a(lib_a-lnumeric.o)
                0x0800f938                _C_numeric_locale
 .rodata._vfiprintf_r.str1.4
                0x0800f944       0x2f d:/stm32cubemx/gcc-arm-none-eabi-10.3-2021.10-win32/gcc-arm-none-eabi-10.3-2021.10/bin/../lib/gcc/arm-none-eabi/10.3.1/../../../../arm-none-eabi/lib/thumb/v7e-m/nofp\libg.a(lib_a-vfiprintf.o)
 .rodata.blanks.1